🧪 Testing Executive Summary Locally...
📊 Loaded CSV file: 515573 characters
🔍 Running analysis...
🧠 Starting Daily Helpdesk Intelligence Engine...
🔍 DEBUG: About to debug CSV content
🔍 Parsing CSV content...
✅ Parsed 178 records
📋 Columns found: [
  '﻿IssueID',
  'IssueDate',
  'Submitted_By',
  'Tech_Assigned',
  'Subject',
  'Ticket_Body',
  'Current_Status',
  'Priority',
  'StartDate',
  'DueDate',
  'comments'
]
📊 Analysis Results:
   Total: 178
   Valid: 178
   Open: 178
   Date Issues: 0
🔍 CSV ANALYSIS: {
  "contentInfo": {
    "type": "string",
    "length": 515573,
    "firstChars": "﻿IssueID,IssueDate,Submitted_By,Tech_Assigned,Subject,Ticket_Body,Current_Status,Priority,StartDate,"
  },
  "parsing": {
    "success": true,
    "recordCount": 178,
    "columns": [
      "﻿IssueID",
      "IssueDate",
      "Submitted_By",
      "Tech_Assigned",
      "Subject",
      "Ticket_Body",
      "Current_Status",
      "Priority",
      "StartDate",
      "DueDate",
      "comments"
    ],
    "sampleRecords": [
      {
        "﻿IssueID": "135036",
        "IssueDate": "2025-08-25 07:15:21",
        "Submitted_By": "SQLalerts@banyancenters.com",
        "Tech_Assigned": "",
        "Subject": "! CheckMk - Lunch Swipe Badge Readers not ONLINE !",
        "Ticket_Body": "Hi Team,\nBelow mentioned Lunch swipe badge readers are not ONLINE.\nPlease make sure they are back online before the automated Lunch swipe report is generated on Monday at 9:00AM.\nReader_Name\nReader_Status\nGBR_BadgeReader_Lunch\nNot Online\nHRT_BadgeReader_Lunch - HEARTLAND\nNot Online\n-\nSQL Alerts\nPhone:\nEmail:\nsqlalerts@banyancenters.com\n,\nThe information contained in this transmission may contain privileged and confidential information and is property of Banyan Treatment Centers, including patient information protected by federal and state privacy laws. It is intended only for the use of the\r\n person(s) named above. If you are not the intended recipient, you are hereby notified that any review, dissemination, distribution, or duplication of this communication is strictly prohibited. If you are not the intended recipient, please contact the sender\r\n by reply email and destroy all copies of the original message.",
        "Current_Status": "New",
        "Priority": "High",
        "StartDate": "",
        "DueDate": "",
        "comments": "08/25/2025 07:15 : SQLalerts@banyancenters.com : Non-Technician : New ticket submitted via\nEmail"
      },
      {
        "﻿IssueID": "135034",
        "IssueDate": "2025-08-25 05:05:36",
        "Submitted_By": "SQLalerts@banyancenters.com",
        "Tech_Assigned": "bhopb\\adnan.tamboli",
        "Subject": "! ACTION REQUIRED ! REVIEW THESE AD ACCOUNTS",
        "Ticket_Body": "HI TEAM,\nBelow is the list of employees with ACTIVE AD account, but has Terminated status in UKG\nLast Name\nFirst Name\nAccountName\nUserPrincipalName\nTitle\nEmployeeID\nUKG_EmployeeStatus\nTerminationDate\nWilliams\nZackery\nzackery.williams\nzackery.williams@banyancenters.com\nTherapist\n006320\nTerminated\n11/20/2022 12:00:00 AM\nBelow is the list of employees with ACTIVE AD account, but has Long Leave/Suspended/Other status in UKG\nLast Name\nFirst Name\nAccountName\nUserPrincipalName\nTitle\nEmployeeID\nUKG_EmployeeStatus\nTerminationDate\nBarnes\nLee\nlee.barnes\nlee.barnes@banyancenters.com\nExecutive Director\n008083\nLong_Leave\n-\nSQL Alerts\nPhone:\nEmail:\nsqlalerts@banyancenters.com\n,\nThe information contained in this transmission may contain privileged and confidential information and is property of Banyan Treatment Centers, including patient information protected by federal and state privacy laws. It is intended only for the use of the\r\n person(s) named above. If you are not the intended recipient, you are hereby notified that any review, dissemination, distribution, or duplication of this communication is strictly prohibited. If you are not the intended recipient, please contact the sender\r\n by reply email and destroy all copies of the original message.",
        "Current_Status": "New",
        "Priority": "Normal",
        "StartDate": "",
        "DueDate": "",
        "comments": "08/25/2025 05:59 : BHOPB\\rmoll : Technician : The ticket has been assigned to technician: Adnan Tamboli\n08/25/2025 05:05 : SQLalerts@banyancenters.com : Non-Technician : New ticket submitted via\nEmail"
      },
      {
        "﻿IssueID": "135032",
        "IssueDate": "2025-08-25 00:00:00",
        "Submitted_By": "BHOPB\\jscheringer",
        "Tech_Assigned": "bhopb\\dhruv.sharma",
        "Subject": "[Security] Check DC1 NETLOGON Logs for Access Attempts",
        "Ticket_Body": "C:\\windows\\debug\\netlogon.log should be checked for IPs outside of our ranges. Eventviewer can also be checked for EventID 5807",
        "Current_Status": "New",
        "Priority": "Critical",
        "StartDate": "",
        "DueDate": "2034-12-02 03:39:00",
        "comments": "08/25/2025 00:00 : BHOPB\\jscheringer : Technician : New ticket submitted via\nScheduler\nThe ticket has been assigned to technician: bhopb\\dhruv.sharma"
      },
      {
        "﻿IssueID": "135030",
        "IssueDate": "2025-08-24 21:34:56",
        "Submitted_By": "cheryl.pfeffer@banyancenters.com",
        "Tech_Assigned": "bhopb\\love.shah",
        "Subject": "Reuben Holliman",
        "Ticket_Body": "Hello Help Desk:\nPlease remove Reuben Holliman from pompanotherapists and pompanoclinical, as he is no longer working at pompano but banyan telehealth.\nThank you\nCheryl\nCheryl Pfeffer, LMHC, CAP\nClinical Director\nPhone:\n(954) 533-7705\ncheryl.pfeffer@banyancenters.com\nwww.banyantreatmentcenters.com\n950 N Federal Hwy #216\nPompano Beach FL 33062\nThe information contained in this transmission may contain privileged and confidential information, including patient information protected by federal and state privacy laws. It is intended only for the use of the person(s) named above. If you are not the intended\r\n recipient, you are hereby notified that any review, dissemination, distribution, or duplication of this communication is strictly prohibited. If you are not the intended recipient, please contact the sender by reply email and destroy all copies of the original\r\n message.",
        "Current_Status": "New",
        "Priority": "Normal",
        "StartDate": "",
        "DueDate": "",
        "comments": "08/25/2025 04:12 : BHOPB\\rmoll : Technician : The ticket has been assigned to technician: Love Shah\n08/24/2025 21:34 : cheryl.pfeffer@banyancenters.com : Non-Technician : New ticket submitted via\nEmail"
      },
      {
        "﻿IssueID": "135028",
        "IssueDate": "2025-08-24 16:45:56",
        "Submitted_By": "ebony.white@banyancenters.com",
        "Tech_Assigned": "bhopb\\adnan.tamboli",
        "Subject": "PinPad for signatures-",
        "Ticket_Body": "Pin pad for client signatures not set up for new computer. Pin pad Notworking\nThank You,\n-\nEbony White\nCase Manager\nPhone:\n(760) 616-5800\nEmail:\nebony.white@banyancenters.com\n73771 Dinah Shore Drive\nCathedral City, CA 92234\nThe information contained in this transmission may contain privileged and confidential information and is property of Banyan Treatment Centers, including patient information protected by federal and state privacy laws. It is intended only for the use of the\r\n person(s) named above. If you are not the intended recipient, you are hereby notified that any review, dissemination, distribution, or duplication of this communication is strictly prohibited. If you are not the intended recipient, please contact the sender\r\n by reply email and destroy all copies of the original message.",
        "Current_Status": "New",
        "Priority": "Normal",
        "StartDate": "",
        "DueDate": "",
        "comments": "08/25/2025 04:12 : BHOPB\\rmoll : Technician : The ticket has been assigned to technician: Adnan Tamboli\n08/24/2025 16:45 : ebony.white@banyancenters.com : Non-Technician : New ticket submitted via\nEmail"
      }
    ],
    "errors": []
  },
  "ticketAnalysis": {
    "totalTickets": 178,
    "validTickets": 178,
    "openTickets": 178,
    "dateIssues": 0,
    "fieldIssues": []
  }
}
🔍 DEBUG: About to parse CSV content with CSVParser
📊 Parsing CSV content...
🔍 DEBUG: CSV content type: string
🔍 DEBUG: CSV content length: 515573
🔍 DEBUG: First 500 chars: ﻿IssueID,IssueDate,Submitted_By,Tech_Assigned,Subject,Ticket_Body,Current_Status,Priority,StartDate,DueDate,comments
135036,2025-08-25 07:15:21,SQLalerts@banyancenters.com,,! CheckMk - Lunch Swipe Badge Readers not ONLINE !,"Hi Team,
Below mentioned Lunch swipe badge readers are not ONLINE.
Please make sure they are back online before the automated Lunch swipe report is generated on Monday at 9:00AM.
Reader_Name
Reader_Status
GBR_BadgeReader_Lunch
Not Online
HRT_BadgeReader_Lunch - HEARTLAND
No
✅ Parsed 178 records from CSV content
🔍 DEBUG: First record keys: [
  '﻿IssueID',
  'IssueDate',
  'Submitted_By',
  'Tech_Assigned',
  'Subject',
  'Ticket_Body',
  'Current_Status',
  'Priority',
  'StartDate',
  'DueDate',
  'comments'
]
🔍 DEBUG: First record sample: {
  "﻿IssueID": "135036",
  "IssueDate": "2025-08-25 07:15:21",
  "Submitted_By": "SQLalerts@banyancenters.com",
  "Tech_Assigned": "",
  "Subject": "! CheckMk - Lunch Swipe Badge Readers not ONLINE !",
  "Ticket_Body": "Hi Team,\nBelow mentioned Lunch swipe badge readers are not ONLINE.\nPlease make sure they are back online before the automated Lunch swipe report is generated on Monday at 9:00AM.\nReader_Name\nReader_Status\nGBR_BadgeReader_Lunch\nNot Online\nHRT_BadgeReader_Lunch - HEARTLAND\nNot Online\n-\nSQL Alerts\nPhone:\nEmail:\nsqlalerts@banyancenters.com\n,\nThe information contained in this transmission may contain privileged and confidential information and is property of Banyan Treatment Centers, including patient information protected by federal and state privacy laws. It is intended only for the use of the\r\n person(s) named above. If you are not the intended recipient, you are hereby notified that any review, dissemination, distribution, or duplication of this communication is strictly prohibited. If you are not the intended recipient, please contact the sender\r\n by reply email and destroy all copies of the original message.",
  "Current_Status": "New",
  "Priority": "High",
  "StartDate": "",
  "DueDate": "",
  "comments": "08/25/2025 07:15 : SQLalerts@banyancenters.com : Non-Technician : New ticket submitted via\nEmail"
}
✅ Successfully processed 178 valid tickets

📊 BASIC TICKET STATS:
   Total tickets: 178
   With technician: 177
   Without technician: 1
   Recent (7 days): 42
   Status breakdown:
     New: 44
     In progress: 109
     Awaiting Customer Response: 11
     Shipped-Pending Delivery: 7
     Scheduled: 5
     Approved by Leadership: 2
   Priority breakdown:
     High: 4
     Normal: 166
     Critical: 7
     -1: 1

🔍 DEBUG: CSVParser completed, tickets found: 178
📊 CSV File Size: 515573 characters
📊 CSV Content: "﻿IssueID,IssueDate,Submitted_By,Tech_Assigned,Subject,Ticket_Body,Current_Status,Priority,StartDate,DueDate,comments
135036,2025-08-25 07:15:21,SQLalerts@banyancenters.com,,! CheckMk - Lunch Swipe Badge Readers not ONLINE !,"Hi Team,
Below mentioned Lunch swipe badge readers are not ONLINE.
Please make sure they are back online before the automated Lunch swipe report is generated on Monday at 9:00AM.
Reader_Name
Reader_Status
GBR_BadgeReader_Lunch
Not Online
HRT_BadgeReader_Lunch - HEARTLAND
Not Online
-
SQL Alerts
Phone:
Email:
sqlalerts@banyancenters.com
,
The information contained in this transmission may contain privileged and confidential information and is property of Banyan Treatment Centers, including patient information protected by federal and state privacy laws. It is intended only for the use of the
 person(s) named above. If you are not the intended recipient, you are hereby notified that any review, dissemination, distribution, or duplication of this communication is strictly prohibited. If you are not the intended recipient, please contact the sender
 by reply email and destroy all copies of the original message.",New,High,,,"08/25/2025 07:15 : SQLalerts@banyancenters.com : Non-Technician : New ticket submitted via
Email"
135034,2025-08-25 05:05:36,SQLalerts@banyancenters.com,bhopb\adnan.tamboli,! ACTION REQUIRED ! REVIEW THESE AD ACCOUNTS,"HI TEAM,
Below is the list of employees with ACTIVE AD account, but has Terminated status in UKG
Last Name
First Name
AccountName
UserPrincipalName
Title
EmployeeID
UKG_EmployeeStatus
TerminationDate
Williams
Zackery
zackery.williams
zackery.williams@banyancenters.com
Therapist
006320
Terminated
11/20/2022 12:00:00 AM
Below is the list of employees with ACTIVE AD account, but has Long Leave/Suspended/Other status in UKG
Last Name
First Name
AccountName
UserPrincipalName
Title
EmployeeID
UKG_EmployeeStatus
TerminationDate
Barnes
Lee
lee.barnes
lee.barnes@banyancenters.com
Executive Director
008083
Long_Leave
-
SQL Alerts
Phone:
Email:
sqlalerts@banyancenters.com
,
The information contained in this transmission may contain privileged and confidential information and is property of Banyan Treatment Centers, including patient information protected by federal and state privacy laws. It is intended only for the use of the
 person(s) named above. If you are not the intended recipient, you are hereby notified that any review, dissemination, distribution, or duplication of this communication is strictly prohibited. If you are not the intended recipient, please contact the sender
 by reply email and destroy all copies of the original message.",New,Normal,,,"08/25/2025 05:59 : BHOPB\rmoll : Technician : The ticket has been assigned to technician: Adnan Tamboli
08/25/2025 05:05 : SQLalerts@banyancenters.com : Non-Technician : New ticket submitted via
Email"
135032,2025-08-25 00:00:00,BHOPB\jscheringer,bhopb\dhruv.sharma,[Security] Check DC1 NETLOGON Logs for Access Attempts,C:\windows\debug\netlogon.log should be checked for IPs outside of our ranges. Eventviewer can also be checked for EventID 5807,New,Critical,,2034-12-02 03:39:00,"08/25/2025 00:00 : BHOPB\jscheringer : Technician : New ticket submitted via
Scheduler
The ticket has been assigned to technician: bhopb\dhruv.sharma"
135030,2025-08-24 21:34:56,cheryl.pfeffer@banyancenters.com,bhopb\love.shah,Reuben Holliman,"Hello Help Desk:
Please remove Reuben Holliman from pompanotherapists and pompanoclinical, as he is no longer working at pompano but banyan telehealth.
Thank you
Cheryl
Cheryl Pfeffer, LMHC, CAP
Clinical Director
Phone:
(954) 533-7705
cheryl.pfeffer@banyancenters.com
www.banyantreatmentcenters.com
950 N Federal Hwy #216
Pompano Beach FL 33062
The information contained in this transmission may contain privileged and confidential information, including patient information protected by federal and state privacy laws. It is intended only for the use of the person(s) named above. If you are not the intended
 recipient, you are hereby notified that any review, dissemination, distribution, or duplication of this communication is strictly prohibited. If you are not the intended recipient, please contact the sender by reply email and destroy all copies of the original
 message.",New,Normal,,,"08/25/2025 04:12 : BHOPB\rmoll : Technician : The ticket has been assigned to technician: Love Shah
08/24/2025 21:34 : cheryl.pfeffer@banyancenters.com : Non-Technician : New ticket submitted via
Email"
135028,2025-08-24 16:45:56,ebony.white@banyancenters.com,bhopb\adnan.tamboli,PinPad for signatures-,"Pin pad for client signatures not set up for new computer. Pin pad Notworking
Thank You,
-
Ebony White
Case Manager
Phone:
(760) 616-5800
Email:
ebony.white@banyancenters.com
73771 Dinah Shore Drive
Cathedral City, CA 92234
The information contained in this transmission may contain privileged and confidential information and is property of Banyan Treatment Centers, including patient information protected by federal and state privacy laws. It is intended only for the use of the
 person(s) named above. If you are not the intended recipient, you are hereby notified that any review, dissemination, distribution, or duplication of this communication is strictly prohibited. If you are not the intended recipient, please contact the sender
 by reply email and destroy all copies of the original message.",New,Normal,,,"08/25/2025 04:12 : BHOPB\rmoll : Technician : The ticket has been assigned to technician: Adnan Tamboli
08/24/2025 16:45 : ebony.white@banyancenters.com : Non-Technician : New ticket submitted via
Email"
135026,2025-08-24 15:38:28,bhopb\bduke,bhopb\dhruv.sharma,Remove email from distribution lists,"Please remove Marcia.lewis from all email distribution lists.
Thanks!
-
Bryan Duke
Director of Operations
Phone:
(760) 616-5800 x809
Email:
bduke@banyancenters.com
67580 Jones Rd
Cathedral City, CA 92234
The information contained in this transmission may contain privileged and confidential information and is property of Banyan Treatment Centers, including patient information protected by federal and state privacy laws. It is intended only for the use of the
 person(s) named above. If you are not the intended recipient, you are hereby notified that any review, dissemination, distribution, or duplication of this communication is strictly prohibited. If you are not the intended recipient, please contact the sender
 by reply email and destroy all copies of the original message.",New,Normal,,,"08/25/2025 04:13 : BHOPB\rmoll : Technician : The ticket has been assigned to technician: Dhruv Sharma
08/24/2025 15:38 : bhopb\bduke : Non-Technician : New ticket submitted via
Email"
135024,2025-08-24 13:09:26,kayla.reiter@banyancenters.com,BHOPB\carlos.rios,Need to Add Additional Beds to Telehealth Building,"In the Telehealth Instance, we need to add more beds connected to the following building:
Building: TX/IL/CO-SUD-PM-1
Need to Add the following beds with these names please:
TX/IL/CO-SUD1-PM-Bd 21
TX/IL/CO-SUD1-PM-Bd 22
TX/IL/CO-SUD1-PM-Bd 23
TX/IL/CO-SUD1-PM-Bd 24
TX/IL/CO-SUD1-PM-Bd 25
Kayla Reiter
Director of Telehealth Development
Phone:
(844) 515-2098
Fax:
954-482-4470
kayla.reiter@banyancenters.com
www.banyantreatmentcenters.com
225 N Federal Hwy
Pompano Beach FL 33065
The information contained in this transmission may contain privileged and confidential information, including patient information protected by federal and state privacy laws. It is intended only for the use of the person(s) named above. If you are not the intended
 recipient, you are hereby notified that any review, dissemination, distribution, or duplication of this communication is strictly prohibited. If you are not the intended recipient, please contact the sender by reply email and destroy all copies of the original
 message.",New,Normal,,,"08/25/2025 04:13 : BHOPB\rmoll : Technician : The ticket has been assigned to technician: Carlos Rios
08/25/2025 04:13 : BHOPB\rmoll : Technician : The category has been changed: ""New Tickets"" ➜ ""Problem / Software: KIPU""
08/24/2025 13:09 : kayla.reiter@banyancenters.com : Non-Technician : New ticket submitted via
Email"
135023,2025-08-24 12:47:56,hunter.avery@banyancenters.com,BHOPB\rmoll,KIPU Patient Portal,"Hi,
When I open Kipu to view patients it shows me all of the clients for multiple facilities. I only need to see the clients at the Texas location.
-
Hunter Avery
Lead Intake Coordinator
Phone:
(830) 283-3003
Email:
hunter.avery@banyancenters.com
Waelder, TX 78959
The information contained in this transmission may contain privileged and confidential information and is property of Banyan Treatment Centers, including patient information protected by federal and state privacy laws. It is intended only for the use of the
 person(s) named above. If you are not the intended recipient, you are hereby notified that any review, dissemination, distribution, or duplication of this communication is strictly prohibited. If you are not the intended recipient, please contact the sender
 by reply email and destroy all copies of the original message.",In progress,Normal,2025-08-25 04:13:31,,"08/24/2025 12:47 : hunter.avery@banyancenters.com : Non-Technician : New ticket submitted via
Email"
135022,2025-08-24 12:29:11,BHOPB\tracy.lamb,BHOPB\rmoll,Call Tracking Metrics / Access request,"Please give access to view Verification of Benefits staff which should fall under the New Leaf account to
Diksha Shanbhag and Yalonda Evans
Staff include mix on onshore and offshore which should be visible (please check each is tracked)
Melissa Coronel
Latina Smith
Vrushabh Sinh
Vishal Sharma
Himanshu Chaubey
Sumeetraj Raj
Nikhil Dabhi
Shivani Wadhwa
Tracy Lamb
Vice President of Revenue Cycle Management
Phone:
(954) 533-7705
tracy.lamb@banyancenters.com
www.banyantreatmentcenters.com
225 N. Federal Highway
Pompano Beach FL 33062
The information contained in this transmission may contain privileged and confidential information, including patient information protected by federal and state privacy laws. It is intended only for the use of the person(s) named above. If you are not the intended
 recipient, you are hereby notified that any review, dissemination, distribution, or duplication of this communication is strictly prohibited. If you are not the intended recipient, please contact the sender by reply email and destroy all copies of the original
 message.",In progress,Normal,2025-08-25 04:13:57,,"08/24/2025 12:29 : BHOPB\tracy.lamb : Non-Technician : New ticket submitted via
Email"
135021,2025-08-24 12:10:11,hunter.avery@banyancenters.com,BHOPB\carlos.rios,KIPU Intake Forms Issue,"Hi,
I am having issues accessing certain intake forms for some of the clients. When I try to edit or sign these documents the following notice appears ""This evaluation is not complete. Please check back later.""
I am the only person on my team with this issue and its happening for the following clients that I've noticed thus far; Rogelio S., Marissa S., Louis R., Ronnie G., and Alyse G.
Here is an example of what I'm seeing. Please advise.
-
Hunter Avery
Lead Intake Coordinator
Phone:
(830) 283-3003
Email:
hunter.avery@banyancenters.com
Waelder, TX 78959
The information contained in this transmission may contain privileged and confidential information and is property of Banyan Treatment Centers, including patient information protected by federal and state privacy laws. It is intended only for the use of the
 person(s) named above. If you are not the intended recipient, you are hereby notified that any review, dissemination, distribution, or duplication of this communication is strictly prohibited. If you are not the intended recipient, please contact the sender
 by reply email and destroy all copies of the original message.",New,Normal,,,"08/25/2025 04:14 : BHOPB\rmoll : Technician : The ticket has been assigned to technician: Carlos Rios
08/24/2025 12:10 : hunter.avery@banyancenters.com : Non-Technician : New ticket submitted via
Email"
135018,2025-08-24 10:34:56,beth.elletson@banyancenters.com,bhopb\rvoyer,Sherri Access- returning,"Good morning,
Sherri is coming back from maternity leave. Please give her back access to all systems.
Thank you,
Beth Elletson
Vice President of Human Resources
Phone:
(954) 533-7705
beth.elletson@banyancenters.com
www.banyantreatmentcenters.com
225 N Federal Highway
Pompano Beach FL 33062
The information contained in this transmission may contain privileged and confidential information, including patient information protected by federal and state privacy laws. It is intended only for the use of the person(s) named above. If you are not the intended
 recipient, you are hereby notified that any review, dissemination, distribution, or duplication of this communication is strictly prohibited. If you are not the intended recipient, please contact the sender by reply email and destroy all copies of the original
 message.",New,Normal,,,"08/25/2025 04:14 : BHOPB\rmoll : Technician : The ticket has been assigned to technician: Ryan Voyer
08/24/2025 10:34 : beth.elletson@banyancenters.com : Non-Technician : New ticket submitted via
Email"
135016,2025-08-24 09:21:41,emersai.glass@banyancenters.com,BHOPB\rmoll,Printer in Chapel,"The printer is offline in the chapel.
-
E'Mersai Glass
Therapist
Phone:
(830) 283-3003
Email:
emersai.glass@banyancenters.com
4168 Co Rd 444
Waelder, TX 78959
The information contained in this transmission may contain privileged and confidential information and is property of Banyan Treatment Centers, including patient information protected by federal and state privacy laws. It is intended only for the use of the
 person(s) named above. If you are not the intended recipient, you are hereby notified that any review, dissemination, distribution, or duplication of this communication is strictly prohibited. If you are not the intended recipient, please contact the sender
 by reply email and destroy all copies of the original message.",In progress,Normal,2025-08-25 04:15:59,,"08/25/2025 04:15 : BHOPB\rmoll : Technician : We need more info
Model number / brand
@mauricio, can you check before we contact the printer company?
Regards,
Rick Moll
IT Department
(561) 465-1708
email - rmoll@banyancenters.com
08/24/2025 09:21 : emersai.glass@banyancenters.com : Non-Technician : New ticket submitted via
Email"
135012,2025-08-23 19:12:41,joseph.seibert@banyancenters.com,bhopb\love.shah,Topaz Systems Signature Pad Hardware Disconnect,"The signature Pad in Crowns office computer has not been functioning. I put the pad on the pantry computer and it worked there with no issues. From what I can tell it needs to be readded to the computer or updated via the app but you need Administer permissions
 to do this. Apologies in advance if I sent this to the wrong recipient wasn't sure if this would fall under help desk or maintenance.
-
Joseph Seibert
Behavioral Health Technician
Phone:
(215) 249-6226
Email:
joseph.seibert@banyancenters.com
100 N Bucks Town Dr Suite 100E
Langhorne, PA 19047
The information contained in this transmission may contain privileged and confidential information and is property of Banyan Treatment Centers, including patient information protected by federal and state privacy laws. It is intended only for the use of the
 person(s) named above. If you are not the intended recipient, you are hereby notified that any review, dissemination, distribution, or duplication of this communication is strictly prohibited. If you are not the intended recipient, please contact the sender
 by reply email and destroy all copies of the original message.",New,Normal,,,"08/25/2025 04:16 : BHOPB\rmoll : Technician : The ticket has been assigned to technician: Love Shah
08/23/2025 19:12 : joseph.seibert@banyancenters.com : Non-Technician : New ticket submitted via
Email"
135011,2025-08-23 16:16:56,BHOPB\eric.quick,bhopb\kpunch,"gm, BGB FTE Therapist cannot access SAFE T Tab, Progress Notes, Evaluations, No Patient Assessment Tab and Tx Plan...ty.","Eric Quick,
LMHC, MCAP, CRRA.
C
linical
Director
Phone:
(850) 605-3731
eric.quickl@banyancenters.com
www.banyantreatmentcenters.com
4400 Hickory Shores Blvd
Gulf Breeze FL 32563
-
Eric Quick
Clinical Director
Phone:
(850) 677-0302
Email:
eric.quick@banyancenters.com
,
The information contained in this transmission may contain privileged and confidential information and is property of Banyan Treatment Centers, including patient information protected by federal and state privacy laws. It is intended only for the use of the
 person(s) named above. If you are not the intended recipient, you are hereby notified that any review, dissemination, distribution, or duplication of this communication is strictly prohibited. If you are not the intended recipient, please contact the sender
 by reply email and destroy all copies of the original message.",In progress,Normal,2025-08-23 17:42:25,,"08/23/2025 20:10 : BHOPB\eric.quick : Non-Technician : Tia Vandegaart, BGB FTE Therapist.
Eric Quick, Clinical Director.
Thank you.
08/23/2025 17:42 : bhopb\kpunch : Technician : Hi who is the employee in question? Also who should I mirror their permissions from?
Thanks,
08/23/2025 16:16 : BHOPB\eric.quick : Non-Technician : New ticket submitted via
Email"
135009,2025-08-23 14:26:41,tricia.richard@banyancenters.com,bhopb\kpunch,Group Note,"There was an error with group notes on Wednesday August 13th. I completed notes for the group titled ""process group - Johnathan"", however when our clinical supervisor went to sign off on them, they were blank. Is there anyway we can re-open the notes so that
 I can complete them correctly? Thank you.
-
Tricia Richard
Lead Group Facilitator
Phone:
(978) 350-5003
Email:
tricia.richard@banyancenters.com
Baldwinville, MA 01436
The information contained in this transmission may contain privileged and confidential information and is property of Banyan Treatment Centers, including patient information protected by federal and state privacy laws. It is intended only for the use of the
 person(s) named above. If you are not the intended recipient, you are hereby notified that any review, dissemination, distribution, or duplication of this communication is strictly prohibited. If you are not the intended recipient, please contact the sender
 by reply email and destroy all copies of the original message.",In progress,Normal,2025-08-23 14:34:01,,"08/23/2025 14:34 : bhopb\kpunch : Technician : Hi, who is the patient? I believe you have to add an annotation instead if the note has already been closed.
08/23/2025 14:26 : tricia.richard@banyancenters.com : Non-Technician : New ticket submitted via
Email"
135007,2025-08-23 11:59:41,BHOPB\rodin.calderon,BHOPB\jean.pierre,Printer access,"Good morning!
Thank you for the new computer!
Unfortunately, I lost access to all printers. Please help ASAP as I use them daily.
Access to printers in the following rooms would be great.
211- this was the access I had before the change
220- my office is in this suite
202
Thank you!
Rodin Calderon, CRPS, CRRA
Case Manager
Phone:
(954) 533-7705 Ext. 148
rodin.calderon@banyancenters.com
www.banyantreatmentcenters.com
950 N Federal Hwy #211-C
Pompano Beach FL 33062
The information contained in this transmission may contain privileged and confidential information, including patient information protected by federal and state privacy laws. It is intended only for the use of the person(s) named above. If you are not the intended
 recipient, you are hereby notified that any review, dissemination, distribution, or duplication of this communication is strictly prohibited. If you are not the intended recipient, please contact the sender by reply email and destroy all copies of the original
 message.
-
Rodin Calderon
Case Manager
Phone:
(954) 533-7705
Email:
rodin.calderon@banyancenters.com
950 N Federal Hwy #216
Pompano Beach, FL 33062
The information contained in this transmission may contain privileged and confidential information and is property of Banyan Treatment Centers, including patient information protected by federal and state privacy laws. It is intended only for the use of the
 person(s) named above. If you are not the intended recipient, you are hereby notified that any review, dissemination, distribution, or duplication of this communication is strictly prohibited. If you are not the intended recipient, please contact the sender
 by reply email and destroy all copies of the original message.",New,Normal,,,"08/23/2025 12:41 : BHOPB\rmoll : Technician : The ticket has been assigned to technician: jean.pierre
08/23/2025 11:59 : BHOPB\rodin.calderon : Non-Technician : New ticket submitted via
Email"
135006,2025-08-23 11:26:26,alavin@banyancenters.com,bhopb\kpunch,New medical director-banyan Philadelphia,"Hello
Today is the last day of services with Dr. Joshi and we are switching to Dr. Rifai. I want to make sure that he is in our kipu as an authorized prescribed and that
@Jacqueline Lloyd
kipu permissions are replicated under new medical director. If there are any questions, please reach out.
Thank you
Amy Lavin, MS, LPC
Clinical Director
Banyan Philadelphia
Phone:
(215) 249-6226 x608
alavin@banyancenters.com
The information contained in this transmission may contain privileged and confidential information, and is property of Banyan Treatment Centers, including patient information protected by federal and state privacy laws. It is intended only for the use of the
 person(s) named above. If you are not the intended recipient, you are hereby notified that any review, dissemination, distribution, or duplication of this communication is strictly prohibited. If you are not the intended recipient, please contact the sender
 by reply email and destroy all copies of the original message",In progress,Normal,2025-08-23 11:38:41,,"08/23/2025 19:48 : jlloyd@banyancenters.com : Non-Technician : Hello,
Carlos handled the switch over for me last February. I need to be a prescriber agent. In the past I was in as lpn/arnp access. That was changed to bht in June/July. I need to be able to order labs, order medications and sign off on medical screenings.
 Carlos then tweaked it again to give me the needed access.
At Banyan Philadelphia we do not have medical in-house beside me. I am a CNA. This was approved July 2024 and February 2025.
My current access under Dr Joshi allows for this. Dr Rifai agreed to continue it with me.
I also need all access of a BHT in sober living tabs.
Get
Outlook for iOS
08/23/2025 18:08 : bhopb\kpunch : Technician : Hey Amy, I've added Banyan Philly to Dr Rifai's Kipu, I see he has an eprescribe user ID already so he should be set there also. Do you need Jacqueline's Kipu permissions mirrored from Dr Rifai? If so there are a couple things I'm unable to mirror due to credential differences. I might be reading that wrong let me know.
Thanks,
08/23/2025 11:26 : alavin@banyancenters.com : Non-Technician : New ticket submitted via
Email"
135004,2025-08-23 09:46:58,drothleder@banyancenters.com,bhopb\kpunch,Urgent request for Toner for Stuart Locatation,"Good Morning!
I am on vacation, and I am being advised that we are out of toner for the printer in the nursing station.  The toners that we have in my office that I was told would fit the copy machine in the Intake and Nursing station do not fit.  Can we please have the
 appropriate toner sent for the following machines.
Nursing
Bizhub C368
3 Black
2 Yellow
2 Magenta
2 Cyan
Front Office
Bizhub C550i
2 Black
1 Yellow
Can we please get this order out as quickly as possible as Nursing is completely out of toner.
Thank you!
-
Deanna Rothleder
Office Manager
Phone:
(772) 200-4411 x301
Email:
drothleder@banyancenters.com
201 SE Osceola St
Stuart, FL 34994
The information contained in this transmission may contain privileged and confidential information and is property of Banyan Treatment Centers, including patient information protected by federal and state privacy laws. It is intended only for the use of the
 person(s) named above. If you are not the intended recipient, you are hereby notified that any review, dissemination, distribution, or duplication of this communication is strictly prohibited. If you are not the intended recipient, please contact the sender
 by reply email and destroy all copies of the original message.",In progress,Normal,2025-08-23 10:26:20,,"08/23/2025 09:46 : drothleder@banyancenters.com : Non-Technician : New ticket submitted via
Email"
134998,2025-08-22 19:10:26,lsantiago@banyancenters.com,BHOPB\carlos.rios,Help Ticket,"Ingris Penalber CMA, is getting an error message of “This evaluation is not complete. Please check back later”. This is coming up when she tries to enter vital signs.
-
Linda Santiago
Director of Nursing
Phone:
(760) 616-5800 x842
Email:
lsantiago@banyancenters.com
67580 Jones Rd
Cathedral City, CA 92234
The information contained in this transmission may contain privileged and confidential information and is property of Banyan Treatment Centers, including patient information protected by federal and state privacy laws. It is intended only for the use of the
 person(s) named above. If you are not the intended recipient, you are hereby notified that any review, dissemination, distribution, or duplication of this communication is strictly prohibited. If you are not the intended recipient, please contact the sender
 by reply email and destroy all copies of the original message.",New,Normal,,,"08/23/2025 06:53 : BHOPB\rmoll : Technician : The ticket has been assigned to technician: Carlos Rios
08/23/2025 06:53 : BHOPB\rmoll : Technician : The category has been changed: ""New Tickets"" ➜ ""Problem / Software: KIPU""
08/22/2025 19:10 : lsantiago@banyancenters.com : Non-Technician : New ticket submitted via
Email"
134990,2025-08-22 16:21:56,BHOPB\kimberley.deangelis,BHOPB\rmoll,No Service on Ext 3468,"My company phone has no service when I went to call a client's husband to relay a message.
-
Kimberley DeAngelis
Clinical Support Staff
Phone:
(561) 465-1000x3468
Email:
kimberley.deangelis@banyancenters.com
Lake Worth, FL 33467
The information contained in this transmission may contain privileged and confidential information and is property of Banyan Treatment Centers, including patient information protected by federal and state privacy laws. It is intended only for the use of the
 person(s) named above. If you are not the intended recipient, you are hereby notified that any review, dissemination, distribution, or duplication of this communication is strictly prohibited. If you are not the intended recipient, please contact the sender
 by reply email and destroy all copies of the original message.",New,Normal,,,"08/22/2025 16:24 : bhopb\love.shah : Technician : The ticket has been assigned to technician: Rick Moll
08/22/2025 16:21 : BHOPB\kimberley.deangelis : Non-Technician : New ticket submitted via
Email"
134988,2025-08-22 16:04:26,BHOPB\kymberly.harris,BHOPB\rmoll,Phone Extensions,"Hello!
I gave a family member my phone extension (5103) because the admissions dept is still giving Anisa's old ext (2119) and when he tried calling, a voice message picked up instead of my phone ringing.  However, my phone showed that I had two missed calls, but
 I never left my desk. This is the first time I've been told that direct phone extensions are not connecting. Can you help?
Thank you!
-
Kymberly Pope-Harris
Administrative Assistant
Phone:
(815) 707-2136 x5103
Email:
kymberly.harris@banyancenters.com
1237 E 1600 North Rd
Gilman, IL 60938
The information contained in this transmission may contain privileged and confidential information and is property of Banyan Treatment Centers, including patient information protected by federal and state privacy laws. It is intended only for the use of the
 person(s) named above. If you are not the intended recipient, you are hereby notified that any review, dissemination, distribution, or duplication of this communication is strictly prohibited. If you are not the intended recipient, please contact the sender
 by reply email and destroy all copies of the original message.",New,Normal,,,"08/22/2025 16:24 : bhopb\love.shah : Technician : The ticket has been assigned to technician: Rick Moll
08/22/2025 16:04 : BHOPB\kymberly.harris : Non-Technician : New ticket submitted via
Email"
134983,2025-08-22 15:31:41,BHOPB\carlos.rios,BHOPB\carlos.rios,RE: New SUD cirriculum,"@Help Desk
From:
Tricia Richard <tricia.richard@banyancenters.com>
Sent:
Friday, August 22, 2025 2:07 PM
To:
Carlos Rios <carlos.rios@banyancenters.com>
Subject:
New SUD cirriculum
Good Afternoon!
Attached is a copy of the new SUDS curriculum schedule, broken down by weeks (1-4) with descriptions.
On Wednesdays our process groups are therapist specific, everyone already has one assigned I just need to add ""Process Group Julie"" to Wednesdays as she is a new therapist.
The other days can stay the same with separate process groups for SUD, C1, C2 -like they have been. I also wanted to add two ""breakout groups"" for each day if possible. We can write the description as we go, but
 we have been trying to add groups like yoga, meditation, parenting etc., but we can only do that on certain days when staffing permits.
I know it's a lot of info, so if you have any questions or need to go over anything just reach out. I am in the process of re-organizing our MH curriculum as well, but that can stay the same until I have that completed.
 Any previous SUDS groups can be deleted.
If you just want to let me know whenever you have a chance to complete this I will make sure we are ready to kick it off on our end. Thank you so much Carlos!
Tricia
Banyan Clearbrook MA
SUDS
 cirriculum breakdown.docx
-
-
Carlos Rios
Application Analyst
Phone:
Email:
carlos.rios@banyancenters.com
,
The information contained in this transmission may contain privileged and confidential information and is property of Banyan Treatment Centers, including patient information protected by federal and state privacy laws. It is intended only for the use of the
 person(s) named above. If you are not the intended recipient, you are hereby notified that any review, dissemination, distribution, or duplication of this communication is strictly prohibited. If you are not the intended recipient, please contact the sender
 by reply email and destroy all copies of the original message.",New,Normal,,,"08/22/2025 15:37 : bhopb\love.shah : Technician : The ticket has been assigned to technician: Carlos Rios
08/22/2025 15:37 : bhopb\love.shah : Technician : The category has been changed: ""New Tickets"" ➜ ""Problem / Software: KIPU""
08/22/2025 15:31 : BHOPB\carlos.rios : Technician : New ticket submitted via
Email"
134967,2025-08-22 12:09:11,testewart@banyancenters.com,bhopb\love.shah,Printer,"Hi,
Can you please set up the printer I have so it will scan documents to my computer?
Thank you,
-
Terri Stewart, LPN
Nurse Supervisor
Phone:
(978) 350-5003
Email:
testewart@banyancenters.com
83 Hospital Rd
Baldwinville, MA 01436
The information contained in this transmission may contain privileged and confidential information and is property of Banyan Treatment Centers, including patient information protected by federal and state privacy laws. It is intended only for the use of the
 person(s) named above. If you are not the intended recipient, you are hereby notified that any review, dissemination, distribution, or duplication of this communication is strictly prohibited. If you are not the intended recipient, please contact the sender
 by reply email and destroy all copies of the original message.",Awaiting Customer Response,Normal,2025-08-22 12:15:04,2025-08-25 15:45:00,"08/22/2025 15:58 : bhopb\love.shah : Technician : could you ask someone they will know about the printer show them this printer list image they will tell you  printer name according to the list which is on your desk
08/22/2025 15:46 : bhopb\love.shah : Technician : Due date has been changed: 8/25/2025 3:45 PM
08/22/2025 12:37 : testewart@banyancenters.com : Non-Technician : Its the one on my desk... Epson ET-5850
08/22/2025 12:30 : bhopb\love.shah : Technician : Status ➜ Awaiting Customer Response
08/22/2025 12:30 : bhopb\love.shah : Technician : can i know which printer you want to access ?
08/22/2025 12:09 : testewart@banyancenters.com : Non-Technician : New ticket submitted via
Email"
134960,2025-08-22 11:21:56,BHOPB\tracy.lamb,BHOPB\rmoll,Fax number redirect,"Please redirect two faxes number to Vivienne Bailey and Kristin Hopple.
They current go to Amber Fore.
561-465-1576
954-533-7717
Thank you
Tracy Lamb
Vice President of Revenue Cycle Management
Phone:
(954) 533-7705
tracy.lamb@banyancenters.com
www.banyantreatmentcenters.com
225 N. Federal Highway
Pompano Beach FL 33062
The information contained in this transmission may contain privileged and confidential information, including patient information protected by federal and state privacy laws. It is intended only for the use of the person(s) named above. If you are not the intended
 recipient, you are hereby notified that any review, dissemination, distribution, or duplication of this communication is strictly prohibited. If you are not the intended recipient, please contact the sender by reply email and destroy all copies of the original
 message.",Awaiting Customer Response,Normal,2025-08-22 11:30:02,,"08/22/2025 14:58 : BHOPB\jscheringer : Technician : 7717 goes to a group of people
1576 currently only goes to amber, what is the content of the faxes expected to come to 1576? and would that content be any different than  a group FaxesMedicalRecordInsurance associated with (954) 686-2570. Would 1576 simply be an alternate that could also go to that group?
08/22/2025 12:30 : BHOPB\rmoll : Technician : Hi Tracy, I will get this done soon.
Regards,
Rick Moll
IT Department
(561) 465-1708
email - rmoll@banyancenters.com
08/22/2025 12:00 : bhopb\love.shah : Technician : The ticket has been assigned to technician: Rick Moll
08/22/2025 12:00 : bhopb\love.shah : Technician : @Rick Moll
:- could you be able to take care of this ticket i just talk with don he just told me to send this ticket to you so im assgnining it to you
08/22/2025 11:30 : bhopb\love.shah : Technician : Status ➜ Awaiting Customer Response
08/22/2025 11:21 : BHOPB\tracy.lamb : Non-Technician : New ticket submitted via
Email"
134958,2025-08-22 10:59:41,BHOPB\denise.mitchell,BHOPB\rmoll,My phone is not working,"My phone is not working correctly, can some one please comes and look at it or replace it. Thank you .
-
Denise Mitchell
Therapist
Phone:
(954) 533-7705
Email:
denise.mitchell@banyancenters.com
950 N. Federal Hwy
Pompano Beach, FL 33062
The information contained in this transmission may contain privileged and confidential information and is property of Banyan Treatment Centers, including patient information protected by federal and state privacy laws. It is intended only for the use of the
 person(s) named above. If you are not the intended recipient, you are hereby notified that any review, dissemination, distribution, or duplication of this communication is strictly prohibited. If you are not the intended recipient, please contact the sender
 by reply email and destroy all copies of the original message.",In progress,Normal,2025-08-22 15:51:24,,"08/23/2025 06:55 : BHOPB\rmoll : Technician : Hello, in my previous message I asked for the following
We need more details, please
1 - Please tell us the issue with the phone, and also tell us the extension.
2 - Please send a picture
3 - Your facility and address
Regards,
Rick Moll
IT Department
(561) 465-1708
email - rmoll@banyancenters.com
08/22/2025 16:34 : BHOPB\denise.mitchell : Non-Technician : My phone is not tracking the missed calls with the right dates and times, it will not let me change the vm, it is showing 28/12/2008. It does not let me see what time my clients calls and the vm message is not me.
08/22/2025 15:51 : BHOPB\rmoll : Technician : We need more details, please
1 - Please tell us the issue with the phone, and also tell us the extension.
2 - Please send a picture
3 - Your facility and address
Regards,
Rick Moll
IT Department
(561) 465-1708
email - rmoll@banyancenters.com
08/22/2025 11:10 : bhopb\love.shah : Technician : The ticket has been assigned to technician: Rick Moll
08/22/2025 10:59 : BHOPB\denise.mitchell : Non-Technician : New ticket submitted via
Email"
134947,2025-08-22 08:19:56,alison.howe@banyancenters.com,BHOPB\dmui,Crown computer,"Hello😊
We have a computer in the pantry it will not turn on everything's plugged in. There's electric to the outlet. It will not go on. It was acting weird the other day.
also the computer in the office is acting up too it keeps glitching
Please help....thank you
Alison Howe
Get
Outlook for iOS
-
Alison Howe
Behavioral Health Technician
Phone:
(215) 249-6226
Email:
alison.howe@banyancenters.com
100 N Bucks Town Dr Suite 100E
Langhorne, PA 19047
The information contained in this transmission may contain privileged and confidential information and is property of Banyan Treatment Centers, including patient information protected by federal and state privacy laws. It is intended only for the use of the
 person(s) named above. If you are not the intended recipient, you are hereby notified that any review, dissemination, distribution, or duplication of this communication is strictly prohibited. If you are not the intended recipient, please contact the sender
 by reply email and destroy all copies of the original message.",In progress,Normal,2025-08-22 08:24:52,,"08/22/2025 13:45 : BHOPB\rmoll : Technician : @Don Mui
can we replace these 2 desktops?
Regards,
Rick Moll
IT Department
(561) 465-1708
email - rmoll@banyancenters.com
08/22/2025 13:44 : BHOPB\rmoll : Technician : The ticket has been assigned to technician: Don Mui
08/22/2025 13:10 : alison.howe@banyancenters.com : Non-Technician : This one is super slow & keeps glitching. Also, the sign pad does not work
Get
Outlook for iOS
08/22/2025 13:05 : alison.howe@banyancenters.com : Non-Technician : This one’s not working at all
Get
Outlook for iOS
08/22/2025 08:24 : BHOPB\rmoll : Technician : Can you please send us some pictures and the computer names?
Regards,
Rick Moll
IT Department
(561) 465-1708
email - rmoll@banyancenters.com
08/22/2025 08:19 : alison.howe@banyancenters.com : Non-Technician : New ticket submitted via
Email"
134929,2025-08-21 15:46:22,BHOPB\jason.durrance,BHOPB\cgillett,Badge Needed,"Kiana Briggs, RN
Nurse
Jason Durrance
Director of Operations
Phone:
(850) 677-0302 x3711
Fax:
(850) 677-0312
jason.durrance@banyancenters.com
www.banyantreatmentcenters.com
1830 Hickory Shores Rd
Gulf Breeze FL 32563
The information contained in this transmission may contain privileged and confidential information, including patient information protected by federal and state privacy laws. It is intended only for the use of the person(s) named above. If you are not the intended
 recipient, you are hereby notified that any review, dissemination, distribution, or duplication of this communication is strictly prohibited. If you are not the intended recipient, please contact the sender by reply email and destroy all copies of the original
 message.",New,Normal,,,"08/21/2025 15:51 : bhopb\love.shah : Technician : The ticket has been assigned to technician: Charlie G
08/21/2025 15:46 : BHOPB\jason.durrance : Non-Technician : New ticket submitted via
Email"
134916,2025-08-21 14:33:52,sumeetraj.raj@banyancenters.com,BHOPB\rmoll,CTM Issue,"Hello Rick,
I am writing to inform you about a technical issue we are currently experiencing with the CTM (Calltrackingmetrics) system. During active calls, the mute/unmute functionality is not working as expected. Specifically:
We are unable to mute the call when required.
In certain cases, the system automatically goes into mute mode, and we are unable to unmute it.
This issue is affecting call operations and needs immediate attention. We kindly request your assistance in investigating and resolving this matter at the earliest. Please let us know if any additional information, logs, or screenshots are required from our
 end to support troubleshooting.
Thank you for your prompt support.
Regards,
Sumeet Naiker
-
Sumeetraj Raj
Verification Specialist
Phone:
Email:
sumeetraj.raj@banyancenters.com
Pompano Beach, FL 33069
The information contained in this transmission may contain privileged and confidential information and is property of Banyan Treatment Centers, including patient information protected by federal and state privacy laws. It is intended only for the use of the
 person(s) named above. If you are not the intended recipient, you are hereby notified that any review, dissemination, distribution, or duplication of this communication is strictly prohibited. If you are not the intended recipient, please contact the sender
 by reply email and destroy all copies of the original message.",In progress,High,2025-08-21 14:37:22,,"08/22/2025 17:16 : sumeetraj.raj@banyancenters.com : Non-Technician : Hello Rick,
Could you please provide us with an update, as we are still facing the issue?
Thanks,
Sumeet Naiker
08/21/2025 16:11 : sumeetraj.raj@banyancenters.com : Non-Technician : Hello Rick,
As requested, please find the attached screen recording for your reference. Kindly review and do the needful.
Thanks,
Sumeet Naiker
08/21/2025 15:44 : sumeetraj.raj@banyancenters.com : Non-Technician : Hello Rick,
Please check the Screenshot as you have requested.
Kindly let me know if you any feedback.
Thanks,
Sumeet Naiker
08/21/2025 15:30 : BHOPB\rmoll : Technician : @sumetraj, you need to correctly share the file
Regards,
Rick Moll
IT Department
(561) 465-1708
email - rmoll@banyancenters.com
08/21/2025 15:29 : BHOPB\rmoll : Technician : I did not receive any test results !!
I need this piece of information before doing anything
Regards,
Rick Moll
IT Department
(561) 465-1708
email - rmoll@banyancenters.com
08/21/2025 14:46 : sumeetraj.raj@banyancenters.com : Non-Technician : Hello Rick,
As requested, I am sharing the live screen recording for your reference. Kindly review the same and do the needful.
Please let me know if you need any additional details from my side.
Callmetrics
 recording 2.mp4
Thanks,
Sumeet Naiker
08/21/2025 14:41 : BHOPB\tracy.lamb : Non-Technician : Rick,
How do you screen shot mute?
@Sumeetraj Raj
- is there any notification you get on the screen that you can share ?
08/21/2025 14:37 : BHOPB\rmoll : Technician : Hello,
Before speaking with CTM, I need the results (screenshot) of this website –
From all of you (India based)
https://www.waveform.com/tools/bufferbloat
08/21/2025 14:34 : bhopb\love.shah : Technician : The category has been changed: ""New Tickets"" ➜ ""Problem / Software: CTM""
08/21/2025 14:34 : bhopb\love.shah : Technician : The ticket has been assigned to technician: Rick Moll
08/21/2025 14:33 : sumeetraj.raj@banyancenters.com : Non-Technician : New ticket submitted via
Email"
134912,2025-08-21 13:56:22,powerapps@banyancenters.com,BHOPB\carlos.rios,Toni Weiss has submitted a ticket,"Name: Toni Weiss
Best Contact Number: 815 707 5141
Facility/Department: nursing/clinical
Detailed description of the Issue: In the ASAM tab, the ASAM Assessment form has the wrong indication for ASAM2.5 in the dropdown menu for choosing the ASAM level. 2.5 should be PHP not Day-Night H IOP.
Responders' Email: tweiss@banyancenters.com
-
Power Apps
Phone:
Email:
powerapps@banyancenters.com
,
The information contained in this transmission may contain privileged and confidential information and is property of Banyan Treatment Centers, including patient information protected by federal and state privacy laws. It is intended only for the use of the
 person(s) named above. If you are not the intended recipient, you are hereby notified that any review, dissemination, distribution, or duplication of this communication is strictly prohibited. If you are not the intended recipient, please contact the sender
 by reply email and destroy all copies of the original message.",Awaiting Customer Response,Normal,2025-08-22 11:59:59,2025-08-25 11:50:00,"08/22/2025 12:00 : BHOPB\carlos.rios : Technician : Status ➜ Awaiting Customer Response
08/22/2025 11:59 : BHOPB\carlos.rios : Technician : Good morning, Toni,
I see that you are off until the 25th. Please let's touch basis upon your return.
08/22/2025 11:59 : BHOPB\carlos.rios : Technician : Due date has been changed: 8/25/2025 11:50 AM
08/21/2025 14:00 : BHOPB\rmoll : Technician : The ticket has been assigned to technician: Carlos Rios
08/21/2025 14:00 : BHOPB\rmoll : Technician : The category has been changed: ""New Tickets"" ➜ ""Problem / Software: KIPU""
08/21/2025 13:56 : powerapps@banyancenters.com : Non-Technician : New ticket submitted via
Email"
134910,2025-08-21 13:44:07,valery.nieto@banyancenters.com,BHOPB\rmoll,HR Phone Line - Voicemails,"Hi Rick,
We are receiving voicemails in a ticket version, when we try to open them, it would not play. Are these voicemails from the corporate HR number?
Thank you,
Valery Nieto
HR Coordinator
Phone:
(561) 465-1600 x2102
Fax:
(561) 465-1601
valery.nieto@banyancenters.com
www.banyantreatmentcenters.com
7859 Lake Worth Rd
Lake Worth FL 33467
The information contained in this transmission may contain privileged and confidential information, including patient information protected by federal and state privacy laws. It is intended only for the use of the person(s) named above. If you are not the intended
 recipient, you are hereby notified that any review, dissemination, distribution, or duplication of this communication is strictly prohibited. If you are not the intended recipient, please contact the sender by reply email and destroy all copies of the original
 message.",In progress,Normal,2025-08-21 14:01:18,,"08/21/2025 13:44 : valery.nieto@banyancenters.com : Non-Technician : New ticket submitted via
Email"
134903,2025-08-21 12:13:07,beth.elletson@banyancenters.com,BHOPB\jscheringer,Fw: Infrastructure update coming soon to your UKG Ready solution,"Please make sure this is whitelisted so staff can receive UKG emails...
Instructions below
Beth Elletson
Vice President of Human Resources
Phone:
(954) 533-7705
beth.elletson@banyancenters.com
www.banyantreatmentcenters.com
225 N Federal Highway
Pompano Beach FL 33062
The information contained in this transmission may contain privileged and confidential information, including patient information protected by federal and state privacy laws. It is intended only for the use of the person(s) named above. If you are not the intended
 recipient, you are hereby notified that any review, dissemination, distribution, or duplication of this communication is strictly prohibited. If you are not the intended recipient, please contact the sender by reply email and destroy all copies of the original
 message.
From:
UKG <hello@ukg.com>
Sent:
Thursday, August 21, 2025 10:15 AM
To:
Beth Elletson <beth.elletson@banyancenters.com>
Subject:
Infrastructure update coming soon to your UKG Ready solution
View in
browser
Important: Infrastructure Update
Please forward to your IT department.
As part of our ongoing commitment to provide the best possible service to our UKG Ready
®
customers, we are making improvements to enhance application performance,
 reduce latency, and ensure faster feature delivery. As a result, an infrastructure update will take place on
Friday, September 26, 2025,
resulting in system downtime from
12:00 a.m. to 6:00 a.m. ET.
Your action may be required!
If your organization uses IP-based allowlists, work with your IT department to add the new IP addresses by
September 26, 2025.
Please review the
POD
 Infrastructure Update
article and navigate to the POD60 section for additional information regarding these IP addresses and infrastructure changes.
Note
: Our domain names will remain the same, so if you don’t currently restrict access to applications by IP address, no action is required.
To receive additional updates, please join and subscribe to the
UKG
 Ready – POD60 (Alerts)
in the UKG Community™.
*If you're not logged into the UKG Community, you'll be asked to enter your credentials when accessing the link(s).
UKG
900 Chelmsford Street   Lowell, MA   01851
Sales:
+1 800 225 1561
Support:
+1 800 394 4357
Visit
 our website
|
Privacy
 statement
|
Trademarks
|
Contact
 us
© 2025 UKG Inc. All rights reserved.
This email was sent to beth.elletson@banyancenters.com.",In progress,Normal,2025-08-21 12:40:38,,"08/21/2025 12:47 : BHOPB\jscheringer : Technician : i still need someone in HR to create me a UKG community login, as i cannot access the article being linked to.
08/21/2025 12:40 : BHOPB\rmoll : Technician : @Jared Scheringer
, please assist with the request.
Regards,
Rick Moll
IT Department
(561) 465-1708
email - rmoll@banyancenters.com
08/21/2025 12:40 : BHOPB\rmoll : Technician : The ticket has been assigned to technician: Jared Scheringer
08/21/2025 12:13 : beth.elletson@banyancenters.com : Non-Technician : New ticket submitted via
Email"
134902,2025-08-21 12:09:07,BHOPB\jason.durrance,BHOPB\cgillett,Badge Needed,"Quynh Dao, ARPN
Medical Provider
Jason Durrance
Director of Operations
Phone:
(850) 677-0302 x3711
Fax:
(850) 677-0312
jason.durrance@banyancenters.com
www.banyantreatmentcenters.com
1830 Hickory Shores Rd
Gulf Breeze FL 32563
The information contained in this transmission may contain privileged and confidential information, including patient information protected by federal and state privacy laws. It is intended only for the use of the person(s) named above. If you are not the intended
 recipient, you are hereby notified that any review, dissemination, distribution, or duplication of this communication is strictly prohibited. If you are not the intended recipient, please contact the sender by reply email and destroy all copies of the original
 message.",In progress,Normal,2025-08-21 14:29:21,,"08/21/2025 12:09 : bhopb\love.shah : Technician : The ticket has been assigned to technician: Charlie G
08/21/2025 12:09 : BHOPB\jason.durrance : Non-Technician : New ticket submitted via
Email"
134901,2025-08-21 12:06:08,BHOPB\jason.durrance,BHOPB\cgillett,Badge. Needed,"Jared Spencer. LPN
Nurse
Jason Durrance
Director of Operations
Phone:
(850) 677-0302 x3711
Fax:
(850) 677-0312
jason.durrance@banyancenters.com
www.banyantreatmentcenters.com
1830 Hickory Shores Rd
Gulf Breeze FL 32563
The information contained in this transmission may contain privileged and confidential information, including patient information protected by federal and state privacy laws. It is intended only for the use of the person(s) named above. If you are not the intended
 recipient, you are hereby notified that any review, dissemination, distribution, or duplication of this communication is strictly prohibited. If you are not the intended recipient, please contact the sender by reply email and destroy all copies of the original
 message.",In progress,Normal,2025-08-21 14:29:25,,"08/21/2025 12:07 : BHOPB\rmoll : Technician : The ticket has been assigned to technician: Charlie G
08/21/2025 12:06 : BHOPB\jason.durrance : Non-Technician : New ticket submitted via
Email"
134893,2025-08-21 11:12:20,rross@banyancenters.com,bhopb\brittany.obrien,Case Manager Charger request,"Charger wires with multi charge cables;
Sebring - 2 Chargers with blocks
Pompano - 5 blocks
Boca - 3 Chargers with blocks
Gulf Breeze - 2 Chargers with blocks",In progress,Normal,2025-08-21 11:43:49,2025-08-25 13:15:00,"08/22/2025 16:48 : bhopb\brittany.obrien : Technician : Due date has been changed: 8/25/2025 1:15 PM
08/22/2025 16:48 : bhopb\brittany.obrien : Technician : Hi Renee,
All of the equipment was delivered except for Gulf Breeze that is now being delivered on Monday , I will update the ticket once I see it was delivered 😊
Have a great weekend!
08/21/2025 13:11 : bhopb\brittany.obrien : Technician : Due date has been changed: 8/22/2025 1:15 PM
08/21/2025 11:43 : bhopb\brittany.obrien : Technician : 
08/21/2025 11:12 : bhopb\brittany.obrien : Technician : The ticket has been assigned to technician: Brittany O'Brien
08/21/2025 11:12 : rross@banyancenters.com : Non-Technician : New ticket submitted via
Email
Logged by Brittany O'Brien"
134891,2025-08-21 10:37:59,BHOPB\jason.durrance,BHOPB\cgillett,Badge Needed,"Tia Vandegaart, MSW
Therapist
Jason Durrance
Director of Operations
Phone:
(850) 677-0302 x3711
Fax:
(850) 677-0312
jason.durrance@banyancenters.com
www.banyantreatmentcenters.com
1830 Hickory Shores Rd
Gulf Breeze FL 32563
The information contained in this transmission may contain privileged and confidential information, including patient information protected by federal and state privacy laws. It is intended only for the use of the person(s) named above. If you are not the intended
 recipient, you are hereby notified that any review, dissemination, distribution, or duplication of this communication is strictly prohibited. If you are not the intended recipient, please contact the sender by reply email and destroy all copies of the original
 message.",In progress,Normal,2025-08-21 10:55:39,,"08/21/2025 12:35 : bhopb\adnan.tamboli : Technician : The ticket has been assigned to technician: Charlie G
08/21/2025 12:35 : bhopb\adnan.tamboli : Technician : assigning this ticket to
@Charlie G
08/21/2025 10:38 : BHOPB\jason.durrance : Non-Technician : New ticket submitted via
Email"
134886,2025-08-21 10:16:07,BHOPB\chivas.johnson,bhopb\brittany.obrien,Signature Pads/cameras/speakers,"hello IT we are in need of more signature pads and cameras please. Some of the signature pads will not work and some stations are sharing them which is causing a major issue.
Cameras are is for Clinical support and therapist. The signature pads we will need 6 that will give us 1 back up and PC camera's we will need 3 that will give us 1 back up.
Speaker we will need 2 sets please this will be for the new interns starting in a few weeks.
Thank you
Bubba
-
Bubba Johnson
Maintenance
Phone:
(303) 381-8340
Email:
chivas.johnson@banyancenters.com
1055 S. Perry St
Castle Rock, CO 80104
The information contained in this transmission may contain privileged and confidential information and is property of Banyan Treatment Centers, including patient information protected by federal and state privacy laws. It is intended only for the use of the
 person(s) named above. If you are not the intended recipient, you are hereby notified that any review, dissemination, distribution, or duplication of this communication is strictly prohibited. If you are not the intended recipient, please contact the sender
 by reply email and destroy all copies of the original message.",In progress,Normal,2025-08-21 13:52:35,2025-08-28 13:31:00,"08/21/2025 13:52 : bhopb\brittany.obrien : Technician : Due date has been changed: 8/28/2025 1:31 PM
08/21/2025 13:52 : bhopb\brittany.obrien : Technician : Hi Bubba,
These are for the 6 signature pads;
08/21/2025 10:20 : BHOPB\rmoll : Technician : @Brittany O'Brien
, please make sure Jeff is aware of the purchase.
Regards,
Rick Moll
IT Department
(561) 465-1708
email - rmoll@banyancenters.com
08/21/2025 10:19 : BHOPB\rmoll : Technician : The ticket has been assigned to technician: Brittany O'Brien
08/21/2025 10:16 : BHOPB\chivas.johnson : Non-Technician : New ticket submitted via
Email"
134884,2025-08-21 09:55:52,shaneiria.crews@banyancenters.com,BHOPB\cgillett,FTE Badge Request,"FTE Badge Request for BGB Therapist
Tia Vandegaart, MSW
Therapist
Thank you,
Shaneiria Crews, MSW, LCSW
Substance Abuse Therapist
Banyan Gulf Breeze Treatment Center
-
Shaneiria Crews
Therapist
Phone:
(850) 605-3295
Email:
shaneiria.crews@banyancenters.com
1830 Hickory Shores Rd
Gulf Breeze, FL 32563
The information contained in this transmission may contain privileged and confidential information and is property of Banyan Treatment Centers, including patient information protected by federal and state privacy laws. It is intended only for the use of the
 person(s) named above. If you are not the intended recipient, you are hereby notified that any review, dissemination, distribution, or duplication of this communication is strictly prohibited. If you are not the intended recipient, please contact the sender
 by reply email and destroy all copies of the original message.",New,Normal,,,"08/21/2025 09:58 : BHOPB\rmoll : Technician : The ticket has been assigned to technician: Charlie G
08/21/2025 09:55 : shaneiria.crews@banyancenters.com : Non-Technician : New ticket submitted via
Email"
134874,2025-08-20 23:44:37,BHOPB\shiree.kowack,bhopb\rvoyer,"Orchid on Desktop ; DW Access, Teams, and Orchid","Hello,
I hope all is well. My Orchid is not on my Desktop and do not have access to it. Can you please download Orchid back on my desktop. In addition, my Teams is not allowing me to login as well.
Best Regards,
Shiree
-
Shiree Kowack
Operations Supervisor
Phone:
(978) 350-5003
Email:
shiree.kowack@banyancenters.com
83 Hospital Rd
Baldwinville, MA 01436
The information contained in this transmission may contain privileged and confidential information and is property of Banyan Treatment Centers, including patient information protected by federal and state privacy laws. It is intended only for the use of the
 person(s) named above. If you are not the intended recipient, you are hereby notified that any review, dissemination, distribution, or duplication of this communication is strictly prohibited. If you are not the intended recipient, please contact the sender
 by reply email and destroy all copies of the original message.
On 8/21/2025 1:03:52 AM :
I apologize. My computer is acting strange and must have erased some of my information.  Can you please give me access:
DW login
Orchid needs to be download back on to my desktop
Teams on my desktop is not working
Best Regards,
Shiree
-
Shiree Kowack
Operations Supervisor
Phone:
(978) 350-5003
Email:
shiree.kowack@banyancenters.com
83 Hospital Rd
Baldwinville, MA 01436
The information contained in this transmission may contain privileged and confidential information and is property of Banyan Treatment Centers, including patient information protected by federal and state privacy laws. It is intended only for the use of the
 person(s) named above. If you are not the intended recipient, you are hereby notified that any review, dissemination, distribution, or duplication of this communication is strictly prohibited. If you are not the intended recipient, please contact the sender
 by reply email and destroy all copies of the original message.",In progress,Normal,2025-08-21 08:25:58,,"08/22/2025 09:02 : bhopb\rvoyer : Technician : Messaged her on teams to. Not sure if she is in today or not.
08/22/2025 09:01 : bhopb\rvoyer : Technician : Your login information hasn't changed from last time. Which computer are you using? What happens when you try to log into teams? Do you get any error messages? If so, please tell us what those error messages are.
08/21/2025 08:25 : bhopb\rvoyer : Technician : Your login information hasn't changed from last time. Which computer are you using? What happens when you try to log into teams? Do you get any error messages? If so, please tell us what those error messages are.
08/21/2025 08:22 : bhopb\rvoyer : Technician : ticket was combined with ##134876
08/21/2025 06:59 : BHOPB\rmoll : Technician : The ticket has been assigned to technician: Ryan Voyer
08/21/2025 06:59 : BHOPB\rmoll : Technician : The ticket has been assigned to technician: Ryan Voyer
08/21/2025 01:03 : BHOPB\shiree.kowack : Non-Technician : New ticket submitted via
Email
08/20/2025 23:44 : BHOPB\shiree.kowack : Non-Technician : New ticket submitted via
Email"
134867,2025-08-20 17:03:23,BHOPB\mauricio.contreras,bhopb\cbowra,Chapel printer,"Good afternoon Helpdesk
Could someone please order two more of the toner waste bottles as I just replaced the one for chapel printer. Thanks,
Mauricio
-
Mauricio Contreras
Facility Manager
Phone:
(830) 283-3003
Email:
mauricio.contreras@banyancenters.com
4168 Co Rd 444
Waelder, TX 78959
The information contained in this transmission may contain privileged and confidential information and is property of Banyan Treatment Centers, including patient information protected by federal and state privacy laws. It is intended only for the use of the
 person(s) named above. If you are not the intended recipient, you are hereby notified that any review, dissemination, distribution, or duplication of this communication is strictly prohibited. If you are not the intended recipient, please contact the sender
 by reply email and destroy all copies of the original message.",New,Normal,,,"08/20/2025 17:28 : bhopb\love.shah : Technician : The ticket has been assigned to technician: Cleon Bowra
08/20/2025 17:03 : BHOPB\mauricio.contreras : Non-Technician : New ticket submitted via
Email"
134866,2025-08-20 17:00:24,BHOPB\jason.durrance,BHOPB\cgillett,Badge Needed,"Andrew Shell
BHT
Jason Durrance
Director of Operations
Phone:
(850) 677-0302 x3711
Fax:
(850) 677-0312
jason.durrance@banyancenters.com
www.banyantreatmentcenters.com
1830 Hickory Shores Rd
Gulf Breeze FL 32563
The information contained in this transmission may contain privileged and confidential information, including patient information protected by federal and state privacy laws. It is intended only for the use of the person(s) named above. If you are not the intended
 recipient, you are hereby notified that any review, dissemination, distribution, or duplication of this communication is strictly prohibited. If you are not the intended recipient, please contact the sender by reply email and destroy all copies of the original
 message.",In progress,Normal,2025-08-20 17:00:34,,"08/20/2025 17:07 : bhopb\love.shah : Technician : The ticket has been assigned to technician: Charlie G
08/20/2025 17:00 : BHOPB\jason.durrance : Non-Technician : New ticket submitted via
Email"
134862,2025-08-20 16:14:53,asterisk@pbx.banyancenters.com,BHOPB\jean.pierre,Lesley Adams - Laptop won't turn on - PBX Voicemail Notification,"Voicemail - Helpdesk,
There is a new voicemail for mailbox 2099:
From:	""HDesk-Tier2:BANYAN CENTERS"" <19542995642>
Length:	1:18 seconds
Date:	Wednesday, August 20, 2025 at 04:14:31 PM
Please find the voicemail attached to this email.",Shipped-Pending Delivery,Normal,2025-08-20 16:29:28,2025-08-25 14:04:00,"08/22/2025 11:11 : BHOPB\jean.pierre : Technician : 
08/21/2025 14:04 : BHOPB\jean.pierre : Technician : Due date has been changed: 8/25/2025 2:04 PM
08/21/2025 13:34 : BHOPB\jean.pierre : Technician : Status ➜ Shipped-Pending Delivery
08/21/2025 13:34 : BHOPB\jean.pierre : Technician : Return label attached to ticket as well. Please use the same box and return label for old laptop. Will stage for FedEx pickup today.
08/21/2025 13:30 : BHOPB\jean.pierre : Technician : 
08/21/2025 13:11 : BHOPB\jean.pierre : Technician : Custom fields - Edit Computer Name - PF3A3K1L | 02590
08/21/2025 13:06 : BHOPB\jean.pierre : Technician : You're guardian angel is on point, just got a laptop in and will update the ticket with a shipping label
08/21/2025 13:00 : BHOPB\jean.pierre : Technician : No change in troubleshooting. Will mail new laptop in when we have stock.
My address is 1741 Eastlake Parkway, Ste 102 #182, Chula Vista, CA 91915
08/21/2025 12:57 : BHOPB\jean.pierre : Technician : No change in troubleshooting. Will mail new laptop in when we have stock.
My address is 1741 Eastlake Parkway, Ste 102 #182, Chula Vista, CA 91915
08/21/2025 12:32 : BHOPB\jean.pierre : Technician : Edited the ticket
08/21/2025 11:19 : BHOPB\jean.pierre : Technician : Spoke with Lesley and she will try the reset pin hole on the back of the laptop. If that doesn't work, Lesley please send a shipping address so we can mail a new laptop and a return label for the old.
08/21/2025 11:15 : BHOPB\jean.pierre : Technician : 9542295642
08/21/2025 06:58 : BHOPB\rmoll : Technician : The ticket has been assigned to technician: jean.pierre
08/20/2025 17:24 : bhopb\love.shah : Technician : The ticket has been assigned to technician: Rick Moll
08/20/2025 17:21 : bhopb\love.shah : Technician : The ticket has been assigned to technician: [null]
08/20/2025 17:21 : bhopb\love.shah : Technician : The ticket has been assigned to technician: Rick Moll
08/20/2025 17:19 : bhopb\love.shah : Technician : The ticket has been assigned to technician: [null]
08/20/2025 17:19 : bhopb\love.shah : Technician : talk with user Lesley Adams-Williams she needs laptop replacement
08/20/2025 16:31 : bhopb\love.shah : Technician : Status ➜ Awaiting Customer Response
08/20/2025 16:31 : bhopb\love.shah : Technician : i called lesley adam williams on this mentioned but havent received response :-
08/20/2025 16:14 : asterisk@pbx.banyancenters.com : Non-Technician : New ticket submitted via
Email"
134856,2025-08-20 15:37:37,BHOPB\adrienne.robertson,BHOPB\dmui,Laptop Black Screen,"Hello-
My laptop screen is black.  I left it with IT to fix.  Thank you in advance.
-
Adrienne Robertson
Director of Operations
Phone:
(954) 533-7705 x1130
Email:
adrienne.robertson@banyancenters.com
950 N Federal Highway
Pompano Beach, FL 33062
The information contained in this transmission may contain privileged and confidential information and is property of Banyan Treatment Centers, including patient information protected by federal and state privacy laws. It is intended only for the use of the
 person(s) named above. If you are not the intended recipient, you are hereby notified that any review, dissemination, distribution, or duplication of this communication is strictly prohibited. If you are not the intended recipient, please contact the sender
 by reply email and destroy all copies of the original message.",In progress,Normal,2025-08-21 07:54:31,,"08/21/2025 08:50 : BHOPB\adrienne.robertson : Non-Technician : Hello-
Okay, let me know.  I really appreciate your help!
08/21/2025 07:54 : BHOPB\dmui : Technician : Testing the laptop I'll have to replace it. I can't give an estimated time because I am out of laptops but will update.
08/20/2025 16:18 : BHOPB\jean.pierre : Technician : The ticket has been assigned to technician: Don Mui
08/20/2025 15:39 : BHOPB\rmoll : Technician : The ticket has been assigned to technician: jean.pierre
08/20/2025 15:37 : BHOPB\adrienne.robertson : Non-Technician : New ticket submitted via
Email"
134842,2025-08-20 13:10:20,BHOPB\jean.pierre,BHOPB\rmoll,[PMP950] Room 109 & 107 printer is not responding,Please take a look at the printer.,Awaiting Customer Response,Normal,2025-08-20 13:10:46,2025-08-22 13:54:00,"08/20/2025 13:55 : BHOPB\jean.pierre : Technician : The ticket has been assigned to technician: Rick Moll
08/20/2025 13:54 : BHOPB\jean.pierre : Technician : Due date has been changed: 8/22/2025 1:54 PM
08/20/2025 13:24 : BHOPB\jean.pierre : Technician : Status ➜ Awaiting Customer Response
Status ➜ Awaiting Customer Response
08/20/2025 13:13 : BHOPB\jean.pierre : Technician : The printer in 107 has been physically disconnected and printer functions arent working. Multiple people have reported 109 being out of service and a I cannot ping it.
08/20/2025 13:11 : BHOPB\jean.pierre : Technician : Edited the ticket
08/20/2025 13:11 : BHOPB\jean.pierre : Technician : Hernan please take a look at this printer, the printer in 107 as well (2nd office; Emmanuel).
08/20/2025 13:10 : BHOPB\jean.pierre : Technician : 
08/20/2025 13:10 : BHOPB\jean.pierre : Technician : New ticket submitted via
Web app"
134841,2025-08-20 13:00:14,BHOPB\kassandra.melendez,BHOPB\jean.pierre,New Work Station Set-up,"Hello,
I wanted to request to have a new workstation set-up for an HR new hire, expected to start on 9/08/25.
He will be sitting on the cubicle right, across from my office and he’ll need the following equipment set-up:
2 monitors
Webcam
Desktop computer
Keyboard/mouse
A document scanner
Computer Headphones with Microphone
Phone line ( we have the equipment available to be relocated to the desk)
Let me know if you need additional information.
Thank you,
Kassandra Melendez
HR Business Partner
Phone:
(954) 533-7705 x165
kassandra.melendez@banyancenters.com
www.banyantreatmentcenters.com
225 N Federal Hwy
Pompano Beach FL 33062
The information contained in this transmission may contain privileged and confidential information, including patient information protected by federal and state privacy laws. It is intended only for the use of the person(s) named above. If you are not the intended recipient, you are hereby notified that any review, dissemination, distribution, or duplication of this communication is strictly prohibited. If you are not the intended recipient, please contact the sender by reply email and destroy all copies of the original message.",Shipped-Pending Delivery,Normal,2025-08-21 12:14:19,,"08/21/2025 15:19 : bhopb\brittany.obrien : Technician : The ticket has been assigned to technician: jean.pierre
08/21/2025 15:19 : bhopb\brittany.obrien : Technician : Scanners are on the way 😊
08/21/2025 12:14 : BHOPB\jean.pierre : Technician : The ticket has been assigned to technician: Brittany O'Brien
08/21/2025 12:14 : BHOPB\jean.pierre : Technician : Status ➜ Shipped-Pending Delivery
08/21/2025 12:14 : BHOPB\jean.pierre : Technician : Station has been set up.
@Brittany O'Brien
please order 2 generic scanners for this workstation and Kassandra. The ones they have are very old.
08/20/2025 16:39 : BHOPB\jean.pierre : Technician : Custom fields - Edit Computer Name - PMPCRPDK44
08/20/2025 13:09 : bhopb\love.shah : Technician : The ticket has been assigned to technician: jean.pierre
08/20/2025 13:09 : bhopb\love.shah : Technician : The ticket has been assigned to technician: jean.pierre
08/20/2025 13:00 : BHOPB\kassandra.melendez : Non-Technician : New ticket submitted via
Email"
134832,2025-08-20 12:11:14,alyssa.brule@banyancenters.com,BHOPB\jean.pierre,Equipment Request,"Hello,
May I please have the following equipment sent out?
Laptop
Mouse/Keyboard
Headset
Hub connection
1 Monitor
Rachel Lynch
Clinical Admissions Review Specialist
RachelLynch510@yahoo.com
561-632-7653
Address: 1830 46th Ave, Vero Beach, FL 32966
Account creation request for this individual will come through at a later date.
Thank you!
Alyssa
-
Alyssa Brule
Talent Acquisition Specialist
Phone:
(561) 527-7042
Email:
alyssa.brule@banyancenters.com
7859 Lake Worth Rd
Lake Worth, FL 33467
The information contained in this transmission may contain privileged and confidential information and is property of Banyan Treatment Centers, including patient information protected by federal and state privacy laws. It is intended only for the use of the
 person(s) named above. If you are not the intended recipient, you are hereby notified that any review, dissemination, distribution, or duplication of this communication is strictly prohibited. If you are not the intended recipient, please contact the sender
 by reply email and destroy all copies of the original message.",Scheduled,Normal,2025-08-21 12:15:15,,"08/21/2025 12:41 : BHOPB\jean.pierre : Technician : That is a separate issue and will require a separate ticket, with HR involved.
08/21/2025 12:37 : dmenendez@banyancenters.com : Non-Technician : Can we make sure the terminated employee Kellsie west returns her equipment she’s local
Danielle Stevens MSN,FNP-BC
National Director of Clinical Review
Phone:
(772) 200-4411 x302
Mobile:
(772) 634-6783
Fax:
(772) 324-6455
dmenendez@banyancenters.com
www.banyantreatmentcenters.com
201 SE Osceola St
Stuart FL 34994
The information contained in this transmission may contain privileged and confidential information, including patient information protected by federal and state privacy laws. It is intended only for the use of the person(s) named above. If you are not the intended
 recipient, you are hereby notified that any review, dissemination, distribution, or duplication of this communication is strictly prohibited. If you are not the intended recipient, please contact the sender by reply email and destroy all copies of the original
 message.
On Aug 21, 2025, at 12:15 PM, Help Desk <helpdesk@banyancenters.com> wrote:
﻿
08/21/2025 12:15 : BHOPB\jean.pierre : Technician : Status ➜ Scheduled
08/21/2025 12:15 : BHOPB\jean.pierre : Technician : We are currently out of laptops. When I have one prepared, Ill update the ticket with a shipping label.
08/20/2025 12:20 : bhopb\love.shah : Technician : The ticket has been assigned to technician: jean.pierre
08/20/2025 12:11 : alyssa.brule@banyancenters.com : Non-Technician : New ticket submitted via
Email"
134819,2025-08-20 11:02:45,marcangeletti@banyancenters.com,bhopb\kpunch,Provider Kiosk Langhorne,"Hello,
Can we please have a dedicated computer kiosk set up for the providers to use in Langhorne?
Thank you,
Michael Arcangeletti LCSW, CADC
Executive Director
Phone:
(570) 823-1171 x4010
Mobile:
(570) 351-7680
Fax:
(570) 270-6338
marcangeletti@banyancenters.com
www.banyantreatmentcenters.com
1100 E Northampton St
Laurel Run PA 18706
The information contained in this transmission may contain privileged and confidential information, including patient information protected by federal and state privacy laws. It is intended only for the use of the person(s) named above. If you are not the intended recipient, you are hereby notified that any review, dissemination, distribution, or duplication of this communication is strictly prohibited. If you are not the intended recipient, please contact the sender by reply email and destroy all copies of the original message.",In progress,Normal,2025-08-20 12:33:10,,"08/20/2025 12:33 : bhopb\kpunch : Technician : Hey Mike what kind of kiosk are you looking for? Or just like a normal computer on a desk? Let me know
08/20/2025 11:07 : BHOPB\rmoll : Technician : The ticket has been assigned to technician: Kieran Punch
08/20/2025 11:02 : marcangeletti@banyancenters.com : Non-Technician : New ticket submitted via
Email"
134818,2025-08-20 10:56:59,BHOPB\cgillett,bhopb\kpunch,rachel.tea@banyancenters.com  Stuart  Camera Export Request,"Please export the attached requested footage.
Facility: Stuart
Date of Export: 2025-08-14
Start time (Facility Local time): 11pm
End time (Facility Local time): 12am
Camera Name(s): 4F-Hallway
Comments: Needed for storage
-
Charlie Gillett
IT - Helpdesk Technician
Phone:
(561) 465-1000
Email:
cgillett@banyancenters.com
225 N. Federal Highway
Pompano Beach, FL 33062
The information contained in this transmission may contain privileged and confidential information and is property of Banyan Treatment Centers, including patient information protected by federal and state privacy laws. It is intended only for the use of the
 person(s) named above. If you are not the intended recipient, you are hereby notified that any review, dissemination, distribution, or duplication of this communication is strictly prohibited. If you are not the intended recipient, please contact the sender
 by reply email and destroy all copies of the original message.",New,Normal,,,"08/20/2025 11:07 : BHOPB\rmoll : Technician : The ticket has been assigned to technician: Kieran Punch
08/20/2025 10:56 : BHOPB\cgillett : Technician : New ticket submitted via
Email"
134816,2025-08-20 10:44:44,BHOPB\david.hader,BHOPB\jean.pierre,Tampa - new hire Nelson Torres,"GM - Nelson Torres,  the maintenance new hire for the Tampa facility, is starting Monday 8/25
Please provide
Laptop  -
NEEDS to be on site by Monday
Assigned an email
and added to any necessary established email groups
Log in info/access; Outlook, Teams, etc.
Badge
Also, please set up a maintenance work order location for Tampa and add all categories. Ensure Nelson can access it.
Thanks, Dave
David Hader
National Director of Construction and Facilities
Phone:
(954) 254-8155
david.hader@banyancenters.com
www.banyantreatmentcenters.com
Pompano Beach Florida 33062
The information contained in this transmission may contain privileged and confidential information, including patient information protected by federal and state privacy laws. It is intended only for the use of the person(s) named above. If you are not the intended
 recipient, you are hereby notified that any review, dissemination, distribution, or duplication of this communication is strictly prohibited. If you are not the intended recipient, please contact the sender by reply email and destroy all copies of the original
 message.",Shipped-Pending Delivery,Normal,2025-08-20 11:03:04,,"08/21/2025 10:59 : BHOPB\jean.pierre : Technician : Status ➜ Shipped-Pending Delivery
08/21/2025 10:59 : BHOPB\jean.pierre : Technician : Laptop staged for FedEx pickup
08/21/2025 10:41 : BHOPB\jean.pierre : Technician : Status ➜ Awaiting Customer Response
08/21/2025 10:19 : BHOPB\jean.pierre : Technician : - Do we have a passport-style photo for his badge?
- I've bookmarked the maintenance page on both Edge and Google Chrome.
- I've copied Patrick Tyson's profile from Pompano Maintenance but if you find something missing, please send lmk/send a ticket.
08/21/2025 10:15 : BHOPB\david.hader : Non-Technician : Please change shipping so it arrives by 10am.
Thanks, Dave
08/21/2025 10:12 : BHOPB\jean.pierre : Technician : 
08/21/2025 09:43 : BHOPB\jean.pierre : Technician : - Do we have a passport-style photo for his badge?
- I've bookmarked the maintenance page on both Edge and Google Chrome.
- I've copied Patrick Tyson's profile from Pompano Maintenance but if you find something missing, please send lmk/send a ticket.
Computer Login
Username: nelson.torres
Password: flatTree44*
------------------------
Login for email
email: nelson.torres@banyancenters.com
Password: flatTree44*
------------------------
08/21/2025 09:39 : BHOPB\jean.pierre : Technician : Custom fields - Edit Computer Name - PF2LPVBQ | 02229
08/21/2025 09:17 : BHOPB\jean.pierre : Technician : Computer Login
Username: nelson.torres
Password: flatTree44*
------------------------
Login for email
email: nelson.torres@banyancenters.com
Password: flatTree44*
------------------------
KIPU
Username: nelson.torres@banyancenters.com
Password: (an email will be sent to register your account and link will remain active for 24 hours)
-------------------------
08/21/2025 09:15 : BHOPB\jean.pierre : Technician : Adding HR
; Please go through HR with
all new hires
. Not only is there account creation on our side, but payroll has to be notified for creation on their side. I do not see a new hire request for Nelson Torres.
08/20/2025 11:28 : BHOPB\david.hader : Non-Technician : Ship to site
08/20/2025 11:03 : BHOPB\rmoll : Technician : The ticket has been assigned to technician: jean.pierre
08/20/2025 11:03 : BHOPB\rmoll : Technician : Good morning,
David, could you please share the address for shipping?
Regards,
Rick Moll
IT Department
(561) 465-1708
email - rmoll@banyancenters.com
08/20/2025 10:44 : BHOPB\david.hader : Non-Technician : New ticket submitted via
Email"
134811,2025-08-20 10:26:29,tmoyer@banyancenters.com,bhopb\kpunch,Camera access,"Good morning, I need camera access for Delaware on my new computer: MFDDK121.
Tina M. Moyer, MA, LCDP, LMSW, ICAADC, CSPS
Executive Director
Phone:
(302) 315-0002 x266
Fax:
(302) 725-0030
tmoyer@banyancenters.com
www.banyantreatmentcenters.com
21 W Clarke Ave Suite 4001
Milford DE 19963
The information contained in this transmission may contain privileged and confidential information, including patient information protected by federal and state privacy laws. It is intended only for the use of the person(s) named above. If you are not the intended
 recipient, you are hereby notified that any review, dissemination, distribution, or duplication of this communication is strictly prohibited. If you are not the intended recipient, please contact the sender by reply email and destroy all copies of the original
 message.",In progress,Normal,2025-08-21 12:36:57,,"08/21/2025 13:45 : tmoyer@banyancenters.com : Non-Technician : MFDDK09
08/21/2025 12:36 : bhopb\kpunch : Technician : Hi, what was your previous computer's name?
08/20/2025 15:37 : BHOPB\rmoll : Technician : The ticket has been assigned to technician: Kieran Punch
08/20/2025 10:30 : bhopb\love.shah : Technician : The ticket has been assigned to technician: Rick Moll
08/20/2025 10:26 : tmoyer@banyancenters.com : Non-Technician : New ticket submitted via
Email"
134786,2025-08-19 21:06:29,BHOPB\eric.quick,BHOPB\cgillett,"gm, picture for Employee Badge - BGB PRN Therapist - Brandy Reese, MA.","Eric Quick,
LMHC, MCAP, CRRA.
C
linical
Director
Phone:
(850) 605-3731
eric.quickl@banyancenters.com
www.banyantreatmentcenters.com
4400 Hickory Shores Blvd
Gulf Breeze FL 32563
-
Eric Quick
Clinical Director
Phone:
(850) 677-0302
Email:
eric.quick@banyancenters.com
,
The information contained in this transmission may contain privileged and confidential information and is property of Banyan Treatment Centers, including patient information protected by federal and state privacy laws. It is intended only for the use of the
 person(s) named above. If you are not the intended recipient, you are hereby notified that any review, dissemination, distribution, or duplication of this communication is strictly prohibited. If you are not the intended recipient, please contact the sender
 by reply email and destroy all copies of the original message.",New,Normal,,,"08/20/2025 08:04 : BHOPB\rmoll : Technician : The ticket has been assigned to technician: Charlie G
08/19/2025 21:06 : BHOPB\eric.quick : Non-Technician : New ticket submitted via
Email"
134782,2025-08-19 17:41:59,bhopb\bduke,BHOPB\dmui,VPN Software for PSPLP26 (Approved by Houchin),"As noted in the screenshot.  Jeff Houchin approved to have the VPN software added for remote Orchid camera access on PSPLP26
Laptop is signed in as me and on the Banyan network.
-
Bryan Duke
Director of Operations
Phone:
(760) 616-5800 x809
Email:
bduke@banyancenters.com
67580 Jones Rd
Cathedral City, CA 92234
The information contained in this transmission may contain privileged and confidential information and is property of Banyan Treatment Centers, including patient information protected by federal and state privacy laws. It is intended only for the use of the
 person(s) named above. If you are not the intended recipient, you are hereby notified that any review, dissemination, distribution, or duplication of this communication is strictly prohibited. If you are not the intended recipient, please contact the sender
 by reply email and destroy all copies of the original message.",New,Normal,,,"08/19/2025 18:13 : BHOPB\rmoll : Technician : The ticket has been assigned to technician: Don Mui
08/19/2025 17:41 : bhopb\bduke : Non-Technician : New ticket submitted via
Email"
134773,2025-08-19 14:26:14,bhopb\adorfman,BHOPB\ishwar.gujjarwar,Email Groups Needed,"Hi — can I please have the following emails groups made with the members listed?
Thank you
Palm Springs - PalmSpringsCensus
pdentremont@banyancenters.com
marcia.lewis@banyancenters.com
bduke@banyancenters.com
lsantiago@banyancenters.com
john.hams@banyancenters.com
Heartland - HeartlandCensus
silas.farrow@banyancenters.com
tweiss@banyancenters.com
afortin@banyancenters.com
silas.farrow@banyancenters.com
hwassell@banyancenters.com
Lisle - ChicagoCensus
silas.farrow@banyancenters.com
afortin@banyancenters.com
tweiss@banyancenters.com
natalie.haines@banyancenters.com
maggie.smith@banyancenters.com
Castle Rock - CastleRockCensus
mark.blakeley@banyancenters.com
alexis.randolph@banyancenters.com
dennis.ewing@banyancenters.com
colton.martinez@banyancenters.com
Texas - WaelderCensus
sandy.hollier@banyancenters.com
jamie.farmer@banyancenters.com
debra.hall@banyancenters.com
lillian.hunt@banyancenters.com
niki.gilmore@banyancenters.com
AK - AlaskaCensus
cary.wallum@banyancenters.com
David.Wakefield@banyancenters.com
valerie.brock@banyancenters.com
mia.sutton@banyancenters.com
Pompano - PompanoCensus
cheryl.pfeffer@banyancenters.com
jkelsey@banyancenters.com
ohora@banyancenters.com
sonja.doblas@banyancenters.com
Boca - BocaCensus
ahoran@banyancenters.com
mlevinson@banyancenters.com
cvespucci@banyancenters.com
nblackburn@banyancenters.com
Bhopb - BHOPBCensus
joseph.mcnair@banyancenters.com
mborsos@banyancenters.com
jennifer.tiech@banyancenters.com
gdaverman@banyancenters.com
jmyerson@banyancenters.com
Stuart - StuartCensus
jgarcia@banyancenters.com
jmaypole@banyancenters.com
gcallow@banyancenters.com
Sebring - SebringCensus
jgarcia@banyancenters.com
shontanique.roux@banyancenters.com
abigail.fraga@banyancenters.com
Gulf Breeze - GulfBreezeCensus
lee.barnes@banyancenters.com
eric.quick@banyancenters.com
jason.durrance@banyancenters.com
jakeida.lett@banyancenters.com
CBMA - CBMACensus
johnathan.simpson@banyancenters.com
jacqueline.fletcher@banyancenters.com
nicole.murphy@banyancenters.com
bshy@banyancenters.com
ndimucci@banyancenters.com
CBPA - CBPACensus
marcangeletti@banyancenters.com
sfischer@banyancenters.com
ibryan@banyancenters.com
kim.sukowaski@banyancenters.com
ktanner@banyancenters.com
DE -  DECensus
tmoyer@banyancenters.com
arlene.wood@banyancenters.com
dcollins@banyancenters.com
tseramone@banyancenters.com
johanna.johnson@banyancenters.com
mprice@banyancenters.com
erichardson@banyancenters.com
Philly - PhillyCensus
marcangeletti@banyancenters.com
amanda.usewicz@banyancenters.com
alavin@banyancenters.com
tdeluca@banyancenters.com
Abigail Dorfman
National Business Development Manager
Phone:
(215) 219-0075
adorfman@banyancenters.com
www.banyantreatmentcenters.com
225 N. Federal Hwy
Pompano Beach FL 33062
The information contained in this transmission may contain privileged and confidential information, including patient information protected by federal and state privacy laws. It is intended only for the use of the person(s) named above. If you are not the intended
 recipient, you are hereby notified that any review, dissemination, distribution, or duplication of this communication is strictly prohibited. If you are not the intended recipient, please contact the sender by reply email and destroy all copies of the original
 message.",In progress,Normal,2025-08-19 15:07:53,,"08/21/2025 15:26 : BHOPB\jscheringer : Technician : The ticket has been re-opened
08/21/2025 15:26 : BHOPB\jscheringer : Technician : I have renamed the groups as follows:
Palm Springs - PalmSpringsCensuspalmspringsCensus@banyancenters.com- new email: SFDailyCensusPalmSprings@banyancenters.com
Heartland - HeartlandCensusheartlandCensus@banyancenters.com- new email: SFDailyCensusHeartland@banyancenters.com
Sebring - SebringCensussebringCensus@banyancenters.com- new email: SFDailyCensusSebring@banyancenters.com
Philly - PhillyCensusphillyCensus@banyancenters.com- new email: SFDailyCensusPhilly@banyancenters.com
Pompano - PompanoCensuspompanoCensus@banyancenters.com- new email: SFDailyCensusPompano@banyancenters.com
Boca - BocaCensusbocaCensus@banyancenters.com- new email: SFDailyCensusBoca@banyancenters.com
Lisle - ChicagoCensuschicagoCensus@banyancenters.com- new email: SFDailyCensusLisle@banyancenters.com
Castle Rock - CastleRockCensuscastlerockCensus@banyancenters.com- new email: SFDailyCensusCastleRock@banyancenters.com
Texas - WaelderCensuswaelderCensus@banyancenters.com- new email: SFDailyCensusWaelder@banyancenters.com
AK - AlaskaCensusalaskaCensus@banyancenters.com- new email: SFDailyCensusWasilla@banyancenters.com
Bhopb - BHOPBCensusbhopbCensus@banyancenters.com- new email: SFDailyCensusLakeWorth@banyancenters.com
Stuart - StuartCensusStuartCensus@banyancenters.com- new email: SFDailyCensusStuart@banyancenters.com
Gulf Breeze - GulfBreezeCensusgulfbreezeCensus@banyancenters.com- new email: SFDailyCensusGulfBreeze@banyancenters.com
CBMA - CBMACensuscbmaCensus@banyancenters.com- new email: SFDailyCensusCBMass@banyancenters.com
CBPA - CBPACensus cbpaCensus@banyancenters.com- new email: SFDailyCensusClearbrook@banyancenters.com
DE -  DECensusdeCensus@banyancenters.com- new email: SFDailyCensusMilford@banyancenters.com
08/19/2025 17:33 : BHOPB\ishwar.gujjarwar : Technician : Mail IDs
Palm Springs -
  PalmSpringsCensus
palmspringscensus@banyancenters.com
pdentremont@banyancenters.com
marcia.lewis@banyancenters.com
bduke@banyancenters.com
lsantiago@banyancenters.com
john.hams@banyancenters.com
Heartland - HeartlandCensus
heartlandcensus@banyancenters.com
silas.farrow@banyancenters.com
tweiss@banyancenters.com
afortin@banyancenters.com
silas.farrow@banyancenters.com
hwassell@banyancenters.com
Lisle - ChicagoCensus
chicagocensus@banyancenters.com
silas.farrow@banyancenters.com
afortin@banyancenters.com
tweiss@banyancenters.com
natalie.haines@banyancenters.com
maggie.smith@banyancenters.com
Castle Rock - CastleRockCensus
castlerockcensus@banyancenters.com
mark.blakeley@banyancenters.com
alexis.randolph@banyancenters.com
dennis.ewing@banyancenters.com
colton.martinez@banyancenters.com
Texas - WaelderCensus
waeldercensus@banyancenters.com
sandy.hollier@banyancenters.com
jamie.farmer@banyancenters.com
debra.hall@banyancenters.com
lillian.hunt@banyancenters.com
niki.gilmore@banyancenters.com
AK - AlaskaCensus
alaskacensus@banyancenters.com
cary.wallum@banyancenters.com
David.Wakefield@banyancenters.com
valerie.brock@banyancenters.com
mia.sutton@banyancenters.com
Pompano - PompanoCensus
pompanocensus@banyancenters.com
cheryl.pfeffer@banyancenters.com
jkelsey@banyancenters.com
ohora@banyancenters.com
sonja.doblas@banyancenters.com
Boca - BocaCensus
bocacensus@banyancenters.com
ahoran@banyancenters.com
mlevinson@banyancenters.com
Cannot find user - mlevinson@banyancenters.com
cvespucci@banyancenters.com
nblackburn@banyancenters.com
Bhopb - BHOPBCensus
bhopbcensus@banyancenters.com
joseph.mcnair@banyancenters.com
mborsos@banyancenters.com
jennifer.tiech@banyancenters.com
gdaverman@banyancenters.com
jmyerson@banyancenters.com
Stuart - StuartCensus
StuartCensus@banyancenters.com
jgarcia@banyancenters.com
jmaypole@banyancenters.com
gcallow@banyancenters.com
Sebring - SebringCensus
sebringcensus@banyancenters.com
jgarcia@banyancenters.com
shontanique.roux@banyancenters.com
abigail.fraga@banyancenters.com
Gulf Breeze - GulfBreezeCensus
gulfbreezecensus@banyancenters.com
lee.barnes@banyancenters.com
eric.quick@banyancenters.com
jason.durrance@banyancenters.com
jakeida.lett@banyancenters.com
CBMA - CBMACensus
cbmacensus@banyancenters.com
johnathan.simpson@banyancenters.com
jacqueline.fletcher@banyancenters.com
nicole.murphy@banyancenters.com
bshy@banyancenters.com
ndimucci@banyancenters.com
CBPA - CBPACensus
cbpacensus@banyancenters.com
marcangeletti@banyancenters.com
sfischer@banyancenters.com
ibryan@banyancenters.com
kim.sukowaski@banyancenters.com
ktanner@banyancenters.com
DE -  DECensus
decensus@banyancenters.com
tmoyer@banyancenters.com
arlene.wood@banyancenters.com
dcollins@banyancenters.com
tseramone@banyancenters.com
johanna.johnson@banyancenters.com
mprice@banyancenters.com
erichardson@banyancenters.com
Philly - PhillyCensus
phillycensus@banyancenters.com
marcangeletti@banyancenters.com
amanda.usewicz@banyancenters.com
alavin@banyancenters.com
tdeluca@banyancenters.com
--------------------------------------------------------------------------------------------------------
--------------------------------------------------------------------------------------------------------
--------------------------------------------------------------------------------------------------------
---------------------------------------------------------------------------------------
----------------------------------------------------------------------------------------
---------------------------------------------------------------------------------------
-----------------------------------------------------------------------------
Cannot find user - mlevinson@banyancenters.com
----------------------------------------------------------------------------------
-----------------------------------------------------------------------------
StuartCensus already exists with alot of users.
-----------------------------------------------------------------------------
--------------------------------------------------------------------------------------------
--------------------------------------------------------------------------------------
---------------------------------------------------------------------------------
-------------------------------------------------------------------------
--------------------------------------------------------------------------------
----------------------DONE------------------------
08/19/2025 15:08 : BHOPB\rmoll : Technician : @Ishwar Gujjarwar
, please assist with the request
Regards,
Rick Moll
IT Department
(561) 465-1708
email - rmoll@banyancenters.com
08/19/2025 15:08 : BHOPB\rmoll : Technician : The ticket has been assigned to technician: Ishwar Gujjarwar
08/19/2025 14:26 : bhopb\adorfman : Non-Technician : New ticket submitted via
Email"
134771,2025-08-19 13:48:59,scott.gunnell@banyancenters.com,BHOPB\dmui,Phone,"Good am. I could use some assistance if you could please. The company phone I was issued has not been working since 7/31/25 it would appear. It shows SOS on the screen. These are the particulars on the phone.
Model # NGF73LL/A
Serial Number DX3HDA5R0DXT
Phone Number: 907-232-3135
Equipment ID 01686
I thank you for your help.
My personal number is 907-841-6563 if you need to contact me.
Scott
-
Scott Gunnell
Transportation Specialist
Phone:
(907) 290-5450 x7219
Email:
scott.gunnell@banyancenters.com
4701 Begich Cir
Wasilla, AK 99654
The information contained in this transmission may contain privileged and confidential information and is property of Banyan Treatment Centers, including patient information protected by federal and state privacy laws. It is intended only for the use of the
 person(s) named above. If you are not the intended recipient, you are hereby notified that any review, dissemination, distribution, or duplication of this communication is strictly prohibited. If you are not the intended recipient, please contact the sender
 by reply email and destroy all copies of the original message.",In progress,Normal,2025-08-19 14:09:12,,"08/19/2025 19:26 : scott.gunnell@banyancenters.com : Non-Technician : Just as info, our other Transportation phones are still able to call out and receive.
08/19/2025 14:09 : BHOPB\dmui : Technician : I will take a look into it but the Verizon site is down. Will check later.
08/19/2025 14:03 : BHOPB\rmoll : Technician : The ticket has been assigned to technician: Don Mui
08/19/2025 13:48 : scott.gunnell@banyancenters.com : Non-Technician : New ticket submitted via
Email"
134770,2025-08-19 13:30:44,scott.hesseltine@banyancenters.com,BHOPB\ishwar.gujjarwar,Need 3 Microsoft Channels Created,"Spoke with Jeff and he directed me to put in a helpdesk ticket in order to engage the Microsoft Azure team.
Need to set up 3 Microsoft Channels for a communication project that will be used to inform each of the regions.  I have specific details and members to be included in each channel, will await next steps from helpdesk.
Thanks,
Scott
Scott Hesseltine
Regional Executive Director
Phone:
(561) 465-1000
scott.hesseltine@banyancenters.com
www.banyantreatmentcenters.com
950 N Federal Hwy
Pompano Beach FL 33062
The information contained in this transmission may contain privileged and confidential information, including patient information protected by federal and state privacy laws. It is intended only for the use of the person(s) named above. If you are not the intended
 recipient, you are hereby notified that any review, dissemination, distribution, or duplication of this communication is strictly prohibited. If you are not the intended recipient, please contact the sender by reply email and destroy all copies of the original
 message.",In progress,Normal,2025-08-19 13:32:39,2025-08-22 17:33:00,"08/22/2025 08:28 : BHOPB\ishwar.gujjarwar : Technician : Thanks for the Information Scott.
I'm reviewing the attached info and document and will update regarding this task till the EOD today.
Also I look forward to complete this today itself.
Thanks for your patience and co-operation.
Regards
08/21/2025 17:09 : BHOPB\ishwar.gujjarwar : Technician : Due date has been changed: 8/22/2025 5:33 PM
08/20/2025 15:56 : scott.hesseltine@banyancenters.com : Non-Technician : Rick,
Attached please find the distribution list for each region.  The names highlighted in yellow should be able to edit the distribution list moving forward.  In addition please allow me, Beau Lynch, and Michelle Parks to have edit privileges.
The purpose of the channel is to provide communication thread across disciplines to best communicate patient discharges to hospital, discharges AMA, and Non-Admissions.  Please title each channel as below and make them private:
North -  Regional Notification Alert:  AMA/Non-Admit/DC to Hospital
South -  Regional Notification Alert:  AMA/Non-Admit/DC to Hospital
West -  Regional Notification Alert:  AMA/Non-Admit/DC to Hospital
Thank you for your help with this!
Best,
Scott
08/19/2025 17:33 : BHOPB\ishwar.gujjarwar : Technician : Due date has been changed: 8/20/2025 5:33 PM
08/19/2025 14:02 : BHOPB\rmoll : Technician : @Ishwar Gujjarwar
, please assist Scott with the request.
@scott, Please send us the names, the channels (and specify whether they will be private or public), as well as the members for each one.
Regards,
Rick Moll
IT Department
(561) 465-1708
email - rmoll@banyancenters.com
08/19/2025 13:55 : BHOPB\rmoll : Technician : The ticket has been assigned to technician: Ishwar Gujjarwar
08/19/2025 13:30 : scott.hesseltine@banyancenters.com : Non-Technician : New ticket submitted via
Email"
134769,2025-08-19 13:29:48,BHOPB\lee.barnes,BHOPB\cgillett,Gulf Breeze badge,"Please create a Gulf Breeze badge for:
Madeline Chambers
ARNP
Get
Outlook for iOS
Lee Barnes
Executive Director
Phone:
(850) 677-0302 x3710
Fax:
(850) 677-0312
lee.barnes@banyancenters.com
www.banyantreatmentcenters.com
1830 Hickory Shores Rd
Gulf Breeze FL 32563
The information contained in this transmission may contain privileged and confidential information, including patient information protected by federal and state privacy laws. It is intended only for the use of the person(s) named above. If you are not the intended
 recipient, you are hereby notified that any review, dissemination, distribution, or duplication of this communication is strictly prohibited. If you are not the intended recipient, please contact the sender by reply email and destroy all copies of the original
 message.",In progress,Normal,2025-08-19 13:44:04,,"08/21/2025 12:36 : bhopb\adnan.tamboli : Technician : The ticket has been assigned to technician: Charlie G
08/21/2025 12:35 : bhopb\adnan.tamboli : Technician : Assigning this ticket to
@Charlie G
08/20/2025 14:52 : bhopb\adnan.tamboli : Technician : Gulf breeze Badge Printer is Offline
08/19/2025 13:29 : BHOPB\lee.barnes : Non-Technician : New ticket submitted via
Email"
134762,2025-08-19 11:37:14,daniel.page@banyancenters.com,bhopb\brittany.obrien,Computer charger,"Hi, my laptop charger has stopped working. Am I able to get a new one sent when possible please? I have the Lenovo ThinkPad.
Daniel Page
Admissions Coordinator
daniel.page@banyancenters.com
The information contained in this transmission may contain privileged and confidential information, and is property of Banyan Treatment Centers, including patient information protected by federal and state privacy laws. It is intended only for the use of the
 person(s) named above. If you are not the intended recipient, you are hereby notified that any review, dissemination, distribution, or duplication of this communication is strictly prohibited. If you are not the intended recipient, please contact the sender
 by reply email and destroy all copies of the original message.
Daniel Page
Specialty Admissions Coordinator
Phone:
844-871-6711
daniel.page@banyancenters.com
www.banyantreatmentcenters.com
225 N Federal Highway, Suite 105
Pompano Beach Florida 19963
The information contained in this transmission may contain privileged and confidential information, including patient information protected by federal and state privacy laws. It is intended only for the use of the person(s) named above. If you are not the intended
 recipient, you are hereby notified that any review, dissemination, distribution, or duplication of this communication is strictly prohibited. If you are not the intended recipient, please contact the sender by reply email and destroy all copies of the original
 message.",Shipped-Pending Delivery,Normal,2025-08-19 11:38:05,2025-08-25 08:10:00,"08/22/2025 16:41 : bhopb\brittany.obrien : Technician : Hi Daniel,
The laptop charger is on the way, it will arrive tomorrow before 8AM. Would you please let us know once it arrives to you so I may close this ticket.
Thank you and have a great weekend,
Brittany 😊
08/22/2025 16:39 : bhopb\brittany.obrien : Technician : Status ➜ Shipped-Pending Delivery
08/22/2025 16:15 : bhopb\brittany.obrien : Technician : Due date has been changed: 8/25/2025 8:10 AM
08/22/2025 16:15 : bhopb\brittany.obrien : Technician : 
08/19/2025 11:38 : daniel.page@banyancenters.com : Non-Technician : 12573 Woodmill Drive, Palm Beach Gardens, FL 33418
Daniel Page
Admissions Coordinator
daniel.page@banyancenters.com
The information contained in this transmission may contain privileged and confidential information, and is property of Banyan Treatment Centers, including patient information protected by federal and state privacy laws. It is intended only for the use of the
 person(s) named above. If you are not the intended recipient, you are hereby notified that any review, dissemination, distribution, or duplication of this communication is strictly prohibited. If you are not the intended recipient, please contact the sender
 by reply email and destroy all copies of the original message.
08/19/2025 11:38 : BHOPB\rmoll : Technician : The ticket has been assigned to technician: Brittany O'Brien
08/19/2025 11:38 : BHOPB\rmoll : Technician : Please share your address.
Regards,
Rick Moll
IT Department
(561) 465-1708
email - rmoll@banyancenters.com
08/19/2025 11:37 : daniel.page@banyancenters.com : Non-Technician : New ticket submitted via
Email"
134750,2025-08-19 10:45:44,BHOPB\amanda.usewicz,bhopb\brittany.obrien,Printer,"I have a desktop printer. It is an Epson ET-2760. I was getting an error message that the ink pad was full and to contact Epson. I bought a replacement ink pad and changed it and I am still getting the same error message. I have reached out to Epson and can't
 find a resolution for the issue. I am not sure if this is something you guys can help with me with but I can't use my printer currently.
-
Amanda Usewicz
Director of Operations
Phone:
(215) 249-6226 x611
Email:
amanda.usewicz@banyancenters.com
100 N Bucks Town Dr Suite 100E
Langhorne, PA 19047
The information contained in this transmission may contain privileged and confidential information and is property of Banyan Treatment Centers, including patient information protected by federal and state privacy laws. It is intended only for the use of the
 person(s) named above. If you are not the intended recipient, you are hereby notified that any review, dissemination, distribution, or duplication of this communication is strictly prohibited. If you are not the intended recipient, please contact the sender
 by reply email and destroy all copies of the original message.",In progress,Normal,2025-08-19 10:49:08,,"08/25/2025 04:23 : BHOPB\rmoll : Technician : @Brittany O'Brien
, please send her one unit - https://a.co/d/1xPIrFX
Regards,
Rick Moll
IT Department
(561) 465-1708
email - rmoll@banyancenters.com
08/25/2025 04:21 : BHOPB\rmoll : Technician : The ticket has been assigned to technician: Brittany O'Brien
08/19/2025 10:45 : BHOPB\amanda.usewicz : Non-Technician : New ticket submitted via
Email"
134749,2025-08-19 10:38:59,lorissa.jackson@banyancenters.com,bhopb\brittany.obrien,Camera,"Hello, my web cam burnt out this past week and will not turn on. Is it possible to get a new one sent to my home as I work from home and I have team meetings all day Tuesdays, Wednesdays and Thursdays which I have to be on Camera for.
Thank you 🙂
Lorissa Short
Business Development Liaison
Mobile:
(484) 242-9317
Fax:
(888) 241-7620
lorissa.jackson@banyancenters.com
www.banyantreatmentcenters.com
The information contained in this transmission may contain privileged and confidential information, including patient information protected by federal and state privacy laws. It is intended only for the use of the person(s) named above. If you are not the intended
 recipient, you are hereby notified that any review, dissemination, distribution, or duplication of this communication is strictly prohibited. If you are not the intended recipient, please contact the sender by reply email and destroy all copies of the original
 message.",New,Normal,2025-08-19 10:49:34,,"08/19/2025 10:49 : BHOPB\rmoll : Technician : Please share your address
Regards,
Rick Moll
IT Department
(561) 465-1708
email - rmoll@banyancenters.com
08/19/2025 10:49 : BHOPB\rmoll : Technician : The ticket has been assigned to technician: Brittany O'Brien
08/19/2025 10:38 : lorissa.jackson@banyancenters.com : Non-Technician : New ticket submitted via
Email"
134739,2025-08-19 09:42:44,BHOPB\cgillett,bhopb\cbowra,joseph.mcnair@banyancenters.com  Lake Worth (CADS)  Camera Export Request,"Please export the attached requested footage.
Facility: Lake Worth (CADS)
Date of Export: 2025-08-16
Start time (Facility Local time): 08:51 PM
End time (Facility Local time): 10:25 PM
Camera Name(s): Group Room A
Comments: Two clients engaged in coupling.
-
Charlie Gillett
IT - Helpdesk Technician
Phone:
(561) 465-1000
Email:
cgillett@banyancenters.com
225 N. Federal Highway
Pompano Beach, FL 33062
The information contained in this transmission may contain privileged and confidential information and is property of Banyan Treatment Centers, including patient information protected by federal and state privacy laws. It is intended only for the use of the
 person(s) named above. If you are not the intended recipient, you are hereby notified that any review, dissemination, distribution, or duplication of this communication is strictly prohibited. If you are not the intended recipient, please contact the sender
 by reply email and destroy all copies of the original message.",New,Normal,,,"08/19/2025 10:15 : BHOPB\rmoll : Technician : The ticket has been assigned to technician: Cleon Bowra
08/19/2025 09:42 : BHOPB\cgillett : Technician : New ticket submitted via
Email"
134734,2025-08-19 08:15:54,jennifer.tiech@banyancenters.com,BHOPB\rmoll,Desk and phone in Pompano office - room 217,"Can someone help with phone and computer here In this office.
Appreciate it
Thanks!
Get
Outlook for iOS
Jennifer Tiech, LMHC
Executive Director of Outpatient Services
Phone:
(561) 465-1000 x3461
jennifer.tiech@banyancenters.com
www.banyantreatmentcenters.com
7859 Lake Worth Rd
Lake Worth FL 33467
The information contained in this transmission may contain privileged and confidential information, including patient information protected by federal and state privacy laws. It is intended only for the use of the person(s) named above. If you are not the intended
 recipient, you are hereby notified that any review, dissemination, distribution, or duplication of this communication is strictly prohibited. If you are not the intended recipient, please contact the sender by reply email and destroy all copies of the original
 message.",In progress,Normal,2025-08-19 08:22:34,,"08/19/2025 08:22 : BHOPB\rmoll : Technician : Can you please tell us what needs to be done?
Regards,
Rick Moll
IT Department
(561) 465-1708
email - rmoll@banyancenters.com
08/19/2025 08:15 : jennifer.tiech@banyancenters.com : Non-Technician : New ticket submitted via
Email"
134733,2025-08-19 08:00:39,kayla.reiter@banyancenters.com,bhopb\cweyer,Telehealth Medication Management - Add Question/Update - Salesforce,"Good Morning -
We are expanding medication management services to different states now. In the new care coordination section, can you add the following question and shorten the other questions:
Internal Medication Management? Yes or No -
Keep as is.
** New Question: State?
Add a picklist of California, Colorado, Florida.
Initial Appointment Date - Int MM - change to:
Initial-MM
Follow Up Appointment #1 - Int MM - change to
Follow-Up #1-MM
Follow Up Appointment #1 - Int MM - change to
Follow-Up #2-MM
Follow Up Appointment #1 - Int MM - change to
Follow-Up #3-MM
Follow Up Appointment #1 - Int MM - change to
Follow-Up #4-MM
DNR? -
Keep as is
External Referral?
- REMOVE
Internal MM Note - Keep as is, but make this field editable on the
Medication Management Report (Active)
Kayla Reiter
Director of Telehealth Development
Phone:
(844) 515-2098
Fax:
954-482-4470
kayla.reiter@banyancenters.com
www.banyantreatmentcenters.com
225 N Federal Hwy
Pompano Beach FL 33065
The information contained in this transmission may contain privileged and confidential information, including patient information protected by federal and state privacy laws. It is intended only for the use of the person(s) named above. If you are not the intended
 recipient, you are hereby notified that any review, dissemination, distribution, or duplication of this communication is strictly prohibited. If you are not the intended recipient, please contact the sender by reply email and destroy all copies of the original
 message.",In progress,Normal,2025-08-19 13:31:14,,"08/20/2025 08:18 : kayla.reiter@banyancenters.com : Non-Technician : You are the best!
Thank you!
Get
Outlook for iOS
Kayla Reiter
Director of Telehealth Development
Phone:
(844) 515-2098
Fax:
954-482-4470
kayla.reiter@banyancenters.com
www.banyantreatmentcenters.com
225 N Federal Hwy
Pompano Beach FL 33065
The information contained in this transmission may contain privileged and confidential information, including patient information protected by federal and state privacy laws. It is intended only for the use of the person(s) named above. If you are not the intended
 recipient, you are hereby notified that any review, dissemination, distribution, or duplication of this communication is strictly prohibited. If you are not the intended recipient, please contact the sender by reply email and destroy all copies of the original
 message.
08/20/2025 07:47 : meggan@1corconsulting.com : Non-Technician : This ticket is complete, however, we could not create a field called State because a field with that name already exists. I instead created a field called 'State-MM' and added it to the appropriate section of the layout.
Thank you.
08/19/2025 13:31 : bhopb\cweyer : Technician : Adding Meggan as she built the flows for you and other task items, and I'm unsure what all this will affect.
08/19/2025 12:53 : BHOPB\carlos.rios : Technician : The ticket has been assigned to technician: Chelsea Weyer
08/19/2025 08:11 : BHOPB\rmoll : Technician : The ticket has been assigned to technician: Carlos Rios
08/19/2025 08:11 : BHOPB\rmoll : Technician : The category has been changed: ""New Tickets"" ➜ ""Problem / Software: KIPU""
08/19/2025 08:00 : kayla.reiter@banyancenters.com : Non-Technician : New ticket submitted via
Email"
134726,2025-08-18 18:04:39,kyra.kester@banyancenters.com,bhopb\adnan.tamboli,Melissa Knight,"Hello,
Melissa Knight is trying to log into Microsoft (Teams) on her apps on her phone and it says her account is locked, contact support person to unlock it and to try again. Is this something you guys can please help with?
Thank you,
Kyra
Kyra Kester
Office Coordinator
(907) 290-5450 ext. 7205
kyra.kester@banyancenters.com
www.banyantreatmentcenters.com
4701 E Begich Circle • Wasilla • AK • 99654
The information contained in this transmission may contain privileged and confidential information, including patient information protected by federal and state privacy laws. It is intended only for the use of the person(s) named above. If you are not the intended
 recipient, you are hereby notified that any review, dissemination, distribution, or duplication of this communication is strictly prohibited. If you are not the intended recipient, please contact the sender by reply email and destroy all copies of the original
 message.
Book time to
 meet with me
-
Kyra Kester
Office Coordinator
Phone:
(907) 290-5450 x7205
Email:
kyra.kester@banyancenters.com
4701 Begich Cir
Wasilla, AK 99654
The information contained in this transmission may contain privileged and confidential information and is property of Banyan Treatment Centers, including patient information protected by federal and state privacy laws. It is intended only for the use of the
 person(s) named above. If you are not the intended recipient, you are hereby notified that any review, dissemination, distribution, or duplication of this communication is strictly prohibited. If you are not the intended recipient, please contact the sender
 by reply email and destroy all copies of the original message.",In progress,Normal,2025-08-19 08:49:52,,"08/23/2025 16:29 : melissa.knight@banyancenters.com : Non-Technician : The ticket has been re-opened
08/23/2025 16:29 : melissa.knight@banyancenters.com : Non-Technician : Hello I've having issues trying to sign on to the desktop I've tried different computers and I know I have the correct password please assist.
Melissa Knight
Get
Outlook for Android
08/19/2025 08:49 : bhopb\adnan.tamboli : Technician : We have received a request to disable Melissa Knight’s account in the system. Could you please ask HR to submit a ticket to reactivate her account?
08/18/2025 20:56 : BHOPB\rmoll : Technician : The ticket has been assigned to technician: Adnan Tamboli
08/18/2025 18:04 : kyra.kester@banyancenters.com : Non-Technician : New ticket submitted via
Email"
134721,2025-08-18 16:37:40,valery.nieto@banyancenters.com,bhopb\cbowra,New Badge Request: Micaela Bernard - Clinical Support Staff,"Hello,
Please create badge for Micaela. She will be working from our Boca facility.
Get
Outlook for iOS
Valery Nieto
HR Coordinator
Phone:
(561) 465-1600 x2102
Fax:
(561) 465-1601
valery.nieto@banyancenters.com
www.banyantreatmentcenters.com
7859 Lake Worth Rd
Lake Worth FL 33467
The information contained in this transmission may contain privileged and confidential information, including patient information protected by federal and state privacy laws. It is intended only for the use of the person(s) named above. If you are not the intended
 recipient, you are hereby notified that any review, dissemination, distribution, or duplication of this communication is strictly prohibited. If you are not the intended recipient, please contact the sender by reply email and destroy all copies of the original
 message.",In progress,Normal,2025-08-18 16:38:44,,"08/19/2025 08:38 : mlevinson@banyancenters.com : Non-Technician : The ticket has been re-opened
08/19/2025 08:37 : mlevinson@banyancenters.com : Non-Technician : Hey Pierre! I am also waiting for Anaise Guzman's badge as well when you come to drop the others off :)
08/19/2025 06:44 : BHOPB\jean.pierre : Technician : Badge will be delivered this week
08/18/2025 16:45 : bhopb\love.shah : Technician : The ticket has been assigned to technician: Cleon Bowra
08/18/2025 16:43 : bhopb\love.shah : Technician : badge has been printed to pompano
08/18/2025 16:37 : valery.nieto@banyancenters.com : Non-Technician : New ticket submitted via
Email"
134715,2025-08-18 15:35:39,angelica.ayala@banyancenters.com,BHOPB\jean.pierre,Laptop WDRLP30,"My laptop that Banyan gave me when I started to work remote at home sometime is currently not working without being connected to the charger. It will show it's fully charged but will not stay on once disconnected from the charger.
-
Angelica Ayala
Office Coordinator
Phone:
(830) 283-3003
Email:
angelica.ayala@banyancenters.com
4168 Co Road 444
Waelder, TX 78959
The information contained in this transmission may contain privileged and confidential information and is property of Banyan Treatment Centers, including patient information protected by federal and state privacy laws. It is intended only for the use of the
 person(s) named above. If you are not the intended recipient, you are hereby notified that any review, dissemination, distribution, or duplication of this communication is strictly prohibited. If you are not the intended recipient, please contact the sender
 by reply email and destroy all copies of the original message.",Shipped-Pending Delivery,Normal,2025-08-19 10:00:05,2025-08-22 18:40:00,"08/22/2025 11:10 : BHOPB\jean.pierre : Technician : Due date has been changed: 8/22/2025 6:40 PM
08/22/2025 11:09 : BHOPB\jean.pierre : Technician : 
08/19/2025 12:41 : BHOPB\jean.pierre : Technician : Due date has been changed: 8/21/2025 12:40 PM
08/19/2025 12:22 : BHOPB\jean.pierre : Technician : Laptop has been staged for FedEx pickup
08/19/2025 12:10 : BHOPB\jean.pierre : Technician : Status ➜ Shipped-Pending Delivery
08/19/2025 10:47 : BHOPB\jean.pierre : Technician : 
08/19/2025 10:31 : BHOPB\jean.pierre : Technician : Custom fields - Edit Computer Name - PF387GP4 | 02306
08/19/2025 10:00 : BHOPB\jean.pierre : Technician : Will this laptop be used strictly for home use?
08/19/2025 07:19 : BHOPB\jean.pierre : Technician : The ticket has been assigned to technician: jean.pierre
08/18/2025 15:46 : BHOPB\rmoll : Technician : The ticket has been assigned to technician: Don Mui
08/18/2025 15:35 : angelica.ayala@banyancenters.com : Non-Technician : New ticket submitted via
Email"
134689,2025-08-18 12:14:09,rdoherty@banyancenters.com,bhopb\dhruv.sharma,Discontinue Fwd'ing Emails & Disable Email Account: Kami,"Hello,
I no longer need Kami's emails forward to my inbox, please discontinue that and fully disable Kami's email account (krana@banyancenters.com).
Thank you.
-
Rachel Doherty
Senior Talent Acquisition Manager
Phone:
(954) 232-0486
Email:
rdoherty@banyancenters.com
7859 Lake Worth Rd
Lake Worth, FL 33467
The information contained in this transmission may contain privileged and confidential information and is property of Banyan Treatment Centers, including patient information protected by federal and state privacy laws. It is intended only for the use of the
 person(s) named above. If you are not the intended recipient, you are hereby notified that any review, dissemination, distribution, or duplication of this communication is strictly prohibited. If you are not the intended recipient, please contact the sender
 by reply email and destroy all copies of the original message.",In progress,Normal,2025-08-18 15:33:05,,"08/21/2025 13:03 : bhopb\dhruv.sharma : Technician : Can you please tell me the email address where you received the email from?
08/20/2025 13:51 : bhopb\dhruv.sharma : Technician : Can you please tell me the email address where you received the email from?
08/20/2025 12:29 : rdoherty@banyancenters.com : Non-Technician : The ticket has been re-opened
08/20/2025 12:29 : rdoherty@banyancenters.com : Non-Technician : I'm still receiving her emails as of this morning.
08/18/2025 15:33 : bhopb\dhruv.sharma : Technician : It is done.
08/18/2025 12:16 : BHOPB\rmoll : Technician : The ticket has been assigned to technician: Dhruv Sharma
08/18/2025 12:14 : rdoherty@banyancenters.com : Non-Technician : New ticket submitted via
Email"
134686,2025-08-18 11:37:24,dileep.kollipara@banyancenters.com,bhopb\cbowra,RE: LunchSwipeReport,"Hello Team,
Please update the below records:
Allie	9605
Ampofo-Appiah, Lawrence 9469
Gill, Kayla	9459
Horn, Michael	9433
Rosenberg, Jason	9700
Shoens, Tyler	9506
Wall, Dary	9652
Dileep Kollipara
Payroll & Benefits
Banyan Treatment Centers
📧 dileep.kollipara@banyancenters.com
-----Original Message-----
From: SQLalerts@banyancenters.com <SQLalerts@banyancenters.com>
Sent: Monday, August 18, 2025 9:10 AM
To: LunchSwipeReport <LunchSwipeReport@banyancenters.com>
Cc: Dileep Kollipara <dileep.kollipara@banyancenters.com>
Subject: LunchSwipeReport
Importance: High
Hi team,
Please find the attached report for the completed week.
Please send all EEID corrections to helpdesk@banyancenters.com.
**replies to this email will not be processed**
Thanks.
-
________________________________
[Logo] <https://www.banyantreatmentcenter.com/>
[facebook icon] <https://www.facebook.com/banyantreatmentcenters/>   [twitter icon]  <https://twitter.com/BanyanTreatment>   [youtube icon]  <https://www.youtube.com/banyantreatmentcenter>   [instagram icon]  <https://www.instagram.com/banyantreatmentcenters>
SQL Alerts
Phone:
Email:  sqlalerts@banyancenters.com
,
The information contained in this transmission may contain privileged and confidential information and is property of Banyan Treatment Centers, including patient information protected by federal and state privacy laws. It is intended only for the use of the person(s) named above. If you are not the intended recipient, you are hereby notified that any review, dissemination, distribution, or duplication of this communication is strictly prohibited. If you are not the intended recipient, please contact the sender by reply email and destroy all copies of the original message.",New,Normal,,,"08/18/2025 12:06 : bhopb\suvishal.reddy : Technician : The ticket has been assigned to technician: Cleon Bowra
08/18/2025 11:43 : BHOPB\rmoll : Technician : The ticket has been assigned to technician: Suvishal Reddy
08/18/2025 11:37 : dileep.kollipara@banyancenters.com : Non-Technician : New ticket submitted via
Email"
134673,2025-08-18 10:23:10,malia.desmarais@banyancenters.com,bhopb\cbowra,Iesha needs a mouse,"Ieasha's mouse is not working properly. Can someone please assist? Room 264
Best,
-
Malia Desmarais
Case Manager
Phone:
(561) 465-1000
Email:
malia.desmarais@banyancenters.com
Lake Worth, FL 33467
The information contained in this transmission may contain privileged and confidential information and is property of Banyan Treatment Centers, including patient information protected by federal and state privacy laws. It is intended only for the use of the
 person(s) named above. If you are not the intended recipient, you are hereby notified that any review, dissemination, distribution, or duplication of this communication is strictly prohibited. If you are not the intended recipient, please contact the sender
 by reply email and destroy all copies of the original message.",New,Normal,,,"08/18/2025 11:06 : BHOPB\rmoll : Technician : The ticket has been assigned to technician: Cleon Bowra
08/18/2025 10:23 : malia.desmarais@banyancenters.com : Non-Technician : New ticket submitted via
Email"
134669,2025-08-18 10:03:09,BHOPB\kassandra.melendez,BHOPB\dmui,Term System Access,"Hello,
Please term system access for Corp employee, Kellsie West, effective immediately.
Thank you,
Kassandra Melendez
HR Business Partner
Phone:
(954) 533-7705 x165
kassandra.melendez@banyancenters.com
www.banyantreatmentcenters.com
225 N Federal Hwy
Pompano Beach FL 33062
The information contained in this transmission may contain privileged and confidential information, including patient information protected by federal and state privacy laws. It is intended only for the use of the person(s) named above. If you are not the intended recipient, you are hereby notified that any review, dissemination, distribution, or duplication of this communication is strictly prohibited. If you are not the intended recipient, please contact the sender by reply email and destroy all copies of the original message.",In progress,Critical,2025-08-18 10:07:35,,"08/21/2025 15:15 : BHOPB\dmui : Technician : No reply to my last note...
Kassandra,
Is the user aware she needs to return her laptop?
Do you have a personal email address where we can email her a return label to print and use to send back her equipment?
Can we get a home address to enter in when creating the return label?
08/18/2025 11:29 : BHOPB\dmui : Technician : Kassandra,
Is the user aware she needs to return her laptop?
Do you have a personal email address where we can email her a return label to print and use to send back her equipment?
Can we get a home address to enter in when creating the return label?
08/18/2025 10:30 : bhopb\love.shah : Technician : The ticket has been assigned to technician: Don Mui
08/18/2025 10:30 : bhopb\love.shah : Technician : @Don Mui
:- could you recover the asset  please
08/18/2025 10:28 : bhopb\love.shah : Technician : kieran is already disable user  on this ticket :- 134626
08/18/2025 10:03 : BHOPB\kassandra.melendez : Non-Technician : New ticket submitted via
Email"
134659,2025-08-18 09:04:54,BHOPB\cgillett,bhopb\cbowra,ibryan@banyancenters.com  Clearbrook PA  Camera Export Request,"Please export the attached requested footage.
Facility: Clearbrook PA
Date of Export: 2025-08-15
Start time (Facility Local time): 9:58:40
End time (Facility Local time): 10:00:03
Camera Name(s): 10.10.12.59
Comments: Footage of client jumping and falling.
-
Charlie Gillett
IT - Helpdesk Technician
Phone:
(561) 465-1000
Email:
cgillett@banyancenters.com
225 N. Federal Highway
Pompano Beach, FL 33062
The information contained in this transmission may contain privileged and confidential information and is property of Banyan Treatment Centers, including patient information protected by federal and state privacy laws. It is intended only for the use of the
 person(s) named above. If you are not the intended recipient, you are hereby notified that any review, dissemination, distribution, or duplication of this communication is strictly prohibited. If you are not the intended recipient, please contact the sender
 by reply email and destroy all copies of the original message.",New,Normal,,,"08/18/2025 09:11 : BHOPB\rmoll : Technician : The ticket has been assigned to technician: Cleon Bowra
08/18/2025 09:04 : BHOPB\cgillett : Technician : New ticket submitted via
Email"
134657,2025-08-18 09:00:27,BHOPB\carlos.rios,BHOPB\carlos.rios,[FORM CHANGE REQUEST] Update to Medical Provider Progress Note - All sites,"Description / Request:
Please update the
Medical Provider Note
(specifically on
Page 2
) with the following addition:
Add Question:
Text:
""I have reviewed the collateral client information including nursing notes, labs if available, previous medical records if available, and medication(s).""
Response Options:
Yes ☐
No ☐
Behavior:
If
No
is selected, prompt a
free text field
labeled:
""Why?""",Approved by Leadership,Normal,2025-08-18 14:55:16,2025-09-01 12:11:00,"08/20/2025 12:11 : BHOPB\carlos.rios : Technician : Due date has been changed: 9/1/2025 12:11 PM
08/19/2025 15:21 : BHOPB\carlos.rios : Technician : 
08/18/2025 14:55 : BHOPB\carlos.rios : Technician : Completed making updated.
Will meet with Cara at 4:14 PM today.
08/18/2025 10:58 : BHOPB\carlos.rios : Technician : Status ➜ Approved by Leadership
08/18/2025 09:11 : BHOPB\rmoll : Technician : The ticket has been assigned to technician: Carlos Rios
08/18/2025 09:11 : BHOPB\rmoll : Technician : The category has been changed: ""Request / Other"" ➜ ""Problem / Software: KIPU""
08/18/2025 09:00 : BHOPB\carlos.rios : Technician : New ticket submitted via
Web app"
134656,2025-08-18 08:32:49,BHOPB\carlos.rios,BHOPB\carlos.rios,[FORM CHANGE REQUEST] Add MTP Review Question and Goal Progress Dropdowns,"Description / Request:
Please update the Individual Note form with the following changes related to the Master Treatment Plan (MTP):
Add Question:
Label:
Was the Master Treatment Plan reviewed?
Response Options:
Yes / No
Behavior:
If
No
is selected, prompt a free-text field labeled:
""Please specify why the MTP was not reviewed.""
Keep Existing Field:
Retain the current field for
""Additional goals added.""
Add Goal Progress Dropdown:
Include a dropdown to select progress toward goals.
The dropdown should allow the user to select from goals listed in the Master Treatment Plan (MTP).",Approved by Leadership,Normal,2025-08-18 14:55:10,2025-09-01 12:10:00,"08/20/2025 12:11 : BHOPB\carlos.rios : Technician : Due date has been changed: 9/1/2025 12:10 PM
08/20/2025 12:11 : BHOPB\carlos.rios : Technician : Due date has been changed: 9/1/2025 12:10 PM
08/19/2025 15:22 : BHOPB\carlos.rios : Technician : 
08/18/2025 14:55 : BHOPB\carlos.rios : Technician : Completed making updated.
Will meet with Cara at 4:14 PM today.
08/18/2025 10:58 : BHOPB\carlos.rios : Technician : Status ➜ Approved by Leadership
08/18/2025 08:37 : BHOPB\rmoll : Technician : The ticket has been assigned to technician: Carlos Rios
08/18/2025 08:37 : BHOPB\rmoll : Technician : The category has been changed: ""Request / Other"" ➜ ""Problem / Software: KIPU""
08/18/2025 08:32 : BHOPB\carlos.rios : Technician : New ticket submitted via
Web app"
134644,2025-08-17 12:51:23,lisa.macci@banyancenters.com,bhopb\cbowra,Not junk:a19a665d-701e-4a00-06df-08ddddacd1e0|cmuessle@usrholdings.com|(Andrew H. Needs Referral) 8/17/2025 4:50:56 PM,"# Questionable URLs detected in message:
None
Received: from LV3PR22MB5342.namprd22.prod.outlook.com (::1) by BLAPR22MB2243.namprd22.prod.outlook.com with HTTPS; Sun, 17 Aug 2025 16:40:52 +0000
Received: from SJ0PR13CA0240.namprd13.prod.outlook.com (2603:10b6:a03:2c1::35) by LV3PR22MB5342.namprd22.prod.outlook.com (2603:10b6:408:1de::18) with Microsoft SMTP Server (version=TLS1_2, cipher=TLS_ECDHE_RSA_WITH_AES_256_GCM_SHA384) id 15.20.9031.19; Sun, 17 Aug 2025 16:40:48 +0000
Received: from SJ1PEPF00002324.namprd03.prod.outlook.com (2603:10b6:a03:2c1:cafe::4c) by SJ0PR13CA0240.outlook.office365.com (2603:10b6:a03:2c1::35) with Microsoft SMTP Server (version=TLS1_3, cipher=TLS_AES_256_GCM_SHA384) id 15.20.9052.12 via Frontend Transport; Sun, 17 Aug 2025 16:40:48 +0000
Received: from barracuda.banyancenters.com (64.135.117.84) by SJ1PEPF00002324.mail.protection.outlook.com (10.167.242.87) with Microsoft SMTP Server (version=TLS1_3, cipher=TLS_AES_256_GCM_SHA384) id 15.20.9052.8 via Frontend Transport; Sun, 17 Aug 2025 16:40:47 +0000
Received: from smtp-02df9b87ecfdb79b4.core1.sfdc-lywfpd.mta.salesforce.com (smtp-02df9b87ecfdb79b4.core1.sfdc-lywfpd.mta.salesforce.com [44.231.107.135]) by barracuda.banyancenters.com with ESMTP id UnIux2prglJ8zkbA (version=TLSv1.3 cipher=TLS_AES_256_GCM_SHA384 bits=256 verify=NO) for <ckadmits@banyancenters.com>; Sun, 17 Aug 2025 12:40:22 -0400 (EDT)
Received: from [127.0.0.1] ([127.0.0.1:46092] helo=eaas-18.eaas.emailinfra.svc.cluster.local)   by mx1.core1.sfdc-lywfpd.mta.salesforce.com (envelope-from <cmuessle=usrholdings.com__48hsojfpmttdiq9v@ucp44t4x3n22.61-yoazeak.usa302.bnc.salesforce.com>)      (ecelerity 4.7.0.20111 r(msys-ecelerity:tags/4.7.0-ga^0)) with ESMTP    id 8D/00-03952-5F502A86; Sun, 17 Aug 2025 16:40:21 +0000
Received: from 127.0.0.1 (localhost. [127.0.0.1]) by eaas-18 (EaaS) id  <G_49h000000000000000000000000000000000000000000000T15CZ9007hB0JUeJSJmHtquf8YU8Iw@sfdc.net>  for <""south@banyancenters.com"" <south@banyancenters.com>> Sun, 17 Aug 2025  16:40:21 GMT (GMT)
Content-Type: application/ms-tnef; name=""winmail.dat""
Content-Transfer-Encoding: binary
From: Crispin Muessle <cmuessle@usrholdings.com>
To: SouthAdmissions <south@banyancenters.com>, ""geoff@usrholdings.com"" <geoff@usrholdings.com>, CKadmits <ckadmits@banyancenters.com>
CC: ""BD@usrholdings.com"" <bd@usrholdings.com>
Subject: Andrew H. Needs Referral
Thread-Topic: Andrew H. Needs Referral
Thread-Index: AQHcD5WyBpHflo4NzEWfGFB0RbOlQA==
Sender: ""noreply@salesforce.com"" <noreply@salesforce.com>
X-MS-Exchange-MessageSentRepresentingType: 2
Date: Sun, 17 Aug 2025 16:40:21 +0000
Message-ID: <G_49h000000000000000000000000000000000000000000000T15CZ9007hB0JUeJSJmHtquf8YU8Iw@sfdc.net>
Content-Language: en-US
X-MS-Exchange-Organization-AuthAs: Anonymous
X-MS-Exchange-Organization-AuthSource: SJ1PEPF00002324.namprd03.prod.outlook.com
X-MS-Exchange-Organization-ComplianceLabelId: 3dbb5f39-dc76-4916-9db3-fa9191760a55
X-MS-Has-Attach:
X-Auto-Response-Suppress: DR, RN, NRN, OOF, AutoReply
X-MS-Exchange-Organization-Network-Message-Id: a19a665d-701e-4a00-06df-08ddddacd1e0
X-MS-Exchange-Organization-SCL: 1
X-MS-TNEF-Correlator: <G_49h000000000000000000000000000000000000000000000T15CZ9007hB0JUeJSJmHtquf8YU8Iw@sfdc.net>
X-MS-Exchange-Organization-RecordReviewCfmType: 0
received-spf: Pass (protection.outlook.com: domain of ucp44t4x3n22.61-yoazeak.usa302.bnc.salesforce.com designates 44.231.107.135 as permitted sender) receiver=protection.outlook.com; client-ip=44.231.107.135; helo=smtp-02df9b87ecfdb79b4.core1.sfdc-lywfpd.mta.salesforce.com; pr=E
x-ms-publictraffictype: Email
x-ms-exchange-crosstenant-id: 4a097b4c-08a1-4725-865f-3fc83b2366e8
MIME-Version: 1.0
If you want such reports to go to Microsoft directly, you can change the reported message destinations from the settings at
https://security.microsoft.com/userSubmissionsReportMessage
Lisa Macci
Business Development Liaison
lisa.macci@banyancenters.com
www.banyantreatmentcenters.com
Pompano Beach FL 33062
The information contained in this transmission may contain privileged and confidential information, including patient information protected by federal and state privacy laws. It is intended only for the use of the person(s) named above. If you are not the intended recipient, you are hereby notified that any review, dissemination, distribution, or duplication of this communication is strictly prohibited. If you are not the intended recipient, please contact the sender by reply email and destroy all copies of the original message.",In progress,Normal,2025-08-17 13:47:44,,"08/17/2025 12:51 : lisa.macci@banyancenters.com : Non-Technician : New ticket submitted via
Email"
134643,2025-08-17 12:51:09,lisa.macci@banyancenters.com,bhopb\cbowra,Not junk:65b0b82f-3460-405b-7476-08ddddacd682|cmuessle@usrholdings.com|(Andrew H. Needs Referral) 8/17/2025 4:50:50 PM,"# Questionable URLs detected in message:
None
Received: from BY1PR22MB5684.namprd22.prod.outlook.com (::1) by BLAPR22MB2243.namprd22.prod.outlook.com with HTTPS; Sun, 17 Aug 2025 16:40:59 +0000
Received: from BLAPR03CA0063.namprd03.prod.outlook.com (2603:10b6:208:329::8) by BY1PR22MB5684.namprd22.prod.outlook.com (2603:10b6:a03:4b9::9) with Microsoft SMTP Server (version=TLS1_2, cipher=TLS_ECDHE_RSA_WITH_AES_256_GCM_SHA384) id 15.20.9031.21; Sun, 17 Aug 2025 16:40:56 +0000
Received: from BL02EPF0001A0FA.namprd03.prod.outlook.com (2603:10b6:208:329:cafe::bf) by BLAPR03CA0063.outlook.office365.com (2603:10b6:208:329::8) with Microsoft SMTP Server (version=TLS1_3, cipher=TLS_AES_256_GCM_SHA384) id 15.20.9031.20 via Frontend Transport; Sun, 17 Aug 2025 16:40:56 +0000
Received: from barracuda.banyancenters.com (64.135.117.84) by BL02EPF0001A0FA.mail.protection.outlook.com (10.167.242.101) with Microsoft SMTP Server (version=TLS1_3, cipher=TLS_AES_256_GCM_SHA384) id 15.20.9052.8 via Frontend Transport; Sun, 17 Aug 2025 16:40:55 +0000
Received: from smtp-0414768be3dabe476.core1.sfdc-lywfpd.mta.salesforce.com (smtp-0414768be3dabe476.core1.sfdc-lywfpd.mta.salesforce.com [52.88.22.238]) by barracuda.banyancenters.com with ESMTP id 03mptdZ0EiFmR9Lh (version=TLSv1.3 cipher=TLS_AES_256_GCM_SHA384 bits=256 verify=NO) for <ckadmits@banyancenters.com>; Sun, 17 Aug 2025 12:40:54 -0400 (EDT)
Received: from [127.0.0.1] ([127.0.0.1:49666] helo=eaas-1.eaas.emailinfra.svc.cluster.local)    by mx1.core1.sfdc-lywfpd.mta.salesforce.com (envelope-from <cmuessle=usrholdings.com__29lfwo5l41nibn5w@7ngs07z70pdq.61-yoazeak.usa302.bnc.salesforce.com>)      (ecelerity 4.7.0.20111 r(msys-ecelerity:tags/4.7.0-ga^0)) with ESMTP    id 03/63-00882-51602A86; Sun, 17 Aug 2025 16:40:53 +0000
Received: from 127.0.0.1 (localhost. [127.0.0.1]) by eaas-1 (EaaS) id  <tYUK7000000000000000000000000000000000000000000000T15D0500Z3G8qvmLQJePYBU-4rRPAA@sfdc.net>  for <""south@banyancenters.com"" <south@banyancenters.com>> Sun, 17 Aug 2025  16:40:53 GMT (GMT)
Content-Type: application/ms-tnef; name=""winmail.dat""
Content-Transfer-Encoding: binary
From: Crispin Muessle <cmuessle@usrholdings.com>
To: SouthAdmissions <south@banyancenters.com>, ""geoff@usrholdings.com"" <geoff@usrholdings.com>, CKadmits <ckadmits@banyancenters.com>
CC: ""BD@usrholdings.com"" <bd@usrholdings.com>
Subject: Andrew H. Needs Referral
Thread-Topic: Andrew H. Needs Referral
Thread-Index: AQHcD5W2FT8AE/Y2zUOq0zllHhAhWQ==
Sender: ""noreply@salesforce.com"" <noreply@salesforce.com>
X-MS-Exchange-MessageSentRepresentingType: 2
Date: Sun, 17 Aug 2025 16:40:53 +0000
Message-ID: <tYUK7000000000000000000000000000000000000000000000T15D0500Z3G8qvmLQJePYBU-4rRPAA@sfdc.net>
Content-Language: en-US
X-MS-Exchange-Organization-AuthAs: Anonymous
X-MS-Exchange-Organization-AuthSource: BL02EPF0001A0FA.namprd03.prod.outlook.com
X-MS-Exchange-Organization-ComplianceLabelId: 3dbb5f39-dc76-4916-9db3-fa9191760a55
X-MS-Has-Attach:
X-Auto-Response-Suppress: DR, RN, NRN, OOF, AutoReply
X-MS-Exchange-Organization-Network-Message-Id: 65b0b82f-3460-405b-7476-08ddddacd682
X-MS-Exchange-Organization-SCL: 1
X-MS-TNEF-Correlator: <tYUK7000000000000000000000000000000000000000000000T15D0500Z3G8qvmLQJePYBU-4rRPAA@sfdc.net>
X-MS-Exchange-Organization-RecordReviewCfmType: 0
received-spf: Pass (protection.outlook.com: domain of 7ngs07z70pdq.61-yoazeak.usa302.bnc.salesforce.com designates 52.88.22.238 as permitted sender) receiver=protection.outlook.com; client-ip=52.88.22.238; helo=smtp-0414768be3dabe476.core1.sfdc-lywfpd.mta.salesforce.com; pr=E
x-ms-publictraffictype: Email
x-ms-exchange-crosstenant-id: 4a097b4c-08a1-4725-865f-3fc83b2366e8
MIME-Version: 1.0
If you want such reports to go to Microsoft directly, you can change the reported message destinations from the settings at
https://security.microsoft.com/userSubmissionsReportMessage
Lisa Macci
Business Development Liaison
lisa.macci@banyancenters.com
www.banyantreatmentcenters.com
Pompano Beach FL 33062
The information contained in this transmission may contain privileged and confidential information, including patient information protected by federal and state privacy laws. It is intended only for the use of the person(s) named above. If you are not the intended recipient, you are hereby notified that any review, dissemination, distribution, or duplication of this communication is strictly prohibited. If you are not the intended recipient, please contact the sender by reply email and destroy all copies of the original message.",In progress,Normal,2025-08-17 13:48:01,,"08/17/2025 12:51 : lisa.macci@banyancenters.com : Non-Technician : New ticket submitted via
Email"
134621,2025-08-15 17:04:08,BHOPB\chivas.johnson,BHOPB\jscheringer,camera issue,"hello team we have a camera surveillance issue for the south of the building.
It's completely off camera and we have been having issues lately and we need this area covered.
We currently have a camera covering the south exit exterior door but its offline.
It's been installed since IT came out to install the camera's originally & has been offline since then.
Well now we need that camera active along with an additional camera or cameras to cover our backyard.
From what I can see we have about 3 blind spots that can be covered with a few cameras or 2 multi camera units.
Please contact myself, Mark or Lexi about this issue we are having so we can resolve it ASAP.
thank you
Bubba
-
Bubba Johnson
Maintenance
Phone:
(303) 381-8340
Email:
chivas.johnson@banyancenters.com
1055 S. Perry St
Castle Rock, CO 80104
The information contained in this transmission may contain privileged and confidential information and is property of Banyan Treatment Centers, including patient information protected by federal and state privacy laws. It is intended only for the use of the
 person(s) named above. If you are not the intended recipient, you are hereby notified that any review, dissemination, distribution, or duplication of this communication is strictly prohibited. If you are not the intended recipient, please contact the sender
 by reply email and destroy all copies of the original message.",New,Normal,,,"08/16/2025 08:47 : BHOPB\rmoll : Technician : The ticket has been assigned to technician: Jared Scheringer
08/15/2025 17:08 : bhopb\dhruv.sharma : Technician : The ticket has been assigned to technician: Rick Moll
08/15/2025 17:04 : BHOPB\chivas.johnson : Non-Technician : New ticket submitted via
Email"
134617,2025-08-15 16:00:23,SQLalerts@banyancenters.com,BHOPB\jscheringer,! CheckMk - Lunch Swipe Badge Readers not ONLINE !,"Hi Team,
Below mentioned Lunch swipe badge readers are not ONLINE.
Please make sure they are back online before the automated Lunch swipe report is generated on Monday at 9:00AM.
Reader_Name
Reader_Status
GBR_BadgeReader_Lunch
Not Online
HRT_BadgeReader_Lunch - HEARTLAND
Not Online
-
SQL Alerts
Phone:
Email:
sqlalerts@banyancenters.com
,
The information contained in this transmission may contain privileged and confidential information and is property of Banyan Treatment Centers, including patient information protected by federal and state privacy laws. It is intended only for the use of the
 person(s) named above. If you are not the intended recipient, you are hereby notified that any review, dissemination, distribution, or duplication of this communication is strictly prohibited. If you are not the intended recipient, please contact the sender
 by reply email and destroy all copies of the original message.",New,High,,,"08/17/2025 13:49 : bhopb\cbowra : Technician : The ticket has been assigned to technician: Jared Scheringer
08/15/2025 16:08 : bhopb\dhruv.sharma : Technician : The ticket has been assigned to technician: Cleon Bowra
08/15/2025 16:00 : SQLalerts@banyancenters.com : Non-Technician : New ticket submitted via
Email"
134604,2025-08-15 13:12:08,valery.nieto@banyancenters.com,bhopb\cweyer,Name Update: Jaiden McEvoy - 006717,"Hello,
Please update Jaiden's email and platforms from Jaiden McEvoy to Jaiden
Dockery.
Thank you!
Valery Nieto
HR Coordinator
Phone:
(561) 465-1600 x2102
Fax:
(561) 465-1601
valery.nieto@banyancenters.com
www.banyantreatmentcenters.com
7859 Lake Worth Rd
Lake Worth FL 33467
The information contained in this transmission may contain privileged and confidential information, including patient information protected by federal and state privacy laws. It is intended only for the use of the person(s) named above. If you are not the intended
 recipient, you are hereby notified that any review, dissemination, distribution, or duplication of this communication is strictly prohibited. If you are not the intended recipient, please contact the sender by reply email and destroy all copies of the original
 message.",In progress,Normal,2025-08-15 13:20:28,,"08/18/2025 09:44 : bhopb\cweyer : Technician : Please let me know when/if I should make the change.  Thanks!
08/15/2025 15:48 : BHOPB\jhouchin : Technician : you might hold on SF, complaints being made about name changes in the systems.
08/15/2025 14:37 : bhopb\cweyer : Technician : Let me know when Jaiden is not actively in Salesforce, as I'll have to update email as well.  They will probably have to reconnect SF to the authenticator as well, not sure
08/15/2025 14:12 : bhopb\dhruv.sharma : Technician : The ticket has been assigned to technician: Chelsea Weyer
08/15/2025 14:12 : bhopb\dhruv.sharma : Technician : The category has been changed: ""New Tickets"" ➜ ""Problem / Software: Salesforce""
08/15/2025 14:10 : bhopb\dhruv.sharma : Technician : Hello Chelsea,
Can yo please update user Jaiden McEvoy name to Jaiden
Dockery for Salesforce account.
Thanks,
08/15/2025 14:08 : bhopb\dhruv.sharma : Technician : The user CTM account name is also has been changed by Rick
08/15/2025 13:40 : tstewart@banyancenters.com : Non-Technician : Hello,
Question - when did we start changing emails for name changes? Our email addresses are tied to numerous external
 platforms (Salesforce, CTM, UltiPro, etc.), and the last time we did this it caused major issues for a staff member — her linked accounts stopped working because the original email no longer existed and couldn’t be updated.
@Jaiden McEvoy
please confirm if you are having any issues. Help Desk, can someone please ensure that all appropriate accounts are updated with the new email before EOD?
Thank you!
08/15/2025 13:29 : bhopb\dhruv.sharma : Technician : As requested i have updated user profile but it will take time to reflect.
Please inform user to use this new email address and user name to login for account login.
Username: jaiden.dockery
Email address: jaiden.dockery@banyancenters.com
08/15/2025 13:20 : BHOPB\rmoll : Technician : @Dhruv Sharma
please assist
Regards,
Rick Moll
IT Department
(561) 465-1708
email - rmoll@banyancenters.com
08/15/2025 13:20 : BHOPB\rmoll : Technician : The ticket has been assigned to technician: Dhruv Sharma
08/15/2025 13:12 : valery.nieto@banyancenters.com : Non-Technician : New ticket submitted via
Email"
134601,2025-08-15 12:41:53,angela.katz@banyancenters.com,bhopb\adnan.tamboli,Hello,"Hello,
We are needing to have the collectors on the 7
th
floor access to a specific printer to be able to print claims. The printer we would need added to their computers is HP color laser jet pro MFP M281fdw. Please advise if this can be done 🙂
Thank you!
Angela Katz
Director of Revenue Cycle Management
Phone:
(954) 533-7705
angela.katz@banyancenters.com
www.banyantreatmentcenters.com
225 N. Federal Highway
Pompano Beach FL 33062
The information contained in this transmission may contain privileged and confidential information, including patient information protected by federal and state privacy laws. It is intended only for the use of the person(s) named above. If you are not the intended
 recipient, you are hereby notified that any review, dissemination, distribution, or duplication of this communication is strictly prohibited. If you are not the intended recipient, please contact the sender by reply email and destroy all copies of the original
 message.
Angela Katz
Director of Revenue Cycle Management
Phone:
(954) 533-7705
angela.katz@banyancenters.com
www.banyantreatmentcenters.com
225 N. Federal Highway
Pompano Beach FL 33062
The information contained in this transmission may contain privileged and confidential information, including patient information protected by federal and state privacy laws. It is intended only for the use of the person(s) named above. If you are not the intended
 recipient, you are hereby notified that any review, dissemination, distribution, or duplication of this communication is strictly prohibited. If you are not the intended recipient, please contact the sender by reply email and destroy all copies of the original
 message.",In progress,Normal,2025-08-15 13:02:26,,"08/22/2025 14:16 : bhopb\adnan.tamboli : Technician : Any updates?
08/21/2025 14:22 : bhopb\adnan.tamboli : Technician : Sure
08/21/2025 13:25 : angela.katz@banyancenters.com : Non-Technician : Got it! Will do
Angela Katz
Director of Revenue Cycle Management
Phone:
(954) 533-7705
angela.katz@banyancenters.com
www.banyantreatmentcenters.com
225 N. Federal Highway
Pompano Beach FL 33062
The information contained in this transmission may contain privileged and confidential information, including patient information protected by federal and state privacy laws. It is intended only for the use of the person(s) named above. If you are not the intended
 recipient, you are hereby notified that any review, dissemination, distribution, or duplication of this communication is strictly prohibited. If you are not the intended recipient, please contact the sender by reply email and destroy all copies of the original
 message.
Angela Katz
Director of Revenue Cycle Management
Phone:
(954) 533-7705
angela.katz@banyancenters.com
www.banyantreatmentcenters.com
225 N. Federal Highway
Pompano Beach FL 33062
The information contained in this transmission may contain privileged and confidential information, including patient information protected by federal and state privacy laws. It is intended only for the use of the person(s) named above. If you are not the intended
 recipient, you are hereby notified that any review, dissemination, distribution, or duplication of this communication is strictly prohibited. If you are not the intended recipient, please contact the sender by reply email and destroy all copies of the original
 message.
08/20/2025 14:19 : bhopb\adnan.tamboli : Technician : If you go into Settings and search for ‘About your PC,’ you’ll be able to see the Device name. That Device name is the hostname of the computer.
08/20/2025 14:12 : angela.katz@banyancenters.com : Non-Technician : Sure! Where would I find the host name?
Angela Katz
Director of Revenue Cycle Management
Phone:
(954) 533-7705
angela.katz@banyancenters.com
www.banyantreatmentcenters.com
225 N. Federal Highway
Pompano Beach FL 33062
The information contained in this transmission may contain privileged and confidential information, including patient information protected by federal and state privacy laws. It is intended only for the use of the person(s) named above. If you are not the intended
 recipient, you are hereby notified that any review, dissemination, distribution, or duplication of this communication is strictly prohibited. If you are not the intended recipient, please contact the sender by reply email and destroy all copies of the original
 message.
08/20/2025 11:46 : bhopb\adnan.tamboli : Technician : Could you please let me know the hostname of Rose Menelas’ system where this printer is linked?
08/20/2025 09:37 : angela.katz@banyancenters.com : Non-Technician : Hi!
Sorry for the delay, none of the printers listed below is the correct one.  I am looking to add HP Color LaserJet MFP, it is already linked to Rose Menelas computer if you need to reference. Thank you
Angela Katz
Director of Revenue Cycle Management
Phone:
(954) 533-7705
angela.katz@banyancenters.com
www.banyantreatmentcenters.com
225 N. Federal Highway
Pompano Beach FL 33062
The information contained in this transmission may contain privileged and confidential information, including patient information protected by federal and state privacy laws. It is intended only for the use of the person(s) named above. If you are not the intended
 recipient, you are hereby notified that any review, dissemination, distribution, or duplication of this communication is strictly prohibited. If you are not the intended recipient, please contact the sender by reply email and destroy all copies of the original
 message.
08/19/2025 09:37 : angela.katz@banyancenters.com : Non-Technician : Hi,
Let me confirm what printer that shows up as and see if it is listed below. Will send back shortly. Thank you!
Angela Katz
Director of Revenue Cycle Management
Phone:
(954) 533-7705
angela.katz@banyancenters.com
www.banyantreatmentcenters.com
225 N. Federal Highway
Pompano Beach FL 33062
The information contained in this transmission may contain privileged and confidential information, including patient information protected by federal and state privacy laws. It is intended only for the use of the person(s) named above. If you are not the intended
 recipient, you are hereby notified that any review, dissemination, distribution, or duplication of this communication is strictly prohibited. If you are not the intended recipient, please contact the sender by reply email and destroy all copies of the original
 message.
08/19/2025 09:34 : stefanie.burandt@banyancenters.com : Non-Technician : This was Angelas request, looks like she had requested HP color laser jet pro MFP M281fdw. Please advise if this can be done 🙂
Stefanie Burandt
Collections Manager
Phone:
(561-633-6122)
stefanie.burandt@banyancenters.com
www.banyantreatmentcenters.com
225 N. Federal Highway
Pompano Beach FL 33062
The information contained in this transmission may contain privileged and confidential information, including patient information protected by federal and state privacy laws. It is intended only for the use of the person(s) named above. If you are not the intended
 recipient, you are hereby notified that any review, dissemination, distribution, or duplication of this communication is strictly prohibited. If you are not the intended recipient, please contact the sender by reply email and destroy all copies of the original
 message.
08/19/2025 09:30 : bhopb\adnan.tamboli : Technician : Good morning,
Could you please let me know, which printer you would like to add these users to?
08/15/2025 13:59 : bhopb\adnan.tamboli : Technician : Could you please let me know, based on the screenshot, which printer you would like to add these users to?
08/15/2025 13:39 : angela.katz@banyancenters.com : Non-Technician : Hi
Yes see the names below. Thank you!
Shelia Carroll
Marcela Brykman
Sabrina Lewis
Jacky Nemorin
Bruce Davidson
Shantiqua Brinson
Catrina Knight
Teresa Pontillo
Danisha Dauphin
Nathaly Vera
Tracey Richardson
Angela Katz
Director of Revenue Cycle Management
Phone:
(954) 533-7705
angela.katz@banyancenters.com
www.banyantreatmentcenters.com
225 N. Federal Highway
Pompano Beach FL 33062
The information contained in this transmission may contain privileged and confidential information, including patient information protected by federal and state privacy laws. It is intended only for the use of the person(s) named above. If you are not the intended
 recipient, you are hereby notified that any review, dissemination, distribution, or duplication of this communication is strictly prohibited. If you are not the intended recipient, please contact the sender by reply email and destroy all copies of the original
 message.
08/15/2025 13:02 : BHOPB\rmoll : Technician : @Adnan Tamboli
, please add this printer to the users.
@angela, we need the names of the agents.
Regards,
Rick Moll
IT Department
(561) 465-1708
email - rmoll@banyancenters.com
08/15/2025 13:01 : BHOPB\rmoll : Technician : The ticket has been assigned to technician: Adnan Tamboli
08/15/2025 12:41 : angela.katz@banyancenters.com : Non-Technician : New ticket submitted via
Email"
134593,2025-08-15 11:30:23,BHOPB\chivas.johnson,bhopb\brittany.obrien,PC's for new staff,"hello IT team
We are having some interns coming in soon and need three new workstations.
2 will need new PC's and monitors please, the third is using their own laptop.
2 keyboard and mice for workstations.
Also do we have a company we buy work desk from if so we need two of them along with office chairs for the desk please.
I attacked Mark in this email so if there are questions he can help answer them.
Thank you
Bubba
-
Bubba Johnson
Maintenance
Phone:
(303) 381-8340
Email:
chivas.johnson@banyancenters.com
1055 S. Perry St
Castle Rock, CO 80104
The information contained in this transmission may contain privileged and confidential information and is property of Banyan Treatment Centers, including patient information protected by federal and state privacy laws. It is intended only for the use of the
 person(s) named above. If you are not the intended recipient, you are hereby notified that any review, dissemination, distribution, or duplication of this communication is strictly prohibited. If you are not the intended recipient, please contact the sender
 by reply email and destroy all copies of the original message.",Shipped-Pending Delivery,Normal,2025-08-15 11:32:51,2025-08-25 12:42:00,"08/22/2025 16:55 : bhopb\brittany.obrien : Technician : Due date has been changed: 8/25/2025 12:42 PM
08/22/2025 16:55 : bhopb\brittany.obrien : Technician : Ordered 😊
Everything will arrive on Monday!
Have a great weekend,
Brittany
08/19/2025 12:43 : BHOPB\jean.pierre : Technician : The ticket has been assigned to technician: Brittany O'Brien
08/19/2025 12:43 : BHOPB\jean.pierre : Technician : Reassigning ticket to purchasing for:
2 Keyboard/Mouse combo
2 Monitors
I've included an extra HDMI cable for laptop incase they want to hook up to a PC
.
08/19/2025 12:42 : BHOPB\jean.pierre : Technician : Due date has been changed: 8/22/2025 12:42 PM
Status ➜ Shipped-Pending Delivery
08/19/2025 08:58 : BHOPB\jean.pierre : Technician : Updated. If you need more for spare, please order on a separate ticket.
08/19/2025 08:57 : BHOPB\jean.pierre : Technician : Edited the ticket
08/19/2025 08:55 : BHOPB\chivas.johnson : Non-Technician : we will also need keyboards and mouse combo's also we have no more
08/19/2025 08:31 : BHOPB\jean.pierre : Technician : 
08/19/2025 08:18 : BHOPB\jean.pierre : Technician : Custom fields - Edit Computer Name - CRKDK44 | CRKDK45
08/19/2025 08:10 : BHOPB\jean.pierre : Technician : The ticket has been assigned to technician: jean.pierre
08/19/2025 08:10 : BHOPB\mark.blakeley : Non-Technician : they will use the reception printer.
Mark Blakeley, MS, LAC, LPC, CSAT
Executive Clinical Director
Phone:
(303) 381-8340
mark.blakeley@banyancenters.com
www.banyantreatmentcenters.com
1055 S. Perry Street
Castle Rock CO 80104
The information contained in this transmission may contain privileged and confidential information, including patient information protected by federal and state privacy laws. It is intended only for the use of the person(s) named above. If you are not the intended
 recipient, you are hereby notified that any review, dissemination, distribution, or duplication of this communication is strictly prohibited. If you are not the intended recipient, please contact the sender by reply email and destroy all copies of the original
 message.
08/19/2025 08:05 : BHOPB\jean.pierre : Technician : Do we happen to know what printers they will need?
Working on PC's right now. Once done, I'll give ticket to Brittany for monitor order.
08/19/2025 07:57 : BHOPB\jean.pierre : Technician : Working on PC's right now. Once done, I'll give ticket to Brittany for monitor order.
08/18/2025 09:37 : BHOPB\mark.blakeley : Non-Technician : will be starting in about 2 to 3 weeks
Mark Blakeley, MS, LAC, LPC, CSAT
Executive Clinical Director
Phone:
(303) 381-8340
mark.blakeley@banyancenters.com
www.banyantreatmentcenters.com
1055 S. Perry Street
Castle Rock CO 80104
The information contained in this transmission may contain privileged and confidential information, including patient information protected by federal and state privacy laws. It is intended only for the use of the person(s) named above. If you are not the intended
 recipient, you are hereby notified that any review, dissemination, distribution, or duplication of this communication is strictly prohibited. If you are not the intended recipient, please contact the sender by reply email and destroy all copies of the original
 message.
08/18/2025 09:10 : BHOPB\dmui : Technician : Ok. Will work on this. Will need to order monitors, etc from Lenovo directly. When do you need them by.
08/15/2025 14:36 : BHOPB\mark.blakeley : Non-Technician : We will need everything for the PCs: mouse, camera, speakers, etc
Mark Blakeley, MS, LAC, LPC, CSAT
Executive Clinical Director
Phone:
(303) 381-8340
mark.blakeley@banyancenters.com
www.banyantreatmentcenters.com
1055 S. Perry Street
Castle Rock CO 80104
The information contained in this transmission may contain privileged and confidential information, including patient information protected by federal and state privacy laws. It is intended only for the use of the person(s) named above. If you are not the intended
 recipient, you are hereby notified that any review, dissemination, distribution, or duplication of this communication is strictly prohibited. If you are not the intended recipient, please contact the sender by reply email and destroy all copies of the original
 message.
08/15/2025 14:34 : bhopb\brittany.obrien : Technician : @Don let me know if you need me to send keyboard/mouse combos.
08/15/2025 13:54 : BHOPB\rmoll : Technician : The ticket has been assigned to technician: Don Mui
08/15/2025 13:54 : BHOPB\rmoll : Technician : Bubba ,
We will work with IT equipment; we will not handle furniture.
Also, please do not allow anyone to use personal devices. We will send a laptop as well.
@Don Mui
, please assist with the equipment.
@Brittany O'Brien, please assist with the items you are handling
.
Regards,
Rick Moll
IT Department
(561) 465-1708
email - rmoll@banyancenters.com
08/15/2025 11:30 : BHOPB\chivas.johnson : Non-Technician : New ticket submitted via
Email"
134590,2025-08-15 11:22:53,BHOPB\kassandra.melendez,bhopb\brittany.obrien,*urgent* Term system access,"Hello,
Please term system access immediately for David Chagui from Admissions.
Thank you,
Kassandra Melendez
HR Business Partner
Phone:
(954) 533-7705 x165
kassandra.melendez@banyancenters.com
www.banyantreatmentcenters.com
225 N Federal Hwy
Pompano Beach FL 33062
The information contained in this transmission may contain privileged and confidential information, including patient information protected by federal and state privacy laws. It is intended only for the use of the person(s) named above. If you are not the intended recipient, you are hereby notified that any review, dissemination, distribution, or duplication of this communication is strictly prohibited. If you are not the intended recipient, please contact the sender by reply email and destroy all copies of the original message.",In progress,High,2025-08-15 11:57:46,,"08/15/2025 13:18 : bhopb\brittany.obrien : Technician : Hi Kassandra!
Happy Friday!! Can I please have David's address for the return label and if you would like me to send him the label please provide his email as well.
Thank you,
Brittany 😊
08/15/2025 12:12 : bhopb\adnan.tamboli : Technician : The ticket has been assigned to technician: Brittany O'Brien
08/15/2025 12:12 : bhopb\adnan.tamboli : Technician : for system recovery assigning ticket to Brittany.
08/15/2025 12:11 : bhopb\adnan.tamboli : Technician : The ticket has been re-opened
08/15/2025 11:57 : bhopb\adnan.tamboli : Technician : David account has been removed from all the systems.
08/15/2025 11:32 : BHOPB\rmoll : Technician : The ticket has been assigned to technician: Adnan Tamboli
08/15/2025 11:22 : BHOPB\kassandra.melendez : Non-Technician : New ticket submitted via
Email"
134588,2025-08-15 10:47:38,lpiaskowski@banyancenters.com,bhopb\adnan.tamboli,Printer,"Good Morning,
Can we please add 3
rd
Floor Nurses Station to this computer to print please. Thank you!
-
Lori Piaskowski, CPRS
Transportation Supervisor
Phone:
(302) 315-0002
Email:
lpiaskowski@banyancenters.com
21 W Clarke Ave Suite 4001
Milford, DE 19963
The information contained in this transmission may contain privileged and confidential information and is property of Banyan Treatment Centers, including patient information protected by federal and state privacy laws. It is intended only for the use of the
 person(s) named above. If you are not the intended recipient, you are hereby notified that any review, dissemination, distribution, or duplication of this communication is strictly prohibited. If you are not the intended recipient, please contact the sender
 by reply email and destroy all copies of the original message.",In progress,Normal,2025-08-15 12:01:18,,"08/20/2025 15:20 : bhopb\adnan.tamboli : Technician : This system is currently offline. Please let me know when it is online so I can update the policies.
08/20/2025 15:12 : lpiaskowski@banyancenters.com : Non-Technician : MFDDK116
Get
Outlook for iOS
08/20/2025 14:59 : bhopb\adnan.tamboli : Technician : Hello,
May I know in which computer you want me to add 3
rd
Floor Nurses Station printer.
08/15/2025 12:01 : bhopb\adnan.tamboli : Technician : Mail i know the Hostname of the computer.
08/15/2025 11:01 : BHOPB\rmoll : Technician : The ticket has been assigned to technician: Adnan Tamboli
08/15/2025 10:47 : lpiaskowski@banyancenters.com : Non-Technician : New ticket submitted via
Email"
134582,2025-08-15 09:22:08,kbersson@banyancenters.com,BHOPB\jean.pierre,Atiba Adams Equipment Request,"Good Morning,
Can I please request that a laptop is sent to Atiba Adams? He does not need a cell phone or any additional equipment at this time as we are hiring him as a PRN Therapist.
His start date is 8/25.
Address:
206 Herty Lane
Hinesville, GA 31313
Kahlia Bersson, LCSW
National Director of Telehealth Services
Banyan Treatment Centers
Cell: 305.987.0920
Email:
Kbersson@banyancenters.com
www.banyantreatmentcenter.com
Corporate Address:
950 N. Federal Highway
Pompano Beach, FL 33062
Philadelphia, PA
|
Laurel
 Run, PA
|
Boston, MA
|
Chicago, IL
|
Gillman,
 IL
|
Stuart, FL
|
Boca Raton, FL
|
Pompano
 Beach, FL
|
Lake Worth, FL
|
Palm Beach Shores, FL
|
Tampa,
 FL
The information contained in this transmission may contain privileged and confidential information, including patient information protected by federal and state privacy laws. It is intended only for the use of the person(s) named above. If you are not the
 intended recipient, you are hereby notified that any review, dissemination, distribution, or duplication of this communication is strictly prohibited. If you are not the intended recipient, please contact the sender by reply email and destroy all copies of
 the original message.
-
Kahlia Bersson, LCSW
National Director of Telehealth Services
Phone:
Email:
kbersson@banyancenters.com
950 N. Federal Higway
Pompano Beach, FL 33062
The information contained in this transmission may contain privileged and confidential information and is property of Banyan Treatment Centers, including patient information protected by federal and state privacy laws. It is intended only for the use of the
 person(s) named above. If you are not the intended recipient, you are hereby notified that any review, dissemination, distribution, or duplication of this communication is strictly prohibited. If you are not the intended recipient, please contact the sender
 by reply email and destroy all copies of the original message.",Shipped-Pending Delivery,Normal,2025-08-18 09:08:34,2025-08-25 13:34:00,"08/22/2025 15:24 : BHOPB\jean.pierre : Technician : Due date has been changed: 8/25/2025 1:34 PM
08/22/2025 11:09 : BHOPB\jean.pierre : Technician : 
08/20/2025 13:34 : BHOPB\jean.pierre : Technician : Due date has been changed: 8/22/2025 1:34 PM
08/20/2025 09:27 : BHOPB\jean.pierre : Technician : Status ➜ Shipped-Pending Delivery
08/20/2025 09:27 : BHOPB\jean.pierre : Technician : Laptop staged for FedEx pickup
08/20/2025 09:16 : BHOPB\jean.pierre : Technician : 
08/20/2025 09:09 : BHOPB\jean.pierre : Technician : Custom fields - Edit Computer Name - PF3MZ4AR | 02310
08/20/2025 08:23 : BHOPB\dmui : Technician : The ticket has been assigned to technician: jean.pierre
08/18/2025 09:08 : BHOPB\dmui : Technician : Should have laptop avail and delivered before start date. Will update.
08/18/2025 09:04 : HR@banyancenters.com : Non-Technician : --reply above this line--
The latest reply\update was from:
Alyssa Brule
The latest reply\update to this ticket is:
Hello,
This is approved to be sent out.
Best,
Alyssa
08/15/2025 10:32 : BHOPB\rmoll : Technician : The ticket has been assigned to technician: Don Mui
08/15/2025 09:22 : kbersson@banyancenters.com : Non-Technician : New ticket submitted via
Email"
134575,2025-08-15 05:05:38,SQLalerts@banyancenters.com,bhopb\dhruv.sharma,! ACTION REQUIRED ! REVIEW THESE AD ACCOUNTS,"HI TEAM,
Below is the list of employees with ACTIVE AD account, but has Terminated status in UKG
Last Name
First Name
AccountName
UserPrincipalName
Title
EmployeeID
UKG_EmployeeStatus
TerminationDate
McPherson
Joshua
jmcpherson
jmcpherson@banyancenters.com
Executive Director
001124
Terminated
8/6/2025 12:00:00 AM
Swain
Scott
sswain
sswain@banyancenters.com
Behavioral Health Technician
004167
Terminated
8/11/2025 12:00:00 AM
Knight
Melissa
melissa.knight
melissa.knight@banyancenters.com
Behavioral Health Technician
008834
Terminated
1/9/2025 12:00:00 AM
Lindemon
William
william.lindemon
william.lindemon@banyancenters.com
Transportation Specialist
008924
Terminated
8/13/2025 12:00:00 AM
Lynch
Kristen
klynch
klynch@banyancenters.com
Registered Nurse
004436
Terminated
1/19/2023 12:00:00 AM
Ross
Elizabeth
elizabeth.ross
elizabeth.ross@banyancenters.com
Clinical Director
003460
Terminated
3/29/2024 12:00:00 AM
Below is the list of employees with ACTIVE AD account, but has Long Leave/Suspended/Other status in UKG
Last Name
First Name
AccountName
UserPrincipalName
Title
EmployeeID
UKG_EmployeeStatus
TerminationDate
-
SQL Alerts
Phone:
Email:
sqlalerts@banyancenters.com
,
The information contained in this transmission may contain privileged and confidential information and is property of Banyan Treatment Centers, including patient information protected by federal and state privacy laws. It is intended only for the use of the
 person(s) named above. If you are not the intended recipient, you are hereby notified that any review, dissemination, distribution, or duplication of this communication is strictly prohibited. If you are not the intended recipient, please contact the sender
 by reply email and destroy all copies of the original message.",In progress,Normal,2025-08-15 16:45:09,,"08/22/2025 09:23 : BHOPB\jean.pierre : Technician : Dhruv before giving me this ticket, find out if they are gonna keep it onsite or mail it.
08/22/2025 09:23 : BHOPB\jean.pierre : Technician : The ticket has been assigned to technician: Dhruv Sharma
08/21/2025 18:38 : bhopb\dhruv.sharma : Technician : The ticket has been assigned to technician: jean.pierre
08/21/2025 18:38 : bhopb\dhruv.sharma : Technician : Hello Jean,
Joshua McPherson has the asset with him can you please look for it.
08/21/2025 18:37 : bhopb\dhruv.sharma : Technician : Hello Jean,
Joshua McPherson has the asset with him can you please look for it.
08/18/2025 17:44 : bhopb\dhruv.sharma : Technician : Terminated account
Re-Hire
These are re-hire accounts. They were only disabled and not moved to the suspended folder, so when the users rejoin, we’ll just need to enable the accounts.
08/18/2025 09:13 : bhopb\dhruv.sharma : Technician : Status ➜ In progress
08/15/2025 17:03 : bhopb\dhruv.sharma : Technician : Melissa and Elizabeth are about to join again
08/15/2025 16:45 : bhopb\dhruv.sharma : Technician : Status ➜ Awaiting Customer Response
08/15/2025 16:45 : bhopb\dhruv.sharma : Technician : I have asked to the HR and waiting for response
08/15/2025 08:23 : BHOPB\rmoll : Technician : The ticket has been assigned to technician: Dhruv Sharma
08/15/2025 05:05 : SQLalerts@banyancenters.com : Non-Technician : New ticket submitted via
Email"
134571,2025-08-14 18:56:48,daniel.page@banyancenters.com,bhopb\brittany.obrien,Laptop charger,"Hi, reaching out because my laptop charger is no longer working. Is there any way I can get a new one sent to me?
Daniel Page
Admissions Coordinator
daniel.page@banyancenters.com
The information contained in this transmission may contain privileged and confidential information, and is property of Banyan Treatment Centers, including patient information protected by federal and state privacy laws. It is intended only for the use of the
 person(s) named above. If you are not the intended recipient, you are hereby notified that any review, dissemination, distribution, or duplication of this communication is strictly prohibited. If you are not the intended recipient, please contact the sender
 by reply email and destroy all copies of the original message.
Daniel Page
Specialty Admissions Coordinator
Phone:
844-871-6711
daniel.page@banyancenters.com
www.banyantreatmentcenters.com
225 N Federal Highway, Suite 105
Pompano Beach Florida 19963
The information contained in this transmission may contain privileged and confidential information, including patient information protected by federal and state privacy laws. It is intended only for the use of the person(s) named above. If you are not the intended
 recipient, you are hereby notified that any review, dissemination, distribution, or duplication of this communication is strictly prohibited. If you are not the intended recipient, please contact the sender by reply email and destroy all copies of the original
 message.",In progress,Normal,2025-08-15 13:21:22,,"08/15/2025 13:21 : bhopb\brittany.obrien : Technician : Hi Daniel,
Please provide a shipping address for your laptop charger.
Thank you,
Brittany 😊
08/15/2025 08:23 : BHOPB\rmoll : Technician : The ticket has been assigned to technician: Brittany O'Brien
08/14/2025 18:56 : daniel.page@banyancenters.com : Non-Technician : New ticket submitted via
Email"
134567,2025-08-14 17:55:18,bhopb\bduke,BHOPB\jscheringer,Add Camera Observation Room 106,"Camera has been installed and needs to be licensed and uploaded to our Orchid for Residential Program, 67580 Jones Rd.
Please make this a priority as we need to move Observation Camera in room 102 to be moved to face outside, which Maintenance will complete once new camera is activated.
If you can change the camera name Client Room 102 to Smoking Area
Thanks!
-
Bryan Duke
Director of Operations
Phone:
(760) 616-5800 x809
Email:
bduke@banyancenters.com
67580 Jones Rd
Cathedral City, CA 92234
The information contained in this transmission may contain privileged and confidential information and is property of Banyan Treatment Centers, including patient information protected by federal and state privacy laws. It is intended only for the use of the
 person(s) named above. If you are not the intended recipient, you are hereby notified that any review, dissemination, distribution, or duplication of this communication is strictly prohibited. If you are not the intended recipient, please contact the sender
 by reply email and destroy all copies of the original message.",New,Normal,,,"08/15/2025 08:22 : BHOPB\rmoll : Technician : The ticket has been assigned to technician: Jared Scheringer
08/14/2025 17:55 : bhopb\bduke : Non-Technician : New ticket submitted via
Email"
134562,2025-08-14 16:40:18,BHOPB\tracy.lamb,bhopb\brittany.obrien,Activtrak additions,"Hi...I apologize, but we have a lot of new staff so I see to write tickets every week for this stuff:)  Bear with me.
Removals:
Lecrettia Riley
Rohit Mehta
Additions
Mary Auterson - Auditing
Xavier Pereira - Auditing
Stefanie Burandt - Executives
Move Tiara Sealy to Collections and then you can eliminate VA Team bucket
Please give Angela Katz visibility of all Users in the RCM bucket.
Tracy Lamb
Vice President of Revenue Cycle Management
Phone:
(954) 533-7705
tracy.lamb@banyancenters.com
www.banyantreatmentcenters.com
225 N. Federal Highway
Pompano Beach FL 33062
The information contained in this transmission may contain privileged and confidential information, including patient information protected by federal and state privacy laws. It is intended only for the use of the person(s) named above. If you are not the intended
 recipient, you are hereby notified that any review, dissemination, distribution, or duplication of this communication is strictly prohibited. If you are not the intended recipient, please contact the sender by reply email and destroy all copies of the original
 message.",In progress,Normal,2025-08-14 16:48:11,,"08/18/2025 08:18 : bhopb\love.shah : Technician : The ticket has been assigned to technician: Brittany O'Brien
08/15/2025 13:39 : angela.katz@banyancenters.com : Non-Technician : Thank you!
Angela Katz
Director of Revenue Cycle Management
Phone:
(954) 533-7705
angela.katz@banyancenters.com
www.banyantreatmentcenters.com
225 N. Federal Highway
Pompano Beach FL 33062
The information contained in this transmission may contain privileged and confidential information, including patient information protected by federal and state privacy laws. It is intended only for the use of the person(s) named above. If you are not the intended
 recipient, you are hereby notified that any review, dissemination, distribution, or duplication of this communication is strictly prohibited. If you are not the intended recipient, please contact the sender by reply email and destroy all copies of the original
 message.
08/15/2025 13:24 : bhopb\brittany.obrien : Technician : Hi Tracy!
Happy Friday.
I did the removals and moved Tiara and removed the VA group. I am having some troubles with the installer to push Activtrak onto new computers but I have them working on it and will get them added as soon as I can. Angela should have access too all groups under the RCM bucket but if I am missing any please let me know.
Thank you,
Brittany 😊
08/14/2025 17:02 : BHOPB\tracy.lamb : Non-Technician : Usually Brittany (I copied her)
08/14/2025 16:49 : bhopb\love.shah : Technician : The ticket has been assigned to technician: Love Shah
08/14/2025 16:49 : bhopb\love.shah : Technician : Good afternoon ,
will check with rick who is able to work on activtrak
08/14/2025 16:40 : BHOPB\tracy.lamb : Non-Technician : New ticket submitted via
Email"
134558,2025-08-14 15:52:18,BHOPB\maria.sutton,bhopb\cbowra,Moving Offices,"Good Afternoon.
This is Maria Brown-Sutton and I will be moving offices on Sunday 8/17/25 from the office where Beth is (next to Jason office) to room 125. I would like to bring my dual computer monitors, phone, speakers, signature pad, and camera. I need that phone because 
 my ext will need to follow me. I will greatly appreciate that. The office stuff that's in there can come to this office. Oh yeah the ThinkCentre box too. It has code LKWDK21 on it. My mouse chip is in it.
-
Maria Brown Sutton
Case Manager
Phone:
(561) 465-1000 x3458
Email:
maria.sutton@banyancenters.com
7859 Lake Worth Road
Lake Worth, FL 33467
The information contained in this transmission may contain privileged and confidential information and is property of Banyan Treatment Centers, including patient information protected by federal and state privacy laws. It is intended only for the use of the
 person(s) named above. If you are not the intended recipient, you are hereby notified that any review, dissemination, distribution, or duplication of this communication is strictly prohibited. If you are not the intended recipient, please contact the sender
 by reply email and destroy all copies of the original message.",In progress,Normal,2025-08-17 13:48:44,2025-08-29 17:45:00,"08/17/2025 14:11 : BHOPB\maria.sutton : Non-Technician : The ticket has been re-opened
08/17/2025 14:11 : BHOPB\maria.sutton : Non-Technician : You're welcome!
08/17/2025 13:48 : bhopb\cbowra : Technician : Thank you Maria for completing the move yourself. Appreciated.
08/14/2025 17:45 : bhopb\cbowra : Technician : Due date has been changed: 8/29/2025 5:45 PM
08/14/2025 15:52 : BHOPB\rmoll : Technician : The ticket has been assigned to technician: Cleon Bowra
08/14/2025 15:52 : BHOPB\maria.sutton : Non-Technician : New ticket submitted via
Email"
134553,2025-08-14 15:11:59,bhopb\cbowra,bhopb\brittany.obrien,TV replacement ,Allia current tv is no longer working and requesting a larger replacement. User request a tv screen of 75 or more if possible.,New,Normal,2025-08-14 15:12:27,,"08/14/2025 15:12 : bhopb\cbowra : Technician : please ship to Lake Worth.
08/14/2025 15:12 : bhopb\cbowra : Technician : The ticket has been assigned to technician: Brittany O'Brien
08/14/2025 15:11 : bhopb\cbowra : Technician : New ticket submitted via
Web app"
134538,2025-08-14 13:23:18,powerapps@banyancenters.com,BHOPB\carlos.rios,[REQUEST] Update Group Sessions - Phil,"Name: Amy Lavin
Best Contact Number: 215-249-6226 x608
Facility/Department: Philadelphia/Clinical
Detailed description of the Issue:
Tuesday 10am will now be Anxiety Management and Anxiety Management (Split):
Being moved from Friday at 10am.
Stress Management and Stress Management (Split)
 can be removed from the group schedule.
Friday 10am will now be Grief & Loss Management: Group Description: Utilizes a discussion of coping skills for dealing with grief and loss, finding ways to prevent anger and angry outbursts, and discuss how loss can
 impact mental health. Grief and Loss group consists of Psychoeducation and Cognitive Behavioral Therapy
Responders' Email: alavin@banyancenters.com",Scheduled,Normal,,,"08/19/2025 15:19 : BHOPB\carlos.rios : Technician : Meeting with Amy, this coming Friday.
Group Sessions will be updated then.
08/18/2025 10:57 : BHOPB\carlos.rios : Technician : Status ➜ Scheduled
08/18/2025 10:57 : BHOPB\carlos.rios : Technician : Status ➜ Approved by Corporate
08/18/2025 10:53 : BHOPB\carlos.rios : Technician : Edited the ticket
08/18/2025 10:47 : BHOPB\carlos.rios : Technician : Edited the ticket
08/14/2025 16:46 : BHOPB\carlos.rios : Technician : Status ➜ Scheduled
08/14/2025 13:24 : BHOPB\rmoll : Technician : The ticket has been assigned to technician: Carlos Rios
08/14/2025 13:24 : BHOPB\rmoll : Technician : The category has been changed: ""New Tickets"" ➜ ""Problem / Software: KIPU""
08/14/2025 13:23 : powerapps@banyancenters.com : Non-Technician : New ticket submitted via
Email"
134533,2025-08-14 12:53:03,oraja@banyancenters.com,BHOPB\dmui,Ongoing work laptop issues for Joseph Gomez,"Hello,
We continue to have ongoing issues with Joseph's work laptop that is causing a delay in auths and causing revenue loss. We need this fixed asap so he can continue working on his cases. His pc is displaying  a frozen screen. Please advise.
Thanks,
Oabid
Obaid Raja
Director of Utilization Review
Mobile:
(786) 683-5713
oraja@banyancenters.com
www.banyantreatmentcenters.com
The information contained in this transmission may contain privileged and confidential information, including patient information protected by federal and state privacy laws. It is intended only for the use of the person(s) named above. If you are not the intended
 recipient, you are hereby notified that any review, dissemination, distribution, or duplication of this communication is strictly prohibited. If you are not the intended recipient, please contact the sender by reply email and destroy all copies of the original
 message.",Awaiting Customer Response,Normal,2025-08-14 12:55:43,,"08/19/2025 16:01 : BHOPB\dmui : Technician : you connect it to your wifi, choose other user
username is your full email address
your password is your microsoft password. same as your logged into your other laptop
08/19/2025 15:48 : joseph.gomez@banyancenters.com : Non-Technician : I received the laptop, need the password and set up.
Joseph Gomez
Utilization Review Specialist
Office hours 6:00am- 2:30pm
Please allow 24hrs for a response
Phone:
(772) 206-0350
Fax:
(954) 379-4600
joseph.gomez@banyancenters.com
www.banyantreatmentcenters.com
• Pompano Beach • Florida • 33062
The information contained in this transmission may contain privileged and confidential information, including patient information protected by federal and state privacy laws. It is intended only for the use of the person(s) named above. If you are not the intended
 recipient, you are hereby notified that any review, dissemination, distribution, or duplication of this communication is strictly prohibited. If you are not the intended recipient, please contact the sender by reply email and destroy all copies of the original
 message.
08/18/2025 12:07 : BHOPB\dmui : Technician : Laptop shipping FedEx Overnight.
Return label included to ship back the old laptop and power supply please.
Lenovo T14 - Ser PF1E0C1L - Asset 02167
Return label
08/18/2025 09:12 : BHOPB\dmui : Technician : Will try to get replacement out today. Will update.
08/15/2025 08:29 : BHOPB\rmoll : Technician : @Don Mui
we need this laptop sent asap.
Regards,
Rick Moll
IT Department
(561) 465-1708
email - rmoll@banyancenters.com
08/15/2025 08:29 : BHOPB\rmoll : Technician : The ticket has been assigned to technician: Don Mui
08/14/2025 15:45 : joseph.gomez@banyancenters.com : Non-Technician : 4225 sw whitebread RD port st lucie FL 34953
Joseph Gomez
Utilization Review Specialist
Office hours 6:00am- 2:30pm
Please allow 24hrs for a response
Phone:
(772) 206-0350
Fax:
(954) 379-4600
joseph.gomez@banyancenters.com
www.banyantreatmentcenters.com
• Pompano Beach • Florida • 33062
The information contained in this transmission may contain privileged and confidential information, including patient information protected by federal and state privacy laws. It is intended only for the use of the person(s) named above. If you are not the intended
 recipient, you are hereby notified that any review, dissemination, distribution, or duplication of this communication is strictly prohibited. If you are not the intended recipient, please contact the sender by reply email and destroy all copies of the original
 message.
08/14/2025 15:31 : BHOPB\rmoll : Technician : The ticket has been assigned to technician: Rick Moll
08/14/2025 15:30 : BHOPB\rmoll : Technician : Hey Joseph,
Please send me your address so we can ship you a better laptop, along with a return label for the current one
Regards,
Rick Moll
IT Department
(561) 465-1708
email - rmoll@banyancenters.com
08/14/2025 15:13 : BHOPB\rmoll : Technician : The ticket has been assigned to technician: Don Mui
08/14/2025 13:47 : bhopb\love.shah : Technician : 
08/14/2025 13:46 : bhopb\love.shah : Technician : The ticket has been assigned to technician: Rick Moll
08/14/2025 13:17 : bhopb\love.shah : Technician : Status ➜ Awaiting Customer Response
08/14/2025 13:17 : bhopb\love.shah : Technician : let me know once you free so i can connect your system
08/14/2025 13:16 : bhopb\love.shah : Technician : 
08/14/2025 12:53 : oraja@banyancenters.com : Non-Technician : New ticket submitted via
Email"
134510,2025-08-14 10:20:33,kenisa.helm@banyancenters.com,BHOPB\dmui,Update on ticket 134276,"Good Morning!
I am understanding that Kiara has reached out about her laptop concerns and I am wondering where we are with a solution regarding the port not working/holding a charge.
Sincerely,
Kenisa
-
Kenisa Helm
Director of Quality Assurance and Professional Development
Phone:
844-871-6711
Email:
kenisa.helm@banyancenters.com
225 N Federal Hwy
Pompano Beach, FL 33062
The information contained in this transmission may contain privileged and confidential information and is property of Banyan Treatment Centers, including patient information protected by federal and state privacy laws. It is intended only for the use of the
 person(s) named above. If you are not the intended recipient, you are hereby notified that any review, dissemination, distribution, or duplication of this communication is strictly prohibited. If you are not the intended recipient, please contact the sender
 by reply email and destroy all copies of the original message.",Scheduled,Normal,2025-08-14 10:23:10,2025-08-22 12:48:00,"08/20/2025 11:13 : BHOPB\dmui : Technician : Lenovo T14 - Asset 02309 Shipping FedEx Overnight.
Return label included to return old laptop and all extra power supplies please.
08/20/2025 10:30 : BHOPB\dmui : Technician : Thanks. Sorry don't know how I missed it.
08/20/2025 08:38 : kenisa.helm@banyancenters.com : Non-Technician : Earlier on this ticket she replied:
New shipping address is 2830 Red Lion Sq Winter Park FL 32792
08/20/2025 08:18 : BHOPB\dmui : Technician : Kiara, can you please confirm your shipping info...
4458 wyndcliff ct orlando fl 32817
08/19/2025 15:10 : BHOPB\dmui : Technician : The ticket has been assigned to technician: Don Mui
08/19/2025 15:08 : BHOPB\dmui : Technician : Kiara, is your shipping address still
4458 wyndcliff ct orlando fl 32817
Lenovo T14 - asset 02309
08/19/2025 12:48 : BHOPB\jean.pierre : Technician : Due date has been changed: 8/22/2025 12:48 PM
08/19/2025 12:41 : BHOPB\jean.pierre : Technician : Status ➜ Scheduled
08/19/2025 10:07 : BHOPB\dmui : Technician : The ticket has been assigned to technician: jean.pierre
08/18/2025 11:20 : BHOPB\dmui : Technician : Reopening the ticket. After closing this ticket I just wanted to make sure and Team'd Kiara and she said that after using the second port the issue came up again. So I told her I would re-open this ticket and work on sending a replacement laptop. I have a shipment coming in today so hopefully will get out today or tomorrow latest. Will update.
08/18/2025 11:19 : BHOPB\dmui : Technician : The ticket has been re-opened
08/18/2025 09:11 : BHOPB\dmui : Technician : It was updated and resolved in another ticket. The laptop has a second USBC port that can also be used for charging and she confirmed that she is able to plug into that port for now on to charge. Closing ticket
08/15/2025 13:21 : BHOPB\rmoll : Technician : The ticket has been assigned to technician: Don Mui
08/15/2025 09:50 : kiara.santiago@banyancenters.com : Non-Technician : My new shipping address is 2830 Red Lion Sq Winter Park FL 32792
08/14/2025 12:57 : kenisa.helm@banyancenters.com : Non-Technician : Rick - Thank you!
Kiara - IT is going to replace your laptop, Can you please respond with the shipping address for them to do so?
Don - Welcome back (On Monday) and thank you ahead of time
Sincerely,
Kenisa
08/14/2025 12:47 : BHOPB\rmoll : Technician : Please CC her on the ticket and ask her to provide the shipping address in this new ticket.
Regards,
Rick Moll
IT Department
(561) 465-1708
email - rmoll@banyancenters.com
08/14/2025 12:41 : BHOPB\rmoll : Technician : We will have to replace the laptop. Don will be back on Monday only.
I will speak with him about the replacement.
Regards,
Rick Moll
IT Department
(561) 465-1708
email - rmoll@banyancenters.com
08/14/2025 10:46 : kenisa.helm@banyancenters.com : Non-Technician : The ticket has been re-opened
08/14/2025 10:46 : kenisa.helm@banyancenters.com : Non-Technician : Yes, she reached out to me this morning stating:
I submitted a ticket about both ports on my laptop not working. I received a new charger, but the issue was the port itself. IT told me to try the extra c port but that wasn't working either... Right now, I've positioned the wire in a way to work, but any
 little bump or movement and I'm back to trying to get it to charge again
08/14/2025 10:23 : BHOPB\rmoll : Technician : Did you speak with her?
This is ticket was resolve 3 days go
Regards,
Rick Moll
IT Department
(561) 465-1708
email - rmoll@banyancenters.com
08/14/2025 10:20 : kenisa.helm@banyancenters.com : Non-Technician : New ticket submitted via
Email"
134473,2025-08-13 15:58:39,BHOPB\kymberly.harris,BHOPB\dmui,HRTLP30 Not Working Properly,"Good Afternoon,
This morning, Brooke tried logging in to HRTLP30 but it just tried loading the ""Other User"" login screen for hours. I shut it down and tried turning it back on to see if I could log on but now it is flashing the Lenovo startup screen (attached). Are you able
 to see what's going on with it?
Thank you!
-
Kymberly Pope-Harris
Administrative Assistant
Phone:
(815) 707-2136 x5103
Email:
kymberly.harris@banyancenters.com
1237 E 1600 North Rd
Gilman, IL 60938
The information contained in this transmission may contain privileged and confidential information and is property of Banyan Treatment Centers, including patient information protected by federal and state privacy laws. It is intended only for the use of the
 person(s) named above. If you are not the intended recipient, you are hereby notified that any review, dissemination, distribution, or duplication of this communication is strictly prohibited. If you are not the intended recipient, please contact the sender
 by reply email and destroy all copies of the original message.",In progress,Normal,2025-08-13 16:07:18,,"08/19/2025 13:07 : BHOPB\dmui : Technician : Shipping Lenovo T14 laptop. Asset 02308 FedEx Overnight.
I will include a return label to send back old laptop.
Return label
08/19/2025 12:37 : BHOPB\dmui : Technician : I am working on a replacement laptop for you now and will try to ship out today and i will include a return label for you to return that one. I will update this ticket with ship info soon.
08/19/2025 12:00 : BHOPB\kymberly.harris : Non-Technician : I'm not sure what to do from here. Do you want any of the options below or do you want me to send this laptop back to you?
08/19/2025 10:11 : BHOPB\kymberly.harris : Non-Technician : That's the second time that's happened...
This is what I said -
I can get to a white Startup Interrupt Menu.
Options are:
ESC to resume normal startup
F1 to enter the BIOS Setup Utility
F10 to diagnose hardware
F12 to choose a temporary startup device
<CTRL-P> to enter the Management Engine setup screen
08/19/2025 10:05 : BHOPB\dmui : Technician : Sorry your last reply shows blank
08/19/2025 10:03 : BHOPB\kymberly.harris : Non-Technician : 
08/19/2025 09:33 : BHOPB\dmui : Technician : I cant remote into the laptop to see when its not loaded to the login screen...
Does it stay at the lenovo logo screen? or does it go to a blue screen that talks about troubleshooting or recovery. If it takes you to the latter, is there an option to roll back whatever update that probably caused this?
If you cant get back the lenovo screen and no blue menu screen let me know and i'll have to send out a replacement laptop
08/19/2025 09:28 : bhopb\adnan.tamboli : Technician : The ticket has been assigned to technician: Don Mui
08/19/2025 09:27 : bhopb\adnan.tamboli : Technician : Assigning this ticket to
@Don Mui
08/18/2025 15:14 : BHOPB\kymberly.harris : Non-Technician : The ticket has been re-opened
08/18/2025 15:14 : BHOPB\kymberly.harris : Non-Technician : Hi,
This laptop is still doing this same thing...
Thank you!!
08/13/2025 16:07 : bhopb\adnan.tamboli : Technician : t is updating. Please wait — it will turn on once the update is complete.
08/13/2025 15:58 : BHOPB\kymberly.harris : Non-Technician : New ticket submitted via
Email"
134469,2025-08-13 15:01:39,BHOPB\kymberly.harris,bhopb\cbowra,New employee Badge,"Brooke Burns
BHT
Please Print in Pompano and mail to Heartland.
Thank you!
-
Kymberly Pope-Harris
Administrative Assistant
Phone:
(815) 707-2136 x5103
Email:
kymberly.harris@banyancenters.com
1237 E 1600 North Rd
Gilman, IL 60938
The information contained in this transmission may contain privileged and confidential information and is property of Banyan Treatment Centers, including patient information protected by federal and state privacy laws. It is intended only for the use of the
 person(s) named above. If you are not the intended recipient, you are hereby notified that any review, dissemination, distribution, or duplication of this communication is strictly prohibited. If you are not the intended recipient, please contact the sender
 by reply email and destroy all copies of the original message.",In progress,Normal,2025-08-13 15:23:04,2025-08-29 15:26:00,"08/14/2025 17:42 : bhopb\cbowra : Technician : Due date has been changed: 8/29/2025 3:26 PM
08/14/2025 10:11 : bhopb\love.shah : Technician : The ticket has been assigned to technician: Cleon Bowra
08/14/2025 10:11 : bhopb\love.shah : Technician : heartland badge printer is offline so printed this badge to pompano
08/13/2025 15:26 : bhopb\love.shah : Technician : Due date has been changed: 8/14/2025 3:26 PM
08/13/2025 15:01 : BHOPB\kymberly.harris : Non-Technician : New ticket submitted via
Email"
134458,2025-08-13 13:09:38,jpawlowski@banyancenters.com,bhopb\cbowra,Printer Set Up,"Good afternoon,
Transportation has moved from 950 to Avery as you know and we need our computers set up for printer access on 6
th
floor. Thank you!
-
Joseph Pawlowski
Transportation Supervisor
Phone:
(954) 415-4853
Email:
jpawlowski@banyancenters.com
950 N Federal Hwy #216
Pompano Beach, FL 33062
The information contained in this transmission may contain privileged and confidential information and is property of Banyan Treatment Centers, including patient information protected by federal and state privacy laws. It is intended only for the use of the
 person(s) named above. If you are not the intended recipient, you are hereby notified that any review, dissemination, distribution, or duplication of this communication is strictly prohibited. If you are not the intended recipient, please contact the sender
 by reply email and destroy all copies of the original message.",In progress,Normal,2025-08-13 15:32:30,2025-08-29 17:32:00,"08/15/2025 07:50 : cgouzoules@banyancenters.com : Non-Technician : Thank you for getting back to me, I’m okay with us being relayed to another printer. We do have a few cases of documents we need to scan, is there a space where
 there is more than one printer we can use from time to time for bulk scanning?
Best Regards,
Christos Gouzoules
Director of Transportation & Fleet Management Operations
Mobile:
(954) 213-5524
cgouzoules@banyancenters.com
www.banyantreatmentcenters.com
950 N Federal Hwy #113
Pompano Beach FL 33062
The information contained in this transmission may contain privileged and confidential information, including patient information protected by federal and state privacy laws. It is intended only for the use of the person(s) named above. If you are not the intended recipient, you are hereby notified that any review, dissemination, distribution, or duplication of this communication is strictly prohibited. If you are not the intended recipient, please contact the sender by reply email and destroy all copies of the original message.
08/14/2025 17:39 : bhopb\cbowra : Technician : Due date has been changed: 8/29/2025 5:32 PM
08/14/2025 17:39 : bhopb\cbowra : Technician : I'm sorry guys but we had no staff in Pompano to access this issue. We need to find a different printer for your Team or where all the 6th floor printers were relocated. This will be delayed until such details are determined. We may also provide an Epson printer as an alternative.
08/14/2025 13:14 : jpawlowski@banyancenters.com : Non-Technician : Mine is PMP950DK85
Christos is Transport 1 but Ethernet is out
Dylan Francis is banyan108
Thank you
Get
Outlook for iOS
08/14/2025 12:47 : cgouzoules@banyancenters.com : Non-Technician : Thank you Cleon!
We will need to be routed to another printer please. I spoke with Beth and they would like to keep the 6
th
printer solely for HR.
Best Regards,
Christos Gouzoules
Director of Transportation & Fleet Management Operations
Mobile:
(954) 213-5524
cgouzoules@banyancenters.com
www.banyantreatmentcenters.com
950 N Federal Hwy #113
Pompano Beach FL 33062
The information contained in this transmission may contain privileged and confidential information, including patient information protected by federal and state privacy laws. It is intended only for the use of the person(s) named above. If you are not the intended recipient, you are hereby notified that any review, dissemination, distribution, or duplication of this communication is strictly prohibited. If you are not the intended recipient, please contact the sender by reply email and destroy all copies of the original message.
08/14/2025 12:13 : bhopb\cbowra : Technician : Please provide your computer name. I do not see you guys logged into a desktop station.
08/13/2025 19:21 : jpawlowski@banyancenters.com : Non-Technician : Thanks you, Can you hook our computers up to the HR printer as it’s the only one on the shared floor?
Get
Outlook for iOS
08/13/2025 15:32 : bhopb\cbowra : Technician : Hey Joseph,
I might be mistaken but I believe all the printers were removed from the 6th floor except maybe the HR printer. I'm working in Lake Worth today but I will have the guys check it tomorrow.
08/13/2025 14:27 : bhopb\love.shah : Technician : The ticket has been assigned to technician: Cleon Bowra
08/13/2025 13:09 : jpawlowski@banyancenters.com : Non-Technician : New ticket submitted via
Email"
134452,2025-08-13 12:22:08,BHOPB\kassandra.melendez,BHOPB\dmui,Term system access,"Hello,
Please term system access fro Admissions employee, Bethany Greenlee, effective immediately.
Thank you,
Kassandra Melendez
HR Business Partner
Phone:
(954) 533-7705 x165
kassandra.melendez@banyancenters.com
www.banyantreatmentcenters.com
225 N Federal Hwy
Pompano Beach FL 33062
The information contained in this transmission may contain privileged and confidential information, including patient information protected by federal and state privacy laws. It is intended only for the use of the person(s) named above. If you are not the intended recipient, you are hereby notified that any review, dissemination, distribution, or duplication of this communication is strictly prohibited. If you are not the intended recipient, please contact the sender by reply email and destroy all copies of the original message.",In progress,Critical,2025-08-13 13:33:32,,"08/21/2025 15:17 : BHOPB\dmui : Technician : Kassandra,
Is the user aware she needs to return her laptop?
Do you have a personal email address where we can email her a return label to print and use to send back her equipment?
Can we get a home address to enter in when creating the return label?
08/13/2025 13:35 : bhopb\love.shah : Technician : The ticket has been assigned to technician: Don Mui
08/13/2025 13:35 : bhopb\love.shah : Technician : @Don Mui
:- could you please recover the asset from the user :-
08/13/2025 13:33 : bhopb\love.shah : Technician : As requested,Bethany Greenlee  has been disabled on all systems.
08/13/2025 12:44 : BHOPB\kassandra.melendez : Non-Technician : Forgot to add to send Return label for asset retrieval to:
Email:
bethanygreenlee9@gmail.com
Address
3070 NE 13th Ave
Pompano Beach, FL
33064
Let me know if you need additional information/.
Thank you,
Kassandra Melendez
HR Business Partner
Phone:
(954) 533-7705 x165
kassandra.melendez@banyancenters.com
www.banyantreatmentcenters.com
225 N Federal Hwy
Pompano Beach FL 33062
The information contained in this transmission may contain privileged and confidential information, including patient information protected by federal and state privacy laws. It is intended only for the use of the person(s) named above. If you are not the intended recipient, you are hereby notified that any review, dissemination, distribution, or duplication of this communication is strictly prohibited. If you are not the intended recipient, please contact the sender by reply email and destroy all copies of the original message.
08/13/2025 12:29 : BHOPB\rmoll : Technician : The ticket has been assigned to technician: Love Shah
08/13/2025 12:22 : BHOPB\kassandra.melendez : Non-Technician : New ticket submitted via
Email"
134440,2025-08-13 10:45:08,alyssa.brule@banyancenters.com,BHOPB\jean.pierre,Equipment Request,"Hello,
May I please have equipment sent to the following individual:
Marissa Sorci
Admissions Coordinator
Start Date: TBD (Account creation request to follow shortly)
Email:
marissajeansorci@gmail.com
#: 689-206-3197
Address: 118 W. CASTLE ST., ORLANDO, FL 32809
Equipment:
Laptop
Mouse/Keyboard
Headset
Hub connection
1 Monitor
Thank you!
Alyssa
-
Alyssa Brule
Talent Acquisition Specialist
Phone:
(561) 465-1600 x2103
Email:
alyssa.brule@banyancenters.com
7859 Lake Worth Rd
Lake Worth, FL 33467
The information contained in this transmission may contain privileged and confidential information and is property of Banyan Treatment Centers, including patient information protected by federal and state privacy laws. It is intended only for the use of the
 person(s) named above. If you are not the intended recipient, you are hereby notified that any review, dissemination, distribution, or duplication of this communication is strictly prohibited. If you are not the intended recipient, please contact the sender
 by reply email and destroy all copies of the original message.",Scheduled,Normal,2025-08-13 11:41:10,2025-09-10 13:24:00,"08/20/2025 13:49 : BHOPB\jean.pierre : Technician : Just fyi for everyone.
08/20/2025 13:47 : BHOPB\jean.pierre : Technician : I recommend only going through HR first for new hire requests going forward; there have been multiple inconsistencies and confusions regarding new hires.
08/20/2025 13:24 : BHOPB\jean.pierre : Technician : Status ➜ Scheduled
08/20/2025 13:24 : BHOPB\jean.pierre : Technician : Due date has been changed: 9/10/2025 1:24 PM
08/20/2025 11:07 : alyssa.brule@banyancenters.com : Non-Technician : Hi there-
Yes we got a start date for her.
Sorci
Marissa
Admissions Coord
9/15/2025
Corporate
Please set up accounts, thank you!
08/20/2025 10:56 : BHOPB\jean.pierre : Technician : Custom fields - Edit Computer Name -
08/20/2025 09:36 : BHOPB\jean.pierre : Technician : Status ➜ Awaiting Customer Response
08/20/2025 09:34 : BHOPB\dmui : Technician : Kassandra and Alyssa...
Pierre is all set to set up a laptop but when doing so we see there isnt even a request for a new hire for this person and not in the system yet.
So checking to see if this person is still going to be with Banyan. If so we need new user request and create the account before we can even setup a laptop
08/20/2025 09:30 : BHOPB\jean.pierre : Technician : Custom fields - Edit Computer Name - PF3N3350 | 02310
08/20/2025 08:22 : BHOPB\dmui : Technician : The ticket has been assigned to technician: jean.pierre
08/13/2025 11:44 : jbrennan@banyancenters.com : Non-Technician : 9/15
Best Regards,
Jonelle Brennan
National Director of Admissions
Banyan Treatment Center
Office: 954-533-7705 ext 926
Admissions: (844) 285-0221
Fax: (954) 533-7717
Corporate Address:
950 N Federal Highway
Pompano Beach, FL 33062
jbrennan@banyancenters.com
Philadelphia, PA | Laurel Run, PA | Boston, MA | Chicago, IL | Stuart, FL | Boca Raton, FL | Pompano Beach, FL | Lake Worth, FL | Palm Beach Shores, FL
1575082595827
The information contained in this transmission may contain privileged and confidential information, including patient information protected by federal and state privacy laws. It is intended only for the use of the person(s) named above. If you are not the intended
 recipient, you are hereby notified that any review, dissemination, distribution, or duplication of this communication is strictly prohibited. If you are not the intended recipient, please contact the sender by reply email and destroy all copies of the original
 message
08/13/2025 11:41 : BHOPB\dmui : Technician : Will do. Do we have a start date for new user yet? I am out of laptops and order should be coming end of week/next week and have users ahead of her.
08/13/2025 11:35 : bhopb\brittany.obrien : Technician : Hi Don,
Can you prepare the laptop and then reassign to me and I will order the equipment please 😊
08/13/2025 11:34 : bhopb\brittany.obrien : Technician : The ticket has been assigned to technician: Don Mui
08/13/2025 11:25 : BHOPB\rmoll : Technician : The ticket has been assigned to technician: Brittany O'Brien
08/13/2025 10:45 : alyssa.brule@banyancenters.com : Non-Technician : New ticket submitted via
Email"
134434,2025-08-13 10:11:08,BHOPB\kassandra.melendez,bhopb\cbowra,Term System Access,"Hello,
Please term system access for Corp Employee, Katie Suiters effective immediately.
Thank you,
Kassandra Melendez
HR Business Partner
Phone:
(954) 533-7705 x165
kassandra.melendez@banyancenters.com
www.banyantreatmentcenters.com
225 N Federal Hwy
Pompano Beach FL 33062
The information contained in this transmission may contain privileged and confidential information, including patient information protected by federal and state privacy laws. It is intended only for the use of the person(s) named above. If you are not the intended recipient, you are hereby notified that any review, dissemination, distribution, or duplication of this communication is strictly prohibited. If you are not the intended recipient, please contact the sender by reply email and destroy all copies of the original message.",In progress,Critical,2025-08-13 10:29:39,,"08/20/2025 11:47 : bhopb\brittany.obrien : Technician : Nevermind 😊 I have the info and I am going to send over the shipping label and will update
08/20/2025 10:02 : bhopb\brittany.obrien : Technician : The ticket has been re-opened
08/20/2025 10:02 : bhopb\brittany.obrien : Technician : Katie has a laptop to be returned. Can we please have her address and an email to send the label.
Thank you,
Brittany 😊
08/13/2025 13:19 : bhopb\cbowra : Technician : Account  disabled as requested
08/13/2025 10:11 : BHOPB\kassandra.melendez : Non-Technician : New ticket submitted via
Email"
134429,2025-08-13 09:50:08,BHOPB\rose.menelas,BHOPB\dmui,Request for Assistance with Printer Toner Issue,"Hi Help Desk
Could someone please come upstairs to the 7
th
floor to assist me with the printer? I'm having some difficulty with the toner and would really appreciate your help.
Thank you in advance!
Best regards,
Rose Menelas
-
Rose Menelas
Billing Specialist
Phone:
(954) 533-7705
Email:
rose.menelas@banyancenters.com
,
The information contained in this transmission may contain privileged and confidential information and is property of Banyan Treatment Centers, including patient information protected by federal and state privacy laws. It is intended only for the use of the
 person(s) named above. If you are not the intended recipient, you are hereby notified that any review, dissemination, distribution, or duplication of this communication is strictly prohibited. If you are not the intended recipient, please contact the sender
 by reply email and destroy all copies of the original message.",New,Normal,,,"08/13/2025 11:28 : bhopb\cbowra : Technician : The ticket has been assigned to technician: Don Mui
08/13/2025 10:09 : bhopb\love.shah : Technician : The ticket has been assigned to technician: Cleon Bowra
08/13/2025 09:50 : BHOPB\rose.menelas : Non-Technician : New ticket submitted via
Email"
134386,2025-08-12 15:53:38,ndimucci@banyancenters.com,bhopb\rvoyer,Phone not working,"I am unable to get a ringtone or call out on my office phone currently. The other offices next to me are working
Nick DiMucci
Lead Case Manager
Phone:      978-350-5003
 ext747
Fax:
978-571-1855
www.banyantreatmentcenters.com
83 Hospital Rd • Baldwinville • MA • 01436
The information contained in this transmission may contain privileged and confidential information, including patient information protected by federal and state privacy laws. It is intended only for the use of the person(s) named above. If you are not the intended
 recipient, you are hereby notified that any review, dissemination, distribution, or duplication of this communication is strictly prohibited. If you are not the intended recipient, please contact the sender by reply email and destroy all copies of the original
 message.
-
Nicholas DiMucci
Case Manager
Phone:
(978) 350-5003
Email:
ndimucci@banyancenters.com
83 Hospital Rd
Baldwinville, MA 01436
The information contained in this transmission may contain privileged and confidential information and is property of Banyan Treatment Centers, including patient information protected by federal and state privacy laws. It is intended only for the use of the
 person(s) named above. If you are not the intended recipient, you are hereby notified that any review, dissemination, distribution, or duplication of this communication is strictly prohibited. If you are not the intended recipient, please contact the sender
 by reply email and destroy all copies of the original message.",In progress,Normal,2025-08-12 16:02:47,2025-08-29 08:38:00,"08/22/2025 09:01 : bhopb\rvoyer : Technician : Still trying to get in contact with Adrian
08/19/2025 08:38 : bhopb\rvoyer : Technician : Due date has been changed: 8/29/2025 8:38 AM
08/19/2025 08:38 : bhopb\rvoyer : Technician : We are still trying to get in contact with our service provider regarding this. I will follow up on this every couple of days on the status of this.
08/15/2025 16:33 : bhopb\rvoyer : Technician : There hasnt been any updates on this yet. Please use that iphone I gave you in the meantime.
08/15/2025 15:46 : ndimucci@banyancenters.com : Non-Technician : I am still not able to receive or make any phone calls.
Nick DiMucci
Lead Case Manager
Phone:      978-350-5003
 ext747
Fax:
978-571-1855
www.banyantreatmentcenters.com
83 Hospital Rd • Baldwinville • MA • 01436
The information contained in this transmission may contain privileged and confidential information, including patient information protected by federal and state privacy laws. It is intended only for the use of the person(s) named above. If you are not the intended
 recipient, you are hereby notified that any review, dissemination, distribution, or duplication of this communication is strictly prohibited. If you are not the intended recipient, please contact the sender by reply email and destroy all copies of the original
 message.
08/14/2025 10:03 : bhopb\rvoyer : Technician : Adrian, extension 747 at clearbrook mass isn't getting a ringtone at all. Is there anything happening on your end that could be causing this?
08/13/2025 13:05 : bhopb\rvoyer : Technician : I visited nick earlier today, his phone wasnt on dnd mode nor muted so I just restarted the phone. Gonna message him on teams to see if that fixed it.
08/12/2025 16:02 : BHOPB\rmoll : Technician : The ticket has been assigned to technician: Ryan Voyer
08/12/2025 16:02 : BHOPB\rmoll : Technician : @Ryan Voyer
, please check the volume and if DND is not set
Regards,
Rick Moll
IT Department
(561) 465-1708
email - rmoll@banyancenters.com
08/12/2025 15:53 : ndimucci@banyancenters.com : Non-Technician : New ticket submitted via
Email"
134381,2025-08-12 15:22:55,rmitchell@banyancenters.com,bhopb\cweyer,Salesforce setup on new phone,Ramona Mitchell is requesting assistance with new phone setup of Salesforce. User entered Username and PW but still having issue logging into Salesforce. Please assist.,Awaiting Customer Response,Normal,2025-08-12 15:26:53,,"08/22/2025 15:31 : BHOPB\jhouchin : Technician : Status ➜ Awaiting Customer Response
08/13/2025 11:23 : bhopb\cbowra : Technician : Hey Ramona,
I wanted to check back on this. Did you get Salesforce working as well. If not follow the directions below.
She needs to download the Salesforce Authenticator App on the phone, once downloaded...in the app click Add Account across bottom of app, then enter that two word phrase into Salesforce to connect the authenticator app
08/12/2025 15:26 : bhopb\cweyer : Technician : She needs to download the Salesforce Authenticator App on the phone,once downloaded...in the app click Add Account across bottom of app, then enter that two word phrase into Salesforce to connect the authenticator app
08/12/2025 15:24 : rmitchell@banyancenters.com : Non-Technician : Confirming
Get
Outlook for iOS
08/12/2025 15:23 : bhopb\cbowra : Technician : The ticket has been assigned to technician: Chelsea Weyer
08/12/2025 15:23 : bhopb\cbowra : Technician : The category has been changed: ""Problem / Other"" ➜ ""Vendors""
08/12/2025 15:22 : rmitchell@banyancenters.com : Non-Technician : New ticket submitted via
Web app
Logged by Cleon Bowra"
134336,2025-08-12 10:38:23,BHOPB\bshy,BHOPB\dmui,"Re: iPad Charging Issue Across All Shifts – July 23rd, 2025 In terms of charging, the only thing that really damages a battery overtime is having it.","The follow up regarding battery replacement is estimated to be $200 - $250, and we were notified that the replacement also runs the risk damaging the devices making them potentially irreparable.
Brent Shy
Director of Operations
Phone:
(978) 737-7272 x421
Mobile:
(954) 258-6946
Fax:
(978) 909-3226
Email:
bshy@banyancenters.com
www.banyantreatmentcenters.com
• • •
The information contained in this transmission may contain privileged and confidential information, including patient information protected by federal and state privacy laws. It is intended only for the use of the person(s) named above. If you are not the intended
 recipient, you are hereby notified that any review, dissemination, distribution, or duplication of this communication is strictly prohibited. If you are not the intended recipient, please contact the sender by reply email and destroy all copies of the original
 message.
From:
Help Desk <helpdesk@banyancenters.com>
Sent:
Friday, July 25, 2025 8:57 AM
To:
Brent Shy <bshy@banyancenters.com>
Subject:
iPad Charging Issue Across All Shifts – July 23rd, 2025 In terms of charging, the only thing that really damages a battery overtime is having it. {133219}
--reply above this line--
Ticket last updated by:
Ryan Voyer
http://helpdesk/Ticket/133219
Latest Ticket Update: In terms of charging, the only thing that really damages a battery overtime is having it constantly plugged in all that time. But since these batteries are bad anyways, it shouldn't be too much of an issue.
Previous Ticket Updates
From:
Brent Shy
7/25/2025 8:55:48 AM
We are going to be progressively repairing these locally. We can update status as we complete transition through each battery replacement.
The other concern is that typically the iPads never really have the opportunity to fully charge as they are constantly in use. Would that scenario damage the battery in general?
Brent Shy
Director of Operations
Phone:
(978) 737-7272 x421
Mobile:
(954) 258-6946
Fax:
(978) 909-3226
Email:
bshy@banyancenters.com
www.banyantreatmentcenters.com
• • •
The information contained in this transmission may contain privileged and confidential information, including patient information protected by federal and state privacy laws. It is intended only for the use of
 the person(s) named above. If you are not the intended recipient, you are hereby notified that any review, dissemination, distribution, or duplication of this communication is strictly prohibited. If you are not the intended recipient, please contact the sender
 by reply email and destroy all copies of the original message.
From:
Ryan Voyer
7/25/2025 8:49:05 AM
Brent any updates on this?
From:
Brent Shy
7/23/2025 11:02:04 AM
Thank you, Ryan! We will begin coordinating with them to progress through each device that has the issue and report back with any feedback.
Brent Shy
Director of Operations
Phone:
(978) 737-7272 x421
Mobile:
(954) 258-6946
Fax:
(978) 909-3226
Email:
bshy@banyancenters.com
www.banyantreatmentcenters.com
• • •
The information contained in this transmission may contain privileged and confidential information, including patient information protected by federal and state privacy laws. It is intended only for the use of
 the person(s) named above. If you are not the intended recipient, you are hereby notified that any review, dissemination, distribution, or duplication of this communication is strictly prohibited. If you are not the intended recipient, please contact the sender
 by reply email and destroy all copies of the original message.
From:
Ryan Voyer
7/23/2025 10:15:15 AM
Hey Brent,
If I'm not mistaken, pretty sure we can take those ipads to the same people that we use to repair our ipads to install replacement batteries.
Original Ticket Body
:
Good morning, Help Desk,
We are currently experiencing ongoing issues with iPad's maintaining their battery charge across the 1st, 2nd, and 3rd shifts. Several users have reported that iPads are not holding a charge or are not being able to be properly charged
 during their assigned shifts, which is beginning to impact daily operations concerning Round Compliance.
Could you please identify potential remedies to this issue? If additional iPads, battery pack cases, or other solutions are needed, please let us know what options we have.
Thank you for your prompt attention to this matter.
Brent Shy
Director of Operations
Phone:
(978) 737-7272 x421
Mobile:
(954) 258-6946
Fax:
(978) 909-3226
Email:
bshy@banyancenters.com
www.banyantreatmentcenters.com
• • •
The information contained in this transmission may contain privileged and confidential information, including patient information protected by federal and state privacy laws. It is intended only for the use of
 the person(s) named above. If you are not the intended recipient, you are hereby notified that any review, dissemination, distribution, or duplication of this communication is strictly prohibited. If you are not the intended recipient, please contact the sender
 by reply email and destroy all copies of the original message.
-
Brent Shy
Director of Operations
Phone:
(978) 737-7272 x421
Email:
bshy@banyancenters.com
83 Hospital Rd
Baldwinville, MA 01436
The information contained in this transmission may contain privileged and confidential information and is property of Banyan Treatment Centers, including patient information protected
 by federal and state privacy laws. It is intended only for the use of the person(s) named above. If you are not the intended recipient, you are hereby notified that any review, dissemination, distribution, or duplication of this communication is strictly prohibited.
 If you are not the intended recipient, please contact the sender by reply email and destroy all copies of the original message.",In progress,Normal,2025-08-12 10:43:56,2025-09-01 09:19:00,"08/19/2025 08:37 : bhopb\rvoyer : Technician : @Don Mui
@Jeff Houchin
let me know if there is anything you need me to do on my end. Group chats tend to get buried with messages so I might miss something if you ask me in the group chat we have open with brent.
08/19/2025 08:36 : bhopb\rvoyer : Technician : The ticket has been assigned to technician: Don Mui
08/18/2025 09:19 : bhopb\rvoyer : Technician : Due date has been changed: 9/1/2025 9:19 AM
08/14/2025 08:46 : bhopb\rvoyer : Technician : Discussing this issue in a teams group meeting.
08/12/2025 10:44 : bhopb\rvoyer : Technician : Noted. Ill bring this up with the rest of the IT team to see what they want to do.
08/12/2025 10:38 : BHOPB\bshy : Non-Technician : New ticket submitted via
Email
Followup to ##133219 that cannot be reopened"
134322,2025-08-12 08:29:08,BHOPB\jason.durrance,BHOPB\cgillett,Camera Offline @ Bayshore,"Camera Apt L/N Staircase (10.10.32.88) is showing offline at Bayshore (PHP Housing).
Jason Durrance
Director of Operations
Phone:
(850) 677-0302 x3711
Fax:
(850) 677-0312
jason.durrance@banyancenters.com
www.banyantreatmentcenters.com
1830 Hickory Shores Rd
Gulf Breeze FL 32563
The information contained in this transmission may contain privileged and confidential information, including patient information protected by federal and state privacy laws. It is intended only for the use of the person(s) named above. If you are not the intended
 recipient, you are hereby notified that any review, dissemination, distribution, or duplication of this communication is strictly prohibited. If you are not the intended recipient, please contact the sender by reply email and destroy all copies of the original
 message.",New,Normal,,,"08/12/2025 08:36 : BHOPB\rmoll : Technician : The ticket has been assigned to technician: Charlie G
08/12/2025 08:29 : BHOPB\jason.durrance : Non-Technician : New ticket submitted via
Email"
134281,2025-08-11 12:51:01,bhopb\cbowra,bhopb\cbowra,Badge request,"Please print replacement badge for:  Jennifer Tiech using new job title:
New job title: Executive Director of Outpatient services",Awaiting Customer Response,Normal,2025-08-11 12:55:22,2025-08-18 16:51:00,"08/18/2025 13:57 : bhopb\love.shah : Technician : The ticket has been assigned to technician: Cleon Bowra
08/14/2025 16:52 : bhopb\love.shah : Technician : Due date has been changed: 8/18/2025 4:51 PM
08/14/2025 12:32 : bhopb\love.shah : Technician : 
08/14/2025 12:31 : bhopb\love.shah : Technician : Status ➜ Awaiting Customer Response
08/14/2025 12:31 : bhopb\love.shah : Technician : could you share me the photo of the user in jpg format i see no image found in the badge picture database
08/14/2025 12:30 : bhopb\cbowra : Technician : Please print to Lake worth
08/14/2025 12:29 : bhopb\cbowra : Technician : The ticket has been assigned to technician: Love Shah
08/11/2025 12:51 : bhopb\cbowra : Technician : New ticket submitted via
Web app"
134280,2025-08-11 12:49:38,cgouzoules@banyancenters.com,BHOPB\rmoll,Pompano Suite 113 - Floor 6 Avery,"Good afternoon,
Please let me know how to proceed with a moving from my suite in Pompano to the 2 offices next to the cafeteria in Avery!
😊
We will need to set up 2 cubicles for use as well please!
While we’re in the process of this move can we upgrade mine and Joe’s computer please? Joe’s computer makings a lot of winding up noise. My computer is one of the originals and crashes throughout the day,
 CPU cant keep up with the pace anymore
😅
Best Regards,
Christos Gouzoules
Director of Transportation & Fleet Management Operations
Mobile:
(954) 213-5524
cgouzoules@banyancenters.com
www.banyantreatmentcenters.com
950 N Federal Hwy #113
Pompano Beach FL 33062
The information contained in this transmission may contain privileged and confidential information, including patient information protected by federal and state privacy laws. It is intended only for the use of the person(s) named above. If you are not the intended recipient, you are hereby notified that any review, dissemination, distribution, or duplication of this communication is strictly prohibited. If you are not the intended recipient, please contact the sender by reply email and destroy all copies of the original message.",In progress,Normal,2025-08-11 13:10:02,,"08/13/2025 09:41 : BHOPB\rmoll : Technician : The ticket has been re-opened
08/11/2025 12:49 : cgouzoules@banyancenters.com : Non-Technician : New ticket submitted via
Email"
134254,2025-08-11 09:33:08,allia.fontenot@banyancenters.com,BHOPB\jscheringer,TV in 209,"Good Morning! The TV in my office is not working. Can someone take a look?
-
Allia Fontenot
Director of Operations
Phone:
(561) 465-1000 x3411
Email:
allia.fontenot@banyancenters.com
7859 Lake Worth Rd
Lake Worth, FL 33467
The information contained in this transmission may contain privileged and confidential information and is property of Banyan Treatment Centers, including patient information protected by federal and state privacy laws. It is intended only for the use of the
 person(s) named above. If you are not the intended recipient, you are hereby notified that any review, dissemination, distribution, or duplication of this communication is strictly prohibited. If you are not the intended recipient, please contact the sender
 by reply email and destroy all copies of the original message.",New,Normal,,,"08/12/2025 15:12 : allia.fontenot@banyancenters.com : Non-Technician : I just wanted to follow up on this. I use my TV everyday to watch cameras. It would also be beneficial for me to get a larger TV so I can view more cameras.
08/11/2025 09:45 : BHOPB\rmoll : Technician : The ticket has been assigned to technician: Jared Scheringer
08/11/2025 09:33 : allia.fontenot@banyancenters.com : Non-Technician : New ticket submitted via
Email"
134243,2025-08-11 08:33:23,bhopb\adorfman,BHOPB\dmui,New Laptop Request,"Good morning :)
Not urgent at all, my laptop is nearing the end of its life of banyan service. Anyway I can please get a newer-ish one?
Thank you!!
Abigail Dorfman
National Business Development Manager
Phone:
(215) 219-0075
adorfman@banyancenters.com
www.banyantreatmentcenters.com
225 N. Federal Hwy
Pompano Beach FL 33062
The information contained in this transmission may contain privileged and confidential information, including patient information protected by federal and state privacy laws. It is intended only for the use of the person(s) named above. If you are not the intended
 recipient, you are hereby notified that any review, dissemination, distribution, or duplication of this communication is strictly prohibited. If you are not the intended recipient, please contact the sender by reply email and destroy all copies of the original
 message.",In progress,Normal,2025-08-12 07:50:29,,"08/12/2025 11:19 : bhopb\adorfman : Non-Technician : Perfectly fine. Thank you don!
08/12/2025 07:52 : BHOPB\dmui : Technician : OK. Currently all my inventory is accounted for but I have shipment of laptops coming beginning next week so should be able to set one up for you from that batch and have it... Monday/Tuesday if ok. Will update.
08/11/2025 08:34 : bhopb\love.shah : Technician : The ticket has been assigned to technician: Don Mui
08/11/2025 08:33 : bhopb\adorfman : Non-Technician : New ticket submitted via
Email"
134238,2025-08-11 08:00:08,SQLalerts@banyancenters.com,bhopb\adnan.tamboli,! ACTION REQUIRED ! REVIEW THESE AD ACCOUNTS,"HI TEAM,
Please review the list of AD accounts which were created more than 30 days ago and we could not identify the Employee ID in the UKG yet
check with the HR, if the employee is active or the account needs to be disabled/deleted.
If the employee is active, Please check with the HR and add in their respective EEID into respective AD account
If the employee is inactive, Please disable the AD account
Make sure to investigate properly and update accordingly for each and every account in the below list
Last Name
First Name
AccountName
UserPrincipalName
Title
Location
Created
EmployeeID
Hall
Shaniqual
shhall
shhall@banyancenters.com
Intake Coordinator
Lake Worth
2021-04-14T21:04:09
Security225
security225
security225@banyancenters.com
2022-10-20T14:51:22
Lee
Jonathan
jonathan.lee
jonathan.lee@banyancenters.com
Licensed Practical Nurse
Clearbrook MA
2023-08-03T17:56:49
Okatakyie
Afrifa
afrifa.okatakyie
afrifa.okatakyie@banyancenters.com
Advanced Registered Nurse Practitioner
Clearbrook MA
2023-10-25T18:54:42
Marc Caringal
Roy
roy.mcaringal
roy.mcaringal@banyancenters.com
Admissions Coordinator
Corp
2025-05-20T18:36:02
Rawat
Gaurav
gaurav.rawat
gaurav.rawat@banyancenters.com
Assistant Coding Manager
Corporate
2025-06-09T12:56:06
Rifai
Muhamad
muhamad.rifai
muhamad.rifai@banyancenters.com
Medical Director
Clearbrook
2025-06-25T12:41:08
Woodard
Kearn
kearn.woodard
kearn.woodard@banyancenters.com
Collections Specialist
Resourcify
2025-06-27T18:18:43
Miskov
Marko
marko.miskov
marko.miskov@banyancenters.com
Business Development Representative
Banyan Corporate
2025-07-01T19:01:11
Vidal
Diego
diego.vidal
diego.vidal@banyancenters.com
IT - Helpdesk Technician
2025-07-01T19:12:10
Lain
Neal
neal.lain
neal.lain@banyancenters.com
Admissions Coordinator
Corporate
2025-07-01T19:14:20
Diego Vidal
Admin
dvadmin
dvadmin@banyancenters.com
2025-07-01T20:25:33
Franklin
Lance
lance.franklin
lance.franklin@banyancenters.com
Business Development Representative
2025-07-08T13:50:25
Janello
Melissa
melissa.janello
melissa.janello@banyancenters.com
Intern
Boca Detox
2025-07-08T19:58:15
Thakur
Rahul
rahul.thakur
rahul.thakur@banyancenters.com
Billing Specialist
Resourcify
2025-07-10T20:20:30
-
SQL Alerts
Phone:
Email:
sqlalerts@banyancenters.com
,
The information contained in this transmission may contain privileged and confidential information and is property of Banyan Treatment Centers, including patient information protected by federal and state privacy laws. It is intended only for the use of the
 person(s) named above. If you are not the intended recipient, you are hereby notified that any review, dissemination, distribution, or duplication of this communication is strictly prohibited. If you are not the intended recipient, please contact the sender
 by reply email and destroy all copies of the original message.",New,Normal,,,"08/20/2025 13:27 : bhopb\adnan.tamboli : Technician : Shared ticket via a readonly link
08/11/2025 08:03 : BHOPB\rmoll : Technician : The ticket has been assigned to technician: Adnan Tamboli
08/11/2025 08:00 : SQLalerts@banyancenters.com : Non-Technician : New ticket submitted via
Email"
134195,2025-08-08 19:52:54,BHOPB\ingris.penalber,bhopb\rvoyer,Vitals,"Hello ,
Could you give me access to enter vitals for all patients Res and Detox patients and for CIWAS and COWS please
Get
Outlook for iOS
-
Ingris Penalber
Medical Assistant
Phone:
(760) 616-5800
Email:
ingris.panalber@banyancenters.com
67580 Jones Rd
Cathedral City, CA 92234
The information contained in this transmission may contain privileged and confidential information and is property of Banyan Treatment Centers, including patient information protected by federal and state privacy laws. It is intended only for the use of the
 person(s) named above. If you are not the intended recipient, you are hereby notified that any review, dissemination, distribution, or duplication of this communication is strictly prohibited. If you are not the intended recipient, please contact the sender
 by reply email and destroy all copies of the original message.",In progress,Normal,2025-08-11 09:03:27,2025-08-25 17:00:00,"08/22/2025 13:30 : lsantiago@banyancenters.com : Non-Technician : The permissions for our Medical Assistants were incorrect. Carlos was able to correct this, they should all be able to enter vitals now.
08/22/2025 10:15 : bhopb\rvoyer : Technician : Deleted 'upd by cust' and / or 'upd for tech'
08/22/2025 09:56 : BHOPB\ingris.penalber : Non-Technician : He is going to call me Saturday so I am able to log in to the computer and he could check what’s causing the issue
Get
Outlook for iOS
08/22/2025 09:00 : bhopb\rvoyer : Technician : Adding Linda to this thread, Linda I was told that you can
@Carlos Rios
had a discussion about this topic and that you were able to come to a conclusion. Would you be able to explain what that conclusion was so Ingris in filled in?
08/19/2025 08:36 : bhopb\rvoyer : Technician : Due date has been changed: 8/25/2025 5:00 PM
08/19/2025 08:36 : bhopb\rvoyer : Technician : @Carlos Rios
made some changes to her profile that should fix the issue but she won't be back in the office until saturday. For now I will default to following up with her next monday.
08/18/2025 13:39 : bhopb\rvoyer : Technician : The category has been changed: ""New Tickets"" ➜ ""Problem / Software: KIPU""
08/18/2025 13:38 : bhopb\rvoyer : Technician : Ingris replied on teams saying she still can't enter vitals. Waiting for a response on what happens when she tries.
08/18/2025 08:33 : bhopb\rvoyer : Technician : Ingris were you able to check to see if you have the ability to enter vitals?
08/13/2025 13:09 : bhopb\rvoyer : Technician : Due date has been changed: 8/18/2025 5:00 PM
08/13/2025 13:09 : bhopb\rvoyer : Technician : Ingris messaged me saying she won't be back until saturday. She will check then.
08/13/2025 09:22 : bhopb\rvoyer : Technician : Your profile shows that you should already have the ability to enter vitals. What happens when you try to enter vitals?
08/13/2025 09:22 : bhopb\rvoyer : Technician : Messaged on teams too.
08/12/2025 08:31 : bhopb\rvoyer : Technician : Your profile shows that you should already have the ability to enter vitals. What happens when you try to enter vitals?
08/11/2025 09:03 : bhopb\rvoyer : Technician : Your profile shows that you should already have the ability to enter vitals. What happens when you try to enter vitals?
08/09/2025 10:56 : BHOPB\rmoll : Technician : The ticket has been assigned to technician: Ryan Voyer
08/08/2025 19:52 : BHOPB\ingris.penalber : Non-Technician : New ticket submitted via
Email"
134189,2025-08-08 16:31:25,BHOPB\mauricio.contreras,BHOPB\dmui,Ipad,"Good afternoon
iPad 00896 is no longer working & needs to be replaced. Was given to me by BHT supervisor. Thanks,
Mauricio
-
Mauricio Contreras
Facility Manager
Phone:
(830) 283-3003
Email:
mauricio.contreras@banyancenters.com
4168 Co Rd 444
Waelder, TX 78959
The information contained in this transmission may contain privileged and confidential information and is property of Banyan Treatment Centers, including patient information protected by federal and state privacy laws. It is intended only for the use of the
 person(s) named above. If you are not the intended recipient, you are hereby notified that any review, dissemination, distribution, or duplication of this communication is strictly prohibited. If you are not the intended recipient, please contact the sender
 by reply email and destroy all copies of the original message.",New,Normal,,,"08/08/2025 16:36 : bhopb\love.shah : Technician : The ticket has been assigned to technician: Don Mui
08/08/2025 16:31 : BHOPB\mauricio.contreras : Non-Technician : New ticket submitted via
Email"
134135,2025-08-07 17:38:54,pdentremont@banyancenters.com,bhopb\adnan.tamboli,Add New Office Coordinators to Printers,"Hi IT -
Can you please add Citlally Alvarez to both the Admin Printer and the Conference Room Printer so that she can print and scan to those printers?
Thank you...
Paul
-
Paul d'Entremont
Executive Director
Phone:
(760) 992-3439
Email:
pdentremont@banyancenters.com
,
The information contained in this transmission may contain privileged and confidential information and is property of Banyan Treatment Centers, including patient information protected by federal and state privacy laws. It is intended only for the use of the
 person(s) named above. If you are not the intended recipient, you are hereby notified that any review, dissemination, distribution, or duplication of this communication is strictly prohibited. If you are not the intended recipient, please contact the sender
 by reply email and destroy all copies of the original message.",In progress,Normal,2025-08-08 09:36:55,,"08/15/2025 11:06 : bhopb\bduke : Non-Technician : I've made the edit to her information on the Admin copier.  I will show Lally how to program new hires into the scanner.
08/15/2025 10:37 : pdentremont@banyancenters.com : Non-Technician : The ticket has been re-opened
08/15/2025 10:37 : pdentremont@banyancenters.com : Non-Technician : Bryan/Lally -
Has the email address spelling been corrected on the printer?
08/15/2025 10:32 : bhopb\adnan.tamboli : Technician : Hello, how are you?
We wanted to follow up regarding your recent support request.
As we haven’t received a response in some time, we will be closing this ticket for now.
If you still need assistance or if the issue persists, please don’t hesitate to reply to this message or open a new ticket—we’ll be happy to help.
Thank you, and have a great day!
08/14/2025 15:58 : bhopb\adnan.tamboli : Technician : may i know if i can close this ticket?
08/11/2025 09:12 : bhopb\adnan.tamboli : Technician : Good morning,
may i know if i can close this ticket?
08/08/2025 21:08 : bhopb\bduke : Non-Technician : I may have programmed the email address/name incorrectly on the Admin copier for scanning purposes. Sorry Lally…..
08/08/2025 16:55 : bhopb\adnan.tamboli : Technician : Printers have been added to the system
08/08/2025 12:03 : citlally.alvarez@banyancenters.com : Non-Technician : Good morning, it is PSPDK61 . Thank you!
08/08/2025 09:36 : bhopb\adnan.tamboli : Technician : Hi Citlally,
may i know the hostname of your computer.
08/07/2025 18:00 : citlally.alvarez@banyancenters.com : Non-Technician : Hi, I think I know why I did not receive the fax through my email. My last name is spelled wrong, it is spelled Alverez in the printer instead of Alvarez. Thank you!
08/07/2025 17:45 : BHOPB\rmoll : Technician : The ticket has been assigned to technician: Adnan Tamboli
08/07/2025 17:38 : pdentremont@banyancenters.com : Non-Technician : New ticket submitted via
Email"
134129,2025-08-07 16:15:55,BHOPB\dennis.ewing,BHOPB\carlos.rios,[REQUEST] BCR - Kipu Medication Time Changes,"Good Afternoon Carlos,
Just submitting the ticket in regard to the Teams Conversation we had. Can you please change the Medication Administration Times in Kipu Orders to the following,
Once Daily (Q-Day) - 9:00AM
Twice Daily (BID) - 9:00AM & 9:00PM
Three Times Daily (TID) - 9:00AM, 1:00PM, & 9:00PM
Four Times Daily (QID) - 9:00AM, 1:00PM, 5:00PM, & 9:00PM.
The same would go for PRN Medications scheduled in this manner. If you have any questions, please feel free to reach out to me. Thank You
Kindly,
Dennis Ewing, MHA, MSN, RN-BC
Director of Nursing",Scheduled,Normal,,,"08/18/2025 16:28 : BHOPB\carlos.rios : Technician : Status ➜ Scheduled
08/08/2025 12:59 : BHOPB\carlos.rios : Technician : File deleted: yt_logo_45d56bfd-76d8-4bd0-a64a-e3c27b30ff0e.png
File deleted: insta_logo_33cac93b-b064-4c81-84f8-db86d73a8952.png
08/08/2025 12:59 : BHOPB\carlos.rios : Technician : File deleted: Outlook-mtipc4bw.png
File deleted: header-all-logos1_d733e303-abb7-4d82-bf5b-ca21e72d7a3b.png
08/08/2025 12:59 : BHOPB\carlos.rios : Technician : Edited the ticket
08/08/2025 12:58 : BHOPB\carlos.rios : Technician : Edited the ticket
08/07/2025 16:38 : BHOPB\rmoll : Technician : The ticket has been assigned to technician: Carlos Rios
08/07/2025 16:15 : BHOPB\dennis.ewing : Non-Technician : New ticket submitted via
Email"
134126,2025-08-07 15:44:38,BHOPB\dennis.ewing,BHOPB\jscheringer,BCR - VPN for Laptop - Camera Access Director of Nursing,"Good Morning,
My laptop is at work on the Banyan Network. Can you please re-open the ticket and install the VPN on my laptop? Thank You
Book
 time to meet with me
Dennis Ewing, MHA, MSN, RN-BC
Director of Nursing
Mobile:
(720) 334-0343
Phone:
(303) 381-8340 x6061
Fax:
(303) 381-8341
Dennis.Ewing@BanyanCenters.com
www.banyantreatmentcenters.com
1055 S. Perry Street
Castle Rock, CO 80104
The information contained in this transmission may contain privileged and confidential information, including patient information protected by federal and state privacy laws. It is intended only for the use of the person(s)
 named above. If you are not the intended recipient, you are hereby notified that any review, dissemination, distribution, or duplication of this communication is strictly prohibited. If you are not the intended recipient, please contact the sender by reply
 email and destroy all copies of the original message.
Dennis Ewing, MHA, MSN, RN-BC
Director of Nursing
Phone:
(303) 381-8340 x 6061
Mobile:
(720) 334-0343
Fax:
(303) 381-8341
dennis.ewing@banyancenters.com
www.banyantreatmentcenters.com
1055 S. Perry St.
Castle Rock CO 80104
The information contained in this transmission may contain privileged and confidential information, including patient information protected by federal and state privacy laws. It is intended only for the use of the person(s) named above. If you are not the intended
 recipient, you are hereby notified that any review, dissemination, distribution, or duplication of this communication is strictly prohibited. If you are not the intended recipient, please contact the sender by reply email and destroy all copies of the original
 message.",New,Normal,,,"08/07/2025 15:46 : BHOPB\rmoll : Technician : The ticket has been assigned to technician: Jared Scheringer
08/07/2025 15:44 : BHOPB\dennis.ewing : Non-Technician : New ticket submitted via
Email"
134124,2025-08-07 15:41:23,joseph.gomez@banyancenters.com,BHOPB\dmui,coverting pdf attachment to text in outlook for copy and paste,"I get faxes and before last month I was unable to copy and paste straight from the preview. I don't know how it happened but about a month age I would open my fax emails and click the attachment and in the bottom left corner it would say something like ""coverting
 to text"" and then I was able to take my mouse and hold down and highlight text and copy it and it would be saved on my clipboard and I could paste that info into whatever I wanted. It was great and helpful. Today I noticed my computer acting slow, (this happens
 every few days and I have contacted help desk and about 2 months ago they said they would send me out a better computer, I followed up 3x and heard nothing). I restarted my computer to help free some things up and now outlook is doing what it did before a
 month ago and will not covert or allow me to copy test in attachments. I googled it and asked outlook help and could not find a solution all day. Could you look into this?
Joseph Gomez
Utilization Review Specialist
Office hours 6:00am- 2:30pm
Please allow 24hrs for a response
Phone:
(772) 206-0350
Fax:
(954) 379-4600
joseph.gomez@banyancenters.com
www.banyantreatmentcenters.com
• Pompano Beach • Florida • 33062
The information contained in this transmission may contain privileged and confidential information, including patient information protected by federal and state privacy laws. It is intended only for the use of the person(s) named above. If you are not the intended
 recipient, you are hereby notified that any review, dissemination, distribution, or duplication of this communication is strictly prohibited. If you are not the intended recipient, please contact the sender by reply email and destroy all copies of the original
 message.
-
Joseph Gomez
UR Specialist
Phone:
Email:
joseph.gomez@banyancenters.com
,
The information contained in this transmission may contain privileged and confidential information and is property of Banyan Treatment Centers, including patient information protected by federal and state privacy laws. It is intended only for the use of the
 person(s) named above. If you are not the intended recipient, you are hereby notified that any review, dissemination, distribution, or duplication of this communication is strictly prohibited. If you are not the intended recipient, please contact the sender
 by reply email and destroy all copies of the original message.",In progress,Normal,2025-08-07 15:45:43,,"08/11/2025 09:27 : oraja@banyancenters.com : Non-Technician : Hello,
Joseph Gomez work laptop is having technical issues. It is urgent for this to get fixed as soon as possible as he has been unable to complete his work assignments.
Thanks,
Obaid
Obaid Raja
Director of Utilization Review
Mobile:
(786) 683-5713
oraja@banyancenters.com
www.banyantreatmentcenters.com
The information contained in this transmission may contain privileged and confidential information, including patient information protected by federal and state privacy laws. It is intended only for the use of the person(s) named above. If you are not the intended
 recipient, you are hereby notified that any review, dissemination, distribution, or duplication of this communication is strictly prohibited. If you are not the intended recipient, please contact the sender by reply email and destroy all copies of the original
 message.
From:
Joseph Gomez <joseph.gomez@banyancenters.com>
Sent:
Friday, August 8, 2025 9:43 AM
To:
Obaid Raja <oraja@banyancenters.com>
Subject:
Fw: [-BanyanCenters-] coverting pdf attachment to text in outlook for copy and paste @Dhruv Sharma,. {134124}
Joseph Gomez
Utilization Review Specialist
Office hours 6:00am- 2:30pm
Please allow 24hrs for a response
Phone:
(772) 206-0350
Fax:
(954) 379-4600
joseph.gomez@banyancenters.com
www.banyantreatmentcenters.com
• Pompano Beach • Florida • 33062
The information contained in this transmission may contain privileged and confidential information, including patient information protected by federal and state privacy laws. It is intended only for the use of the person(s) named above. If you are not the intended
 recipient, you are hereby notified that any review, dissemination, distribution, or duplication of this communication is strictly prohibited. If you are not the intended recipient, please contact the sender by reply email and destroy all copies of the original
 message.
From:
Help Desk <helpdesk@banyancenters.com>
Sent:
Friday, August 8, 2025 9:07 AM
To:
Joseph Gomez <joseph.gomez@banyancenters.com>
Subject:
[-BanyanCenters-] coverting pdf attachment to text in outlook for copy and paste @Dhruv Sharma,. {134124}
08/11/2025 07:13 : joseph.gomez@banyancenters.com : Non-Technician : OK, the issue with   ""download the PDF attached file from outlook and open the file in chrome to copy the text."" is that my computer freezes up and locks due to the CPU running at 100% and the memory being at +85%. This is the original issue from 2 months ago
 that was never fixed.
Joseph Gomez
Utilization Review Specialist
Office hours 6:00am- 2:30pm
Please allow 24hrs for a response
Phone:
(772) 206-0350
Fax:
(954) 379-4600
joseph.gomez@banyancenters.com
www.banyantreatmentcenters.com
• Pompano Beach • Florida • 33062
The information contained in this transmission may contain privileged and confidential information, including patient information protected by federal and state privacy laws. It is intended only for the use of the person(s) named above. If you are not the intended
 recipient, you are hereby notified that any review, dissemination, distribution, or duplication of this communication is strictly prohibited. If you are not the intended recipient, please contact the sender by reply email and destroy all copies of the original
 message.
08/08/2025 16:52 : bhopb\dhruv.sharma : Technician : The ticket has been assigned to technician: Don Mui
08/08/2025 16:52 : bhopb\dhruv.sharma : Technician : Hello Don,
I checked the Joseph machine but not found any direct solution, if you know about any converter that allow directly to copy text from the attached file preview in side Outlook window.
08/08/2025 16:47 : bhopb\dhruv.sharma : Technician : For Now please download the PDF attached file from outlook and open the file in chrome to copy the text.
08/08/2025 10:08 : joseph.gomez@banyancenters.com : Non-Technician : Edition     Windows 11 Pro
Version     24H2
Installed on      ‎12/‎17/‎2024
OS build    26100.4770
Experience  Windows Feature Experience Pack 1000.26100.197.0
Device name JGOMEZ
Processor   Intel(R) Core(TM) i5-8350U CPU @ 1.70GHz (1.90 GHz)
Installed RAM     8.00 GB (7.88 GB usable)
Device ID   8021117C-E041-413D-BC0C-976C17024008
Product ID  00330-51478-08260-AAOEM
System type 64-bit operating system, x64-based processor
Pen and touch     No pen or touch input is available for this display
Joseph Gomez
Utilization Review Specialist
Office hours 6:00am- 2:30pm
Please allow 24hrs for a response
Phone:
(772) 206-0350
Fax:
(954) 379-4600
joseph.gomez@banyancenters.com
www.banyantreatmentcenters.com
• Pompano Beach • Florida • 33062
The information contained in this transmission may contain privileged and confidential information, including patient information protected by federal and state privacy laws. It is intended only for the use of the person(s) named above. If you are not the intended
 recipient, you are hereby notified that any review, dissemination, distribution, or duplication of this communication is strictly prohibited. If you are not the intended recipient, please contact the sender by reply email and destroy all copies of the original
 message.
08/08/2025 09:59 : bhopb\dhruv.sharma : Technician : Hello Joseph,
May i know your computer name, if you don't know how to check please following below steps.
just search in the search box about your PC and click on it to know computer name as shown in the below image. And let me know so we can help you.
08/08/2025 09:43 : joseph.gomez@banyancenters.com : Non-Technician : what about-coverting pdf attachment to text in outlook for copy and paste?
Joseph Gomez
Utilization Review Specialist
Office hours 6:00am- 2:30pm
Please allow 24hrs for a response
Phone:
(772) 206-0350
Fax:
(954) 379-4600
joseph.gomez@banyancenters.com
www.banyantreatmentcenters.com
• Pompano Beach • Florida • 33062
The information contained in this transmission may contain privileged and confidential information, including patient information protected by federal and state privacy laws. It is intended only for the use of the person(s) named above. If you are not the intended
 recipient, you are hereby notified that any review, dissemination, distribution, or duplication of this communication is strictly prohibited. If you are not the intended recipient, please contact the sender by reply email and destroy all copies of the original
 message.
08/08/2025 09:07 : BHOPB\rmoll : Technician : @Dhruv Sharma, please assist the user with the issue
and try a tune-up on the computer. Let
@Don Mui
know on Monday if the laptop needs to be replaced.
Regards,
Rick Moll
IT Department
(561) 465-1708
email - rmoll@banyancenters.com
08/08/2025 09:06 : BHOPB\rmoll : Technician : The ticket has been assigned to technician: Dhruv Sharma
08/07/2025 16:28 : joseph.gomez@banyancenters.com : Non-Technician : Joseph Gomez
Utilization Review Specialist
Office hours 6:00am- 2:30pm
Please allow 24hrs for a response
Phone:
(772) 206-0350
Fax:
(954) 379-4600
joseph.gomez@banyancenters.com
www.banyantreatmentcenters.com
• Pompano Beach • Florida • 33062
The information contained in this transmission may contain privileged and confidential information, including patient information protected by federal and state privacy laws. It is intended only for the use of the person(s) named above. If you are not the intended
 recipient, you are hereby notified that any review, dissemination, distribution, or duplication of this communication is strictly prohibited. If you are not the intended recipient, please contact the sender by reply email and destroy all copies of the original
 message.
08/07/2025 15:45 : BHOPB\rmoll : Technician : Do you remember who you previously spoke to
Regards,
Rick Moll
IT Department
(561) 465-1708
email - rmoll@banyancenters.com
08/07/2025 15:41 : joseph.gomez@banyancenters.com : Non-Technician : New ticket submitted via
Email"
134120,2025-08-07 15:07:38,lauren.antal@banyancenters.com,bhopb\kpunch,Cb pa badge,"use picture on file
Hello can you please print a badge for
Stephen Kosek
Lead Transportation Specialist
Get
Outlook for iOS
-
Lauren Antal
Office Manager
Phone:
(570) 823-1171 x4014
Email:
lauren.antal@banyancenters.com
1100 E Northampton St
Laurel Run, PA 18706
The information contained in this transmission may contain privileged and confidential information and is property of Banyan Treatment Centers, including patient information protected by federal and state privacy laws. It is intended only for the use of the
 person(s) named above. If you are not the intended recipient, you are hereby notified that any review, dissemination, distribution, or duplication of this communication is strictly prohibited. If you are not the intended recipient, please contact the sender
 by reply email and destroy all copies of the original message.",In progress,Normal,2025-08-07 15:12:11,,"08/08/2025 16:47 : bhopb\cbowra : Technician : The ticket has been assigned to technician: Kieran Punch
08/07/2025 15:27 : bhopb\love.shah : Technician : The ticket has been assigned to technician: Cleon Bowra
08/07/2025 15:26 : bhopb\love.shah : Technician : cbpa printer having issues after restarting it too :-
08/07/2025 15:07 : lauren.antal@banyancenters.com : Non-Technician : New ticket submitted via
Email"
134105,2025-08-07 11:36:08,kenisa.helm@banyancenters.com,bhopb\brittany.obrien,ActivTrak - Possibly not working,"Good Morning,
My ActivTrak is showing that none of the employees in my group are active today, but they are showing active in Teams and Outlook. I am also missing a few members of my team in my dashboard. It may be user error but I didn't want to forget to ask.
Sincerely,
Kenisa
-
Kenisa Helm
Director of Quality Assurance and Professional Development
Phone:
844-871-6711
Email:
kenisa.helm@banyancenters.com
225 N Federal Hwy
Pompano Beach, FL 33062
The information contained in this transmission may contain privileged and confidential information and is property of Banyan Treatment Centers, including patient information protected by federal and state privacy laws. It is intended only for the use of the
 person(s) named above. If you are not the intended recipient, you are hereby notified that any review, dissemination, distribution, or duplication of this communication is strictly prohibited. If you are not the intended recipient, please contact the sender
 by reply email and destroy all copies of the original message.",New,Normal,2025-08-07 11:39:11,,"08/07/2025 11:39 : BHOPB\rmoll : Technician : @Brittany O'Brien
, please assist
Regards,
Rick Moll
IT Department
(561) 465-1708
email - rmoll@banyancenters.com
08/07/2025 11:39 : BHOPB\rmoll : Technician : The ticket has been assigned to technician: Brittany O'Brien
08/07/2025 11:36 : kenisa.helm@banyancenters.com : Non-Technician : New ticket submitted via
Email"
134075,2025-08-07 09:20:08,kbersson@banyancenters.com,BHOPB\dmui,Equipment Request- Reuben Holliman,"Telehealth Staff Permission Guide.docx
Good Morning,
Can we please get a laptop, cell phone, monitor, and mouse set up for Reuben Holliman? Reuben is a current employee transitioning to Telehealth department so we do not need approval from HR.
Reuben works out of the Pompano location so can swing by corporate any time to pick up his equipment.
Please see attached permissions guide to inform the set up of Reuben’s equipment.
Thank You,
Kahlia Bersson, LCSW
National Director of Telehealth Services
Banyan Treatment Centers
Cell: 305.987.0920
Email:
Kbersson@banyancenters.com
www.banyantreatmentcenter.com
Corporate Address:
950 N. Federal Highway
Pompano Beach, FL 33062
Philadelphia, PA
|
Laurel
 Run, PA
|
Boston, MA
|
Chicago, IL
|
Gillman,
 IL
|
Stuart, FL
|
Boca Raton, FL
|
Pompano
 Beach, FL
|
Lake Worth, FL
|
Palm Beach Shores, FL
|
Tampa,
 FL
The information contained in this transmission may contain privileged and confidential information, including patient information protected by federal and state privacy laws. It is intended only for the use of the person(s) named above. If you are not the
 intended recipient, you are hereby notified that any review, dissemination, distribution, or duplication of this communication is strictly prohibited. If you are not the intended recipient, please contact the sender by reply email and destroy all copies of
 the original message.
-
Kahlia Bersson, LCSW
National Director of Telehealth Services
Phone:
Email:
kbersson@banyancenters.com
950 N. Federal Higway
Pompano Beach, FL 33062
The information contained in this transmission may contain privileged and confidential information and is property of Banyan Treatment Centers, including patient information protected by federal and state privacy laws. It is intended only for the use of the
 person(s) named above. If you are not the intended recipient, you are hereby notified that any review, dissemination, distribution, or duplication of this communication is strictly prohibited. If you are not the intended recipient, please contact the sender
 by reply email and destroy all copies of the original message.",In progress,Normal,2025-08-07 09:45:14,,"08/21/2025 14:54 : BHOPB\dmui : Technician : Kahlia,
iPhone request is on hold pending approval. You will need to talk to Jeff please.
Laptop is in IT office and ready.
08/20/2025 16:54 : BHOPB\dmui : Technician : 
08/20/2025 14:47 : kbersson@banyancenters.com : Non-Technician : Reuben works at the 950 building but you can message him on Teams (Reuben Holliman) so he can pick up the equipment.
08/20/2025 14:25 : BHOPB\dmui : Technician : You said Reuben is in corporate building and can pick up hardware?
Laptop and iPhone are ready to pick up in IT office in 4th floor.
Monitor, keyboard and mouse also ready for pick up.
08/20/2025 14:24 : BHOPB\dmui : Technician : Lenovo T14 - Asset 02589
iPhone 15 -
DMGMH6R1WL - Asset 02498
561-607-7099
Passcode 252525
08/20/2025 12:29 : kbersson@banyancenters.com : Non-Technician : Hi! Any update on Reuben’s equipment?
Get
Outlook for iOS
08/18/2025 12:38 : BHOPB\dmui : Technician : Yes, I have him on my list to ship a laptop this week. In the Rosado ticket you mentioned his start date because I am limited in laptops and able to send Jacquelines before her start date. I have laptops avail this week to send Reuben.
08/18/2025 11:59 : kbersson@banyancenters.com : Non-Technician : Is there any update on equipment or Reuben? His start date is Monday the 25
th
.
Thanks!
From:
Kahlia Bersson, LCSW
Sent:
Thursday, August 7, 2025 9:20 AM
To:
Help Desk <HelpDesk@banyancenters.com>
Subject:
Equipment Request- Reuben Holliman
Telehealth Staff Permission Guide.docx
Good Morning,
Can we please get a laptop, cell phone, monitor, and mouse set up for Reuben Holliman? Reuben is a current employee transitioning to Telehealth department so we do not need approval from HR.
Reuben works out of the Pompano location so can swing by corporate any time to pick up his equipment.
Please see attached permissions guide to inform the set up of Reuben’s equipment.
Thank You,
Kahlia Bersson, LCSW
National Director of Telehealth Services
Banyan Treatment Centers
Cell: 305.987.0920
Email:
Kbersson@banyancenters.com
www.banyantreatmentcenter.com
Corporate Address:
950 N. Federal Highway
Pompano Beach, FL 33062
Philadelphia, PA
|
Laurel
 Run, PA
|
Boston, MA
|
Chicago, IL
|
Gillman,
 IL
|
Stuart, FL
|
Boca Raton, FL
|
Pompano
 Beach, FL
|
Lake Worth, FL
|
Palm Beach Shores, FL
|
Tampa,
 FL
The information contained in this transmission may contain privileged and confidential information, including patient information protected by federal and state privacy laws. It is intended only for the use of the person(s) named above. If you are not the
 intended recipient, you are hereby notified that any review, dissemination, distribution, or duplication of this communication is strictly prohibited. If you are not the intended recipient, please contact the sender by reply email and destroy all copies of
 the original message.
-
Kahlia Bersson, LCSW
National Director of Telehealth Services
Phone:
Email:
kbersson@banyancenters.com
950 N. Federal Higway
Pompano Beach, FL 33062
The information contained in this transmission may contain privileged and confidential information and is property of Banyan Treatment Centers, including patient information protected by federal and state privacy laws. It is intended only for the use of the
 person(s) named above. If you are not the intended recipient, you are hereby notified that any review, dissemination, distribution, or duplication of this communication is strictly prohibited. If you are not the intended recipient, please contact the sender
 by reply email and destroy all copies of the original message.
08/11/2025 14:10 : BHOPB\dmui : Technician : When does he start? I will start setting up but I may be out of laptops now thats why I am asking for starting date.
08/11/2025 14:08 : bhopb\brittany.obrien : Technician : The ticket has been assigned to technician: Don Mui
08/07/2025 15:52 : BHOPB\rmoll : Technician : The ticket has been assigned to technician: Brittany O'Brien
08/07/2025 09:20 : kbersson@banyancenters.com : Non-Technician : New ticket submitted via
Email"
134071,2025-08-07 08:33:53,angela.katz@banyancenters.com,BHOPB\jean.pierre,Speaker and Camera,"Morning,
My speakers and camera are not working on my desktop. 🙁
Angela Katz
Director of Revenue Cycle Management
Phone:
(954) 533-7705
angela.katz@banyancenters.com
www.banyantreatmentcenters.com
225 N. Federal Highway
Pompano Beach FL 33062
The information contained in this transmission may contain privileged and confidential information, including patient information protected by federal and state privacy laws. It is intended only for the use of the person(s) named above. If you are not the intended
 recipient, you are hereby notified that any review, dissemination, distribution, or duplication of this communication is strictly prohibited. If you are not the intended recipient, please contact the sender by reply email and destroy all copies of the original
 message.
Angela Katz
Director of Revenue Cycle Management
Phone:
(954) 533-7705
angela.katz@banyancenters.com
www.banyantreatmentcenters.com
225 N. Federal Highway
Pompano Beach FL 33062
The information contained in this transmission may contain privileged and confidential information, including patient information protected by federal and state privacy laws. It is intended only for the use of the person(s) named above. If you are not the intended
 recipient, you are hereby notified that any review, dissemination, distribution, or duplication of this communication is strictly prohibited. If you are not the intended recipient, please contact the sender by reply email and destroy all copies of the original
 message.",In progress,Normal,2025-08-07 09:15:24,,"08/25/2025 04:20 : BHOPB\rmoll : Technician : @jean.pierre
, please replace her speakers
Regards,
Rick Moll
IT Department
(561) 465-1708
email - rmoll@banyancenters.com
08/25/2025 04:20 : BHOPB\rmoll : Technician : The ticket has been assigned to technician: jean.pierre
08/07/2025 08:33 : angela.katz@banyancenters.com : Non-Technician : New ticket submitted via
Email"
133997,2025-08-06 09:27:22,rstremel@banyancenters.com,bhopb\brittany.obrien,Christian Viggiano termination,"Hello, Christian Viggiano's no longer works here can he be deactivated from everything
-
Ryan Stremel
Director of Admissions, Banyan West
Phone:
(844) 285-0221
Email:
rstremel@banyancenters.com
225 N Federal Hwy
Pompano Beach, FL 33062
The information contained in this transmission may contain privileged and confidential information and is property of Banyan Treatment Centers, including patient information protected by federal and state privacy laws. It is intended only for the use of the
 person(s) named above. If you are not the intended recipient, you are hereby notified that any review, dissemination, distribution, or duplication of this communication is strictly prohibited. If you are not the intended recipient, please contact the sender
 by reply email and destroy all copies of the original message.",In progress,Normal,2025-08-06 09:55:04,,"08/11/2025 12:01 : bhopb\brittany.obrien : Technician : Email sent, I cc'd you both on it as well 😊
08/07/2025 17:46 : jbrennan@banyancenters.com : Non-Technician : Christian.viggiano@gmail.com
1776 Harborside Circle Wellington FL 33414
Best Regards,
Jonelle Brennan
National Director of Admissions
Banyan Treatment Center
Office: 954-533-7705 ext 926
Admissions: (844) 285-0221
Fax: (954) 533-7717
Corporate Address:
950 N Federal Highway
Pompano Beach, FL 33062
jbrennan@banyancenters.com
Philadelphia, PA | Laurel Run, PA | Boston, MA | Chicago, IL | Stuart, FL | Boca Raton, FL | Pompano Beach, FL | Lake Worth, FL | Palm Beach Shores, FL
1575082595827
The information contained in this transmission may contain privileged and confidential information, including patient information protected by federal and state privacy laws. It is intended only for the use of the person(s) named above. If you are not the intended
 recipient, you are hereby notified that any review, dissemination, distribution, or duplication of this communication is strictly prohibited. If you are not the intended recipient, please contact the sender by reply email and destroy all copies of the original
 message
08/07/2025 16:27 : jbrennan@banyancenters.com : Non-Technician : I will work on this!
Best Regards,
Jonelle Brennan
National Director of Admissions
Banyan Treatment Center
Office: 954-533-7705 ext 926
Admissions: (844) 285-0221
Fax: (954) 533-7717
Corporate Address:
950 N Federal Highway
Pompano Beach, FL 33062
jbrennan@banyancenters.com
Philadelphia, PA | Laurel Run, PA | Boston, MA | Chicago, IL | Stuart, FL | Boca Raton, FL | Pompano Beach, FL | Lake Worth, FL | Palm Beach Shores, FL
1575082595827
The information contained in this transmission may contain privileged and confidential information, including patient information protected by federal and state privacy laws. It is intended only for the use of the person(s) named above. If you are not the intended
 recipient, you are hereby notified that any review, dissemination, distribution, or duplication of this communication is strictly prohibited. If you are not the intended recipient, please contact the sender by reply email and destroy all copies of the original
 message
08/07/2025 16:17 : bhopb\brittany.obrien : Technician : Hi there,
Can we please have a return address to retrieve the company equipment as well as an email to send the label too or if you prefer to provide the label the Christian I can send the label to you once it is created. Either way works, please just let me know.
Thank you.
Brittany 😊
08/06/2025 09:55 : bhopb\adnan.tamboli : Technician : The ticket has been assigned to technician: Brittany O'Brien
08/06/2025 09:55 : bhopb\adnan.tamboli : Technician : Christian's account has been disabled. Assigning this ticket to
@Brittany O'Brien
for system recovery.
08/06/2025 09:29 : BHOPB\rmoll : Technician : The ticket has been assigned to technician: Adnan Tamboli
08/06/2025 09:27 : rstremel@banyancenters.com : Non-Technician : New ticket submitted via
Email"
133993,2025-08-06 08:28:15,alloyaircar@gmail.com,BHOPB\carlos.rios,[REQUEST] Provider Unable to Send Medications -R. Dougherty,"Provider Robert Dougherty is unable to send EPCS.
Provider forgot pasphrase and signature password. He also replaced his phone and needs to register his new VIP Access in Rcopia.",Awaiting Customer Response,Normal,2025-08-06 08:43:16,,"08/22/2025 15:16 : alloyaircar@gmail.com : Non-Technician : well, I see it and when I click ""enroll now"" the next page says I need an invitation ID and a 2 factor authentication  token.
I look back at all the emails I have from them and can't find it.
08/22/2025 15:11 : alloyaircar@gmail.com : Non-Technician : great thanks, Ill check
08/22/2025 10:22 : BHOPB\carlos.rios : Technician : FYI
The email you receive will come from: ""epcs-do-not-reply@drfirst.com""
08/22/2025 10:19 : BHOPB\carlos.rios : Technician : Status ➜ Awaiting Customer Response
08/22/2025 10:19 : BHOPB\carlos.rios : Technician : Good morning, Sir.
Doctor first will be sending you another invite.
If you are available later on, we can meet so I can help you.
08/21/2025 16:12 : alloyaircar@gmail.com : Non-Technician : OKAY, I search my banyan email for ""IDP"" and nothing comes up
08/21/2025 16:02 : BHOPB\carlos.rios : Technician : Right now is a good time
08/21/2025 13:25 : rdougherty@banyancenters.com : Non-Technician : I am here now. Is this a good time?
08/14/2025 11:38 : BHOPB\carlos.rios : Technician : Good morning,
The invitation to enroll in IDP should be in your Banyan email. Please let me know when would be a best time to meet with you and I'll help you find it.
08/13/2025 16:20 : alloyaircar@gmail.com : Non-Technician : The ticket has been re-opened
08/13/2025 16:20 : alloyaircar@gmail.com : Non-Technician : Hi!
I don’t know what IDP is or how I might enroll.
Thanks again for your help.
Dr D
Have a Rockin' day! 🎸
Rob

""Leave out conditions, courageous convictions will drag the dream into existence.""             Neil Peart
08/13/2025 16:09 : BHOPB\carlos.rios : Technician : Good afternoon,
At this time, the only area I’m able to assist you with directly is your eRx. As we discussed previously, I’m waiting on confirmation that you’ve completed your enrollment in IDP. Without that step being completed, I’m limited in how I can proceed on my end.
Once you’ve enrolled, please let me know and we can move forward from there.
Best regards,
08/12/2025 18:01 : alloyaircar@gmail.com : Non-Technician : The ticket has been re-opened
08/12/2025 18:01 : alloyaircar@gmail.com : Non-Technician : Hi Carlos,
I really don't know how we are ever going to get this done. Either my banyan email and outlook is not set up right or I just don't understand how to organize it. I am overwhelmed by hundreds of birthday emails and can't ever find anything I need in my banyan email. Then, it runs out of space and all my emails bounce. So, I delete a bunch and well, you guessed it, I delete everything that I probably need to see.  I have been waiting for your response and never got it. This is my personal email and I am so glad you sent something to it because .... I got it!. I am only at banyan at certain times and that is the only time I can access my email that I know of. It would really help if someone who knew how to work outlook and all the banyan specific programs could actually meet me and go through all of this. If that can't happen then we need to schedule a time when you can take over my computer and talk me through it. I may have time tomorrow morning but I am also seeing probably 15 patients at banyan virtually tomorrow starting at 9-930. I am going out of town Thursday and will be back Monday afternoon. Please let me know your thoughts.
Thanks so much!
Dr D
08/12/2025 16:14 : BHOPB\carlos.rios : Technician : Good morning,
Your request has been completed. Please take some time to review it at your earliest convenience.
If the completion does not meet your expectations or if you would like to reopen the request, please feel free to respond to this email.
Thank you, we are here if you need further assistance.
Best regards,
08/07/2025 08:15 : BHOPB\carlos.rios : Technician : Greetings,
We wanted to follow up regarding the support request you submitted. Unfortunately, we have not received a response from your end.
We understand that circumstances can change, and the issue you initially reported might have been resolved. If that's the case, or if you no longer require our assistance, please let us know so we can close your request. Your feedback is appreciated.
We appreciate your cooperation and look forward to hearing from you soon
08/06/2025 08:57 : BHOPB\carlos.rios : Technician : Edited the ticket
08/06/2025 08:52 : BHOPB\carlos.rios : Technician : Cloned the ticket into ##133995
08/06/2025 08:50 : BHOPB\carlos.rios : Technician : Status ➜ Awaiting Customer Response
08/06/2025 08:44 : BHOPB\carlos.rios : Technician : Cloned the ticket into ##133994
08/06/2025 08:43 : BHOPB\carlos.rios : Technician : File deleted: DataImage63.png
08/06/2025 08:43 : BHOPB\carlos.rios : Technician : File deleted: DataImage44.png
08/06/2025 08:43 : BHOPB\carlos.rios : Technician : Contacted user @ 2:30 pm. User stated he did not remember his passphrase, Attempted to reset his passphrase, however when prompted for a one time token from his VIP Access, Rcopia di not recognize token: user had replaced phone and never registered his new token.
Later contacted Kipu Support, who in turn, requested an invite be sent to Provider to re-enroll in IDP.
08/06/2025 08:31 : BHOPB\carlos.rios : Technician : Edited the ticket
08/06/2025 08:29 : BHOPB\rmoll : Technician : The ticket has been assigned to technician: Carlos Rios
08/06/2025 08:28 : narissa.etwaroo@banyancenters.com : Non-Technician : New ticket submitted via
Email
Logged by Carlos Rios"
133992,2025-08-06 08:28:07,BHOPB\kassandra.melendez,bhopb\brittany.obrien,Term System access,"Hello,
Please term system access for RCM employee, Lecrettia Riley, effective immediately.
Thank you,
Kassandra Melendez
HR Business Partner
Phone:
(954) 533-7705 x165
kassandra.melendez@banyancenters.com
www.banyantreatmentcenters.com
225 N Federal Hwy
Pompano Beach FL 33062
The information contained in this transmission may contain privileged and confidential information, including patient information protected by federal and state privacy laws. It is intended only for the use of the person(s) named above. If you are not the intended recipient, you are hereby notified that any review, dissemination, distribution, or duplication of this communication is strictly prohibited. If you are not the intended recipient, please contact the sender by reply email and destroy all copies of the original message.",In progress,Critical,2025-08-06 08:28:51,,"08/11/2025 09:46 : BHOPB\rmoll : Technician : We need an email to send, please
Regards,
Rick Moll
IT Department
(561) 465-1708
email - rmoll@banyancenters.com
08/11/2025 09:46 : BHOPB\rmoll : Technician : The ticket has been assigned to technician: Brittany O'Brien
08/11/2025 09:12 : BHOPB\tracy.lamb : Non-Technician : There are two laptops.
The one she returned is an old one.  She has
not been notified
yet of termination so the new laptop will need a label sent...
08/11/2025 08:45 : BHOPB\rmoll : Technician : Good morning all,
Since Pierre is on vacation, I would like to know if she brought or sent the equipment back.
Regards,
Rick Moll
IT Department
(561) 465-1708
email - rmoll@banyancenters.com
08/11/2025 08:11 : BHOPB\rmoll : Technician : The ticket has been assigned to technician: Rick Moll
08/06/2025 10:13 : bhopb\love.shah : Technician : The ticket has been assigned to technician: jean.pierre
08/06/2025 10:13 : bhopb\love.shah : Technician : @jean.pierre
:- could you please take of this user hardware :-
also please checkout for :-
camers equipment ticket :- 111462
keyboard :- 105235
08/06/2025 10:11 : bhopb\love.shah : Technician : As requested,Lecrettia Riley  has been disabled on all systems.
08/06/2025 08:28 : BHOPB\kassandra.melendez : Non-Technician : New ticket submitted via
Email"
133924,2025-08-05 09:17:07,jbrennan@banyancenters.com,BHOPB\jhouchin,Kassie Phone,"Hi good morning!
Do we know why Kassie Glancy's cell phone was disconnected?
Best Regards,
Jonelle Brennan
National Director of Admissions
Banyan Treatment Center
Office: 954-533-7705 ext 926
Admissions: (844) 285-0221
Fax: (954) 533-7717
Corporate Address:
950 N Federal Highway
Pompano Beach, FL 33062
jbrennan@banyancenters.com
Philadelphia, PA | Laurel Run, PA | Boston, MA | Chicago, IL | Stuart, FL | Boca Raton, FL | Pompano Beach, FL | Lake Worth, FL | Palm Beach Shores, FL
1575082595827
The information contained in this transmission may contain privileged and confidential information, including patient information protected by federal and state privacy laws. It is intended only for the use of the person(s) named above. If you are not the intended
 recipient, you are hereby notified that any review, dissemination, distribution, or duplication of this communication is strictly prohibited. If you are not the intended recipient, please contact the sender by reply email and destroy all copies of the original
 message
-
Jonelle Brennan, BA
National Director of Admissions
Phone:
(954) 533-7705 x926
Email:
jbrennan@banyancenters.com
225 N Federal Hwy
Pompano Beach, FL 33062
The information contained in this transmission may contain privileged and confidential information and is property of Banyan Treatment Centers, including patient information protected by federal and state privacy laws. It is intended only for the use of the
 person(s) named above. If you are not the intended recipient, you are hereby notified that any review, dissemination, distribution, or duplication of this communication is strictly prohibited. If you are not the intended recipient, please contact the sender
 by reply email and destroy all copies of the original message.",In progress,Normal,2025-08-05 09:20:37,,"08/05/2025 09:37 : jbrennan@banyancenters.com : Non-Technician : Sounds good thank you so much Jeff
Best Regards,
Jonelle Brennan
National Director of Admissions
Banyan Treatment Center
Office: 954-533-7705 ext 926
Admissions: (844) 285-0221
Fax: (954) 533-7717
Corporate Address:
950 N Federal Highway
Pompano Beach, FL 33062
jbrennan@banyancenters.com
Philadelphia, PA | Laurel Run, PA | Boston, MA | Chicago, IL | Stuart, FL | Boca Raton, FL | Pompano Beach, FL | Lake Worth, FL | Palm Beach Shores, FL
1575082595827
The information contained in this transmission may contain privileged and confidential information, including patient information protected by federal and state privacy laws. It is intended only for the use of the person(s) named above. If you are not the intended
 recipient, you are hereby notified that any review, dissemination, distribution, or duplication of this communication is strictly prohibited. If you are not the intended recipient, please contact the sender by reply email and destroy all copies of the original
 message
08/05/2025 09:35 : BHOPB\jhouchin : Technician : OK, Don just told me it was to be upgraded, but that he hasn't even opened the phone box and powered on the new phone so he's not sure why it would have ported, except if Verizon forced the port.  Don will communicate with Kassie via teams and offer to forward
 the number to her personal phone temporarily or CTM number and will ship the new one out today.
08/05/2025 09:30 : jbrennan@banyancenters.com : Non-Technician : She is remote
Best Regards,
Jonelle Brennan
National Director of Admissions
Banyan Treatment Center
Office: 954-533-7705 ext 926
Admissions: (844) 285-0221
Fax: (954) 533-7717
Corporate Address:
950 N Federal Highway
Pompano Beach, FL 33062
jbrennan@banyancenters.com
Philadelphia, PA | Laurel Run, PA | Boston, MA | Chicago, IL | Stuart, FL | Boca Raton, FL | Pompano Beach, FL | Lake Worth, FL | Palm Beach Shores, FL
1575082595827
The information contained in this transmission may contain privileged and confidential information, including patient information protected by federal and state privacy laws. It is intended only for the use of the person(s) named above. If you are not the intended
 recipient, you are hereby notified that any review, dissemination, distribution, or duplication of this communication is strictly prohibited. If you are not the intended recipient, please contact the sender by reply email and destroy all copies of the original
 message
08/05/2025 09:23 : BHOPB\jhouchin : Technician : Is she someone that works close, or only remote?
08/05/2025 09:22 : jbrennan@banyancenters.com : Non-Technician : 321-603-9785
I think hers was one that was supposed to be upgraded. Thank you so much for looking into this!
Best Regards,
Jonelle Brennan
National Director of Admissions
Banyan Treatment Center
Office: 954-533-7705 ext 926
Admissions: (844) 285-0221
Fax: (954) 533-7717
Corporate Address:
950 N Federal Highway
Pompano Beach, FL 33062
jbrennan@banyancenters.com
Philadelphia, PA | Laurel Run, PA | Boston, MA | Chicago, IL | Stuart, FL | Boca Raton, FL | Pompano Beach, FL | Lake Worth, FL | Palm Beach Shores, FL
1575082595827
The information contained in this transmission may contain privileged and confidential information, including patient information protected by federal and state privacy laws. It is intended only for the use of the person(s) named above. If you are not the intended
 recipient, you are hereby notified that any review, dissemination, distribution, or duplication of this communication is strictly prohibited. If you are not the intended recipient, please contact the sender by reply email and destroy all copies of the original
 message
08/05/2025 09:20 : BHOPB\jhouchin : Technician : Shoot me the number over and I'll investigate.  We are cleaning up cell phones and upgrading many staff phones, so if we called a device and it went straight to voice mail several times or if it showed no usage from the carrier side it might have been temporarily
 suspended, or if it was one of the devices we planned to upgrade it might have gotten transferred too quickly by Verizon.  Let me know and we'll get it taken care of.
08/05/2025 09:17 : jbrennan@banyancenters.com : Non-Technician : New ticket submitted via
Email"
133921,2025-08-05 08:05:52,kglancy@banyancenters.com,BHOPB\dmui,Banyan Cell Phone,"My number is going to voicemail and is not operating. Was it shut off?
321-603-9785
Kassie Glancy
Specialty Admissions Supervisor – Southeast Region
Phone:
(844) 906-4673
Mobile:
(321) 346-7495
Fax:
(877) 477-8276
kglancy@banyancenters.com
www.banyantreatmentcenters.com
Corporate Office: 950 N. Federal Hwy.
Pompano Beach FL 33062
The information contained in this transmission may contain privileged and confidential information, including patient information protected by federal and state privacy laws. It is intended only for the use of the person(s) named above. If you are not the intended
 recipient, you are hereby notified that any review, dissemination, distribution, or duplication of this communication is strictly prohibited. If you are not the intended recipient, please contact the sender by reply email and destroy all copies of the original
 message.",New,Normal,,,"08/05/2025 08:33 : BHOPB\rmoll : Technician : The ticket has been assigned to technician: Don Mui
08/05/2025 08:05 : kglancy@banyancenters.com : Non-Technician : New ticket submitted via
Email"
133911,2025-08-04 17:29:52,kenisa.helm@banyancenters.com,BHOPB\dmui,Outlook Error - Corinne D,"Good Evening,
Corinne Dale is attempting to get into Outlook and is receiving the error message attached it has been almost two hours of her attempting to refresh/log in. Are we able to get assistance with getting her in please?
Sincerely,
Kenisa
Get
Outlook for iOS
-
Kenisa Helm
Director of Quality Assurance and Professional Development
Phone:
Email:
kenisa.helm@banyancenters.com
225 N Federal Hwy
Pompano Beach, FL 33062
The information contained in this transmission may contain privileged and confidential information and is property of Banyan Treatment Centers, including patient information protected by federal and state privacy laws. It is intended only for the use of the
 person(s) named above. If you are not the intended recipient, you are hereby notified that any review, dissemination, distribution, or duplication of this communication is strictly prohibited. If you are not the intended recipient, please contact the sender
 by reply email and destroy all copies of the original message.",In progress,Normal,2025-08-05 13:51:36,,"08/12/2025 09:22 : BHOPB\dmui : Technician : FedEx Overnight. Return label included to return old laptop. No power supply included since the old one should work on the replacement.
Lenovo T14. Asset 02500
Return label
08/12/2025 07:47 : BHOPB\dmui : Technician : Will update with shipping info. Laptop should go out today and will FedEx overnight if available for address. Will include return label to ship old one.
08/11/2025 16:28 : corinne.dale@banyancenters.com : Non-Technician : Hello,
Just checking on an ETA for my laptop. My address is 555 Laurie Ln Apt N6 Thousand Oaks, Ca 91360.
Thank you
08/11/2025 11:12 : BHOPB\rmoll : Technician : The ticket has been assigned to technician: Don Mui
08/11/2025 11:12 : BHOPB\rmoll : Technician : @Don Mui
, she needs a laptop replacement.
We need to send her a label to return the existing one
555 Laurie Ln Apt N6 Thousand Oaks, Ca 91360
Regards,
Rick Moll
IT Department
(561) 465-1708
email - rmoll@banyancenters.com
08/07/2025 16:53 : BHOPB\rmoll : Technician : Please send me your address
Regards,
Rick Moll
IT Department
(561) 465-1708
email - rmoll@banyancenters.com
08/07/2025 16:34 : BHOPB\rmoll : Technician : Please call me at 5614651708 or teams
Regards,
Rick Moll
IT Department
(561) 465-1708
email - rmoll@banyancenters.com
08/07/2025 16:28 : corinne.dale@banyancenters.com : Non-Technician : Hello,
Can I get an update on when a laptop will be sent? My other equipment works fine. Thank you
08/06/2025 09:19 : kenisa.helm@banyancenters.com : Non-Technician : She has the laptop. She is a remote employee who reports that she was advised by IT yesterday afternoon that she will need to use her personal computer until she receives a new laptop. Is this incorrect?
08/06/2025 09:14 : BHOPB\rmoll : Technician : The ticket has been assigned to technician: Rick Moll
08/06/2025 09:14 : BHOPB\rmoll : Technician : Kenisa, Pierre is on vacation, please let me know where the laptop is.
Regards,
Rick Moll
IT Department
(561) 465-1708
email - rmoll@banyancenters.com
08/06/2025 09:04 : kenisa.helm@banyancenters.com : Non-Technician : Good Morning!
Following up on this/Corinne laptop situation. It is my understanding that she is being issued a new laptop. May I have an ETA?
Sincerely,
Kenisa
08/05/2025 15:43 : bhopb\rvoyer : Technician : @jean.pierre
it looks like her laptop broke after an update. It will need to be replace/imaged.
08/05/2025 15:42 : bhopb\rvoyer : Technician : The ticket has been assigned to technician: jean.pierre
08/05/2025 15:41 : bhopb\rvoyer : Technician : Adding corinne to this email
08/05/2025 13:51 : bhopb\adnan.tamboli : Technician : @Rick Moll,
is looking into this issue.
08/05/2025 13:10 : kenisa.helm@banyancenters.com : Non-Technician : Checking in on this. Her shift starts today at 4 pm EST and I want to make sure she is able to log in tonight please
08/05/2025 07:35 : BHOPB\rmoll : Technician : The ticket has been assigned to technician: Adnan Tamboli
08/04/2025 17:29 : kenisa.helm@banyancenters.com : Non-Technician : New ticket submitted via
Email"
133839,2025-08-04 09:24:52,kenisa.helm@banyancenters.com,bhopb\brittany.obrien,Returning Equipment - Reinaldo C,"Good Morning!
Reinaldo received a headset and keyboard that are superfluous to his current set up. He reports that there was no monitor delivered, even though I believe there was supposed to be.
How does he go about sending the equipment he does have back?
Sincerely,
Kenisa
-
Kenisa Helm
Director of Quality Assurance and Professional Development
Phone:
Email:
kenisa.helm@banyancenters.com
,
The information contained in this transmission may contain privileged and confidential information and is property of Banyan Treatment Centers, including patient information protected by federal and state privacy laws. It is intended only for the use of the
 person(s) named above. If you are not the intended recipient, you are hereby notified that any review, dissemination, distribution, or duplication of this communication is strictly prohibited. If you are not the intended recipient, please contact the sender
 by reply email and destroy all copies of the original message.",In progress,Normal,2025-08-04 09:32:22,2025-08-25 13:47:00,"08/22/2025 17:01 : bhopb\brittany.obrien : Technician : Due date has been changed: 8/25/2025 1:47 PM
08/12/2025 15:12 : bhopb\brittany.obrien : Technician : Due date has been changed: 8/18/2025 1:47 PM
08/12/2025 15:12 : bhopb\brittany.obrien : Technician : Hi Kenisa,
I just wanted to follow up on the return of the items, I do not see any movement on the tracking number. Also I just wanted to share the delivery information for the monitor.
08/05/2025 13:48 : bhopb\brittany.obrien : Technician : Due date has been changed: 8/11/2025 1:47 PM
08/04/2025 16:13 : bhopb\brittany.obrien : Technician : Perfect, I attached the return label here.
Let me know if I can assist in anyway!
Thank you,
Brittany 😊
08/04/2025 11:42 : kenisa.helm@banyancenters.com : Non-Technician : Hey Brittany!
That would be awesome, thank you!
Alicia Street
620 Galer Street apt 236, Seattle, Washington 98109
Sincerely,
Kenisa
08/04/2025 11:40 : bhopb\brittany.obrien : Technician : Hi Kenisa,
I can send a return label to return the unnecessary equipment if you can please provide the address I will get the label created 😊
Thank you,
Brittany
08/04/2025 09:32 : BHOPB\rmoll : Technician : @Brittany O'Brien
, please assist
Regards,
Rick Moll
IT Department
(561) 465-1708
email - rmoll@banyancenters.com
08/04/2025 09:32 : BHOPB\rmoll : Technician : The ticket has been assigned to technician: Brittany O'Brien
08/04/2025 09:24 : kenisa.helm@banyancenters.com : Non-Technician : New ticket submitted via
Email"
133743,2025-08-01 12:00:00,BHOPB\jscheringer,BHOPB\jscheringer,Backup Device Configs to ITDept\Configurations Folder,"Backup Configs for HP Switches
Backup Configs for Cisco Switches
Backup Configs for ZoneDirectors / (obsolete) Ubiquiti UniFI Controllers
Backup Configs for Astaro / Sophos Firewalls",New,-1,,,"08/01/2025 12:36 : BHOPB\rmoll : Technician : The ticket has been assigned to technician: Jared Scheringer
08/01/2025 12:00 : BHOPB\jscheringer : Technician : New ticket submitted via
Scheduler"
133686,2025-07-31 14:41:02,bhopb\adnan.tamboli,bhopb\adnan.tamboli,RPA Project - VOB,"Received a request from Sanghavi N (Resourcify Consultants) regarding the RPA Project (VOB). They need help with:
Account creation for the project
Setting up permissions for different applications",In progress,Normal,2025-07-31 14:41:04,,"08/14/2025 16:08 : bhopb\adnan.tamboli : Technician : Also gave access to Graph API
08/14/2025 16:07 : bhopb\adnan.tamboli : Technician : Mode (REST, SOAP, sftp): REST
Transaction Type: 270/ 271
Payers:
Medicaid and medicare.
Tracy can confirm other plans. Multiple Florida plans including Florida Blue, Cigna, Aetna, Anthem, Optum
Desire to go live if known:
ASAP
Include any additional information that would be helpful for them to know: No.
08/14/2025 11:03 : bhopb\adnan.tamboli : Technician : Given access to Azure Devops
Adnan Tamboli: Settings · Overview (BanyanTreatmentCenters) - Settings | Adnan Tamboli (You) | Microsoft Teams
08/12/2025 13:58 : bhopb\adnan.tamboli : Technician : Everything has been created
08/08/2025 11:20 : bhopb\adnan.tamboli : Technician : The ticket has been re-opened
08/05/2025 12:58 : bhopb\adnan.tamboli : Technician : Database has been created.
08/01/2025 16:10 : bhopb\adnan.tamboli : Technician : 
08/01/2025 15:56 : bhopb\adnan.tamboli : Technician : Environment is also created
07/31/2025 16:47 : bhopb\adnan.tamboli : Technician : User creation has been Done.
07/31/2025 16:47 : bhopb\adnan.tamboli : Technician : 
07/31/2025 14:41 : bhopb\adnan.tamboli : Technician : New ticket submitted via
Web app"
133622,2025-07-30 13:44:19,BHOPB\mauricio.contreras,BHOPB\jscheringer,Camera install,"Just ran 75 of Ethernet cord for new camera at the chapel/ clinical building. Need camera configured.
Get
Outlook for iOS
-
Mauricio Contreras
Facility Manager
Phone:
(830) 283-3003
Email:
mauricio.contreras@banyancenters.com
4168 Co Rd 444
Waelder, TX 78959
The information contained in this transmission may contain privileged and confidential information and is property of Banyan Treatment Centers, including patient information protected by federal and state privacy laws. It is intended only for the use of the
 person(s) named above. If you are not the intended recipient, you are hereby notified that any review, dissemination, distribution, or duplication of this communication is strictly prohibited. If you are not the intended recipient, please contact the sender
 by reply email and destroy all copies of the original message.",In progress,Normal,2025-07-30 13:45:25,,"07/30/2025 14:20 : BHOPB\mauricio.contreras : Non-Technician : Port #13
07/30/2025 14:16 : BHOPB\mauricio.contreras : Non-Technician : Mac: 88263F07A1C6
Plugged in & mounted
Get
Outlook for iOS
07/30/2025 14:07 : BHOPB\rmoll : Technician : The ticket has been assigned to technician: Jared Scheringer
07/30/2025 13:50 : BHOPB\mauricio.contreras : Non-Technician : Get
Outlook for iOS
07/30/2025 13:46 : BHOPB\mauricio.contreras : Non-Technician : Cord in port #13
Get
Outlook for iOS
07/30/2025 13:46 : BHOPB\rmoll : Technician : Can you please send the camera's MAC address + switch port?
Regards,
Rick Moll
IT Department
(561) 465-1708
email - rmoll@banyancenters.com
07/30/2025 13:44 : BHOPB\mauricio.contreras : Non-Technician : New ticket submitted via
Email"
133586,2025-07-30 06:17:07,michael.evanoff@banyancenters.com,BHOPB\jhouchin,Fwd: Banyan centers |Schedule and Eligibility Criteria for Bonus Disbursement ref:zt7zuM9GPqGv3fI,"How do we block this malicious activity
I get many of these
And I worry that others may receive and click through
Pls advise on your strategy to eliminate this cyber threat
Michael Evanoff
954-684-5097
meevanof@yahoo.com
Michael Evanoff
Chief Financial Officer
Phone:
(954) 684-5097
michael.evanoff@banyancenters.com
www.banyantreatmentcenters.com
225 N. Federal Highway
Pompano Beach FL 33062
The information contained in this transmission may contain privileged and confidential information, including patient information protected by federal and state privacy laws. It is intended only for the use of the person(s) named above. If you are not the intended
 recipient, you are hereby notified that any review, dissemination, distribution, or duplication of this communication is strictly prohibited. If you are not the intended recipient, please contact the sender by reply email and destroy all copies of the original
 message.
Begin forwarded message:
From:
michael.evanoff@banyancenters.com
Date:
July 30, 2025 at 6:11:36 AM EDT
To:
Michael Evanoff <michael.evanoff@banyancenters.com>
Subject:
Banyan centers |Schedule and Eligibility Criteria for Bonus Disbursement ref:zt7zuM9GPqGv3fI
﻿",New,Normal,,,"07/30/2025 07:44 : BHOPB\rmoll : Technician : The ticket has been assigned to technician: Jeff Houchin
07/30/2025 06:17 : michael.evanoff@banyancenters.com : Non-Technician : New ticket submitted via
Email"
133423,2025-07-27 14:11:04,asterisk@pbx.banyancenters.com,bhopb\cbowra,PBX Voicemail Notification,"Voicemail - Helpdesk,
There is a new voicemail for mailbox 2099:
From:	""HDesk-Tier2:WIRELESS CALLER"" <17203340343>
Length:	0:26 seconds
Date:	Sunday, July 27, 2025 at 02:10:55 PM
Please find the voicemail attached to this email.",In progress,Normal,2025-07-27 14:11:49,2025-08-29 17:37:00,"08/11/2025 09:20 : bhopb\rvoyer : Technician : Update: Dennis called asking about this.
08/10/2025 15:00 : bhopb\cbowra : Technician : Due date has been changed: 8/29/2025 5:37 PM
08/07/2025 11:28 : BHOPB\dennis.ewing : Non-Technician : Good Morning,
My laptop is at work on the Banyan Network. Can you please re-open the ticket and install the VPN on my laptop? Thank You
Book
 time to meet with me
Dennis Ewing, MHA, MSN, RN-BC
Director of Nursing
Mobile:
(720) 334-0343
Phone:
(303) 381-8340 x6061
Fax:
(303) 381-8341
Dennis.Ewing@BanyanCenters.com
www.banyantreatmentcenters.com
1055 S. Perry Street
Castle Rock, CO 80104
The information contained in this transmission may contain privileged and confidential information, including patient information protected by federal and state privacy laws. It is intended only for the use of the person(s)
 named above. If you are not the intended recipient, you are hereby notified that any review, dissemination, distribution, or duplication of this communication is strictly prohibited. If you are not the intended recipient, please contact the sender by reply
 email and destroy all copies of the original message.
08/04/2025 10:08 : BHOPB\dennis.ewing : Non-Technician : The ticket has been re-opened
08/04/2025 10:08 : BHOPB\dennis.ewing : Non-Technician : Ok it is at home. I will bring it in tomorrow. Thank you for letting me know.
Book
 time to meet with me
Dennis Ewing, MHA, MSN, RN-BC
Director of Nursing
Mobile:
(720) 334-0343
Phone:
(303) 381-8340 x6061
Fax:
(303) 381-8341
Dennis.Ewing@BanyanCenters.com
www.banyantreatmentcenters.com
1055 S. Perry Street
Castle Rock, CO 80104
The information contained in this transmission may contain privileged and confidential information, including patient information protected by federal and state privacy laws. It is intended only for the use of the person(s)
 named above. If you are not the intended recipient, you are hereby notified that any review, dissemination, distribution, or duplication of this communication is strictly prohibited. If you are not the intended recipient, please contact the sender by reply
 email and destroy all copies of the original message.
08/04/2025 10:04 : bhopb\cbowra : Technician : Closing ticket - no access to laptop so no action taken
07/31/2025 17:37 : bhopb\cbowra : Technician : Due date has been changed: 8/8/2025 5:37 PM
07/29/2025 16:01 : bhopb\cbowra : Technician : Hey Dennis,
If you need the camera access on the laptop then I will need access to the laptop. I checked the last two days and its always offline. We will need to setup a vpn, configure thru the firewall, and install DWS application. This will require your laptop being turned on and connected to any wifi so you could leave it on at home if needed. I  would need your computer password or I can reset the password so i can setup the vpn.
07/27/2025 14:30 : bhopb\cbowra : Technician : Request camera access on laptop called DEwing which is currently home with no vpn setup. User will bring laptop tomorrow and connect to banyan wifi.
07/27/2025 14:11 : asterisk@pbx.banyancenters.com : Non-Technician : New ticket submitted via
Email"
133371,2025-07-25 12:33:18,noreply@banyantreatmentcenter.com,bhopb\love.shah,New Hire System Request: Damon Mallory,"Please set up all necessary access for the employee below:
Damon Mallory
+1 301 532 7277
9/25/2025
BHT
Behavioral Health
Clearbrook Mass
Brent Shy
-
Phone:
Email:
,
The information contained in this transmission may contain privileged and confidential information and is property of Banyan Treatment Centers, including patient information protected by federal and state privacy laws. It is intended only for the use of the
 person(s) named above. If you are not the intended recipient, you are hereby notified that any review, dissemination, distribution, or duplication of this communication is strictly prohibited. If you are not the intended recipient, please contact the sender
 by reply email and destroy all copies of the original message.",In progress,Normal,2025-07-25 12:39:02,2025-09-23 13:21:00,"08/07/2025 08:52 : bhopb\love.shah : Technician : user is joining on next month at 9/25/2025 :- i cant make credentials before who is longer than 3 weeks
07/25/2025 13:22 : bhopb\love.shah : Technician : Due date has been changed: 9/23/2025 1:21 PM
07/25/2025 13:11 : jpawlowski@banyancenters.com : Non-Technician : Damon has already been added to the policy :)
Get
Outlook for iOS
07/25/2025 12:33 : noreply@banyantreatmentcenter.com : Non-Technician : New ticket submitted via
Email"
133367,2025-07-25 12:21:18,bhopb\afortin,BHOPB\jscheringer,Is this something you can help with,"Hello -
I was told by my RED to use this website for staff awards programming we have at Heartland.  How can I unblock this site?
AF
-
Amy Fortin
Director of Operations
Phone:
(815) 707-2136 x5109
Email:
afortin@banyancenters.com
1237 E 1600 North Rd
Gilman, IL 60938
The information contained in this transmission may contain privileged and confidential information and is property of Banyan Treatment Centers, including patient information protected by federal and state privacy laws. It is intended only for the use of the
 person(s) named above. If you are not the intended recipient, you are hereby notified that any review, dissemination, distribution, or duplication of this communication is strictly prohibited. If you are not the intended recipient, please contact the sender
 by reply email and destroy all copies of the original message.",In progress,Normal,2025-07-25 14:27:16,,"08/14/2025 15:36 : bhopb\afortin : Non-Technician : When using Chrome
08/11/2025 15:35 : BHOPB\jscheringer : Technician : that's unreal, the only other recommendation they have is to try using chrome, in the screenshot it looks like you're using edge. please let me know
08/07/2025 14:49 : bhopb\afortin : Non-Technician : Tried today, here is the message
08/06/2025 13:59 : BHOPB\jscheringer : Technician : ok i have put your computer over the rise broadband, please go to ipchicken.com in 3 minutes to verify the screen shows the Rise IP. when it does, please then try perfectgift.com. if it succeeds, good i can pass along to their support, if it fails, please try connecting your laptop to a hotspot on your phone and disconnecting the cable and trying again
the rise ip is -
66.163.104.2
08/06/2025 13:25 : bhopb\afortin : Non-Technician : You’re welcome
Get
Outlook for iOS
08/06/2025 10:38 : BHOPB\jscheringer : Technician : i hope to call their customer support today and figure out why they are blocking, but the 2nd part proves it is something they are doing so that was helpful, thanks
08/01/2025 13:20 : bhopb\afortin : Non-Technician : Second part of message I just saw
08/01/2025 13:18 : bhopb\afortin : Non-Technician : I went to the website, made sure to register an account, plugged in all information individually again and got the same result.
07/25/2025 16:51 : BHOPB\jscheringer : Technician : awaiting amy on monday to try perfectgift.com direct as opposed to /checkout or any email links
07/25/2025 15:52 : BHOPB\jscheringer : Technician : waiting on direct confirmation from beau over teams to rule out phishing for gift cards
07/25/2025 14:27 : bhopb\love.shah : Technician : 
07/25/2025 14:26 : BHOPB\jean.pierre : Technician : The ticket has been assigned to technician: Jared Scheringer
07/25/2025 12:21 : bhopb\afortin : Non-Technician : New ticket submitted via
Email"
133332,2025-07-24 18:14:33,BHOPB\nicholas.smith,BHOPB\jscheringer,cameras at housing,"I need help getting a camera back online in the laundry room at housing   mac 00:1f:54:41:cd:4e serial nd011011002743
-
Nicholas Smith
Maintenance Technician
Phone:
(760) 616-5800
Email:
nicholas.smith@banyancenters.com
73771 Dinah Shore Drive
Palm Desert, CA 92211
The information contained in this transmission may contain privileged and confidential information and is property of Banyan Treatment Centers, including patient information protected by federal and state privacy laws. It is intended only for the use of the
 person(s) named above. If you are not the intended recipient, you are hereby notified that any review, dissemination, distribution, or duplication of this communication is strictly prohibited. If you are not the intended recipient, please contact the sender
 by reply email and destroy all copies of the original message.",In progress,Normal,2025-07-25 12:18:44,,"07/25/2025 12:18 : BHOPB\jscheringer : Technician : i do not see that camera plugged into any switch. at that site we now only have 1 switch, the white aruba
you can plug the camera into the switch directly and let me know the port, if we need to troubleshoot if the camera even works
BUT, regardless, you'll need to tone out the wire from where the camera is mounted, back to the black patch panel # and let me know the patch panel # as well as hook a cable up from the patch panel into the white aruba, and let me know the aruba port number also
07/24/2025 22:13 : BHOPB\rmoll : Technician : The ticket has been assigned to technician: Jared Scheringer
07/24/2025 18:14 : BHOPB\nicholas.smith : Non-Technician : New ticket submitted via
Email"
133330,2025-07-24 17:14:33,alexis.randolph@banyancenters.com,BHOPB\dmui,ipads,"Hey!
Is there a way for me to get Teams application or the browser unlocked so we can use teams on them? It would be easier on staff to have access there.
Thank you,
Book
 time to meet with me
-
Alexis Randolph
Director of Operations
Phone:
(303) 381-8340
Email:
alexis.randolph@banyancenters.com
1055 S Perry St
Castle Rock, CO 80104
The information contained in this transmission may contain privileged and confidential information and is property of Banyan Treatment Centers, including patient information protected by federal and state privacy laws. It is intended only for the use of the
 person(s) named above. If you are not the intended recipient, you are hereby notified that any review, dissemination, distribution, or duplication of this communication is strictly prohibited. If you are not the intended recipient, please contact the sender
 by reply email and destroy all copies of the original message.",In progress,Normal,2025-07-29 15:21:29,,"08/02/2025 08:15 : BHOPB\dmui : Technician : No asset sticker on the back of the iPad?
You can get the serial number by going to Settings > General > About and there is a serial number there.
08/01/2025 16:05 : alexis.randolph@banyancenters.com : Non-Technician : I dont have the asset numbers for them unfortunately , is there another thing i can give you?
Book
 time to meet with me
08/01/2025 16:03 : BHOPB\dmui : Technician : Hi Alexis,
Following up again. I need the Asset# and/or the serial number of the iPad to try and push the app to it.
07/31/2025 16:06 : BHOPB\dmui : Technician : Following up... Can you give me the serial number or Asset ID of the iPad in question and I can try to push the app.
07/29/2025 15:21 : BHOPB\dmui : Technician : Can you give me the serial number or Asset ID of the iPad in question and I can try to push the app.
07/24/2025 22:12 : BHOPB\rmoll : Technician : The ticket has been assigned to technician: Don Mui
07/24/2025 17:14 : alexis.randolph@banyancenters.com : Non-Technician : New ticket submitted via
Email"
133319,2025-07-24 15:22:33,lauren.antal@banyancenters.com,bhopb\kpunch,CBPA BADGE PRINTER,"@Kieran Punch
Hi Kieran, The next time you are onsite, can you please come and take a look at my badge printer.
The help desk techs keep telling me my badges are being aborted.
I have cleaned and restarted the printer.
Thank you!
-
Lauren Antal
Office Manager
Phone:
(570) 823-1171 x4014
Email:
lauren.antal@banyancenters.com
1100 E Northampton St
Laurel Run, PA 18706
The information contained in this transmission may contain privileged and confidential information and is property of Banyan Treatment Centers, including patient information protected by federal and state privacy laws. It is intended only for the use of the
 person(s) named above. If you are not the intended recipient, you are hereby notified that any review, dissemination, distribution, or duplication of this communication is strictly prohibited. If you are not the intended recipient, please contact the sender
 by reply email and destroy all copies of the original message.",New,Normal,,,"07/24/2025 15:52 : bhopb\love.shah : Technician : The ticket has been assigned to technician: Kieran Punch
07/24/2025 15:22 : lauren.antal@banyancenters.com : Non-Technician : New ticket submitted via
Email"
133242,2025-07-23 12:57:49,BHOPB\dmui,BHOPB\dmui,Amy at NPR Housing and unable to print,"Amy Fortin is at the Naperville housing site and is unable to print from her laptop she travels with.
After figuring out that being conencted to wifi (BanyanG) is ok, I remoted in to the computer that is always there to test if printing on that computer works. NPRLP08.
Remoting in I see the printer is listed as EPSON4D6E8E.
Trying to do test print it gave paper jam error.
Had Amy clear out paper she was able to find when looking at back but coulnd't print from computer so had her power down the printer and power back on and then try a simple copy to eliminate the PC being the issue and printer jammed just from trying to do a
 copy.
She cannot see any other paper jam.
So told her not a software issue and more hardware so will create ticket so I can see what we need to do.
Don Mui
IT - Sr. Helpdesk Technician
Phone:
(561) 465-1703
dmui@banyancenters.com
www.banyantreatmentcenters.com
225 N. Federal Highway
Pompano Beach FL 33062
The information contained in this transmission may contain privileged and confidential information, including patient information protected by federal and state privacy laws. It is intended only for the use of the person(s) named above. If you are not the intended
 recipient, you are hereby notified that any review, dissemination, distribution, or duplication of this communication is strictly prohibited. If you are not the intended recipient, please contact the sender by reply email and destroy all copies of the original
 message.",In progress,Normal,2025-07-23 12:58:08,,"07/23/2025 14:48 : bhopb\afortin : Non-Technician : I am here typically on Wednesdays. Emma Deering or Jon Riley are usually scheduled during business hours, they work alone when they are here with the exception of Wednesdays- so catching them at housing would be tough, you may need to schedule them to be present
 for the instructions
Get
Outlook for iOS
07/23/2025 14:29 : BHOPB\dmui : Technician : 96 Olesen Dr
Naperville IL 60540
07/23/2025 13:30 : BHOPB\dmui : Technician : Amy,
Are you at that location for just today? How often do you go to that location?
Is there a person there usually you can refer me to so that I can continue to troubleshoot with?
Talking to Jeff if we can 't find any other signs of paper or debris to clear out and get rid of jam message, one option would be for a tech or someone to take it to an Office Depot to look at/repair because these printers are a little expensive where we can't send replacements without trying to repair if needed
07/23/2025 12:58 : BHOPB\dmui : Technician : 
07/23/2025 12:57 : BHOPB\dmui : Technician : New ticket submitted via
Email"
133171,2025-07-22 13:31:04,BHOPB\dennis.ewing,BHOPB\jscheringer,Phone IPv4 Information,"Good Morning,
The following are the phone IPv4 numbers that you requested to get these phones operational.
192.168.131.126 - Lorraine Hedfi - Clinical Support
192.168.131.128 - Graciela Leal - Social Worker
192.168.131.127 - Medical Director
192.168.131.130 - Resource Nurse
The following IPv4 extension 6032 needs the name changed to Colton Martinez - Case Manager
Should you have any questions, please feel free to reach out.
Kindly,
Book time to meet with
 me
Dennis Ewing, MHA, MSN, RN-BC
Director of Nursing
Mobile:
(720) 334-0343
Phone:
(303) 381-8340 x6061
Fax:
(303) 381-8341
Dennis.Ewing@BanyanCenters.com
www.banyantreatmentcenters.com
1055 S. Perry Street
Castle Rock, CO 80104
The information contained in this transmission may contain privileged and confidential information, including patient information protected by federal and state privacy laws. It is intended only for the use of the person(s)
 named above. If you are not the intended recipient, you are hereby notified that any review, dissemination, distribution, or duplication of this communication is strictly prohibited. If you are not the intended recipient, please contact the sender by reply
 email and destroy all copies of the original message.
Dennis Ewing, MHA, MSN, RN-BC
Director of Nursing
Phone:
(303) 381-8340 x 6061
Mobile:
(720) 334-0343
Fax:
(303) 381-8341
dennis.ewing@banyancenters.com
www.banyantreatmentcenters.com
1055 S. Perry St.
Castle Rock CO 80104
The information contained in this transmission may contain privileged and confidential information, including patient information protected by federal and state privacy laws. It is intended only for the use of the person(s) named above. If you are not the intended
 recipient, you are hereby notified that any review, dissemination, distribution, or duplication of this communication is strictly prohibited. If you are not the intended recipient, please contact the sender by reply email and destroy all copies of the original
 message.",In progress,Normal,2025-07-28 12:13:04,,"08/20/2025 18:05 : BHOPB\dennis.ewing : Non-Technician : I will let them know. The intake nurse may take other nursing calls but are not here 24/7 they work Sunday - Saturday 10:00am - 10:30pm and are in an office separate from the regular nursing department. I hope that helps.
Kindly,
Book time to meet with
 me
Dennis Ewing, MHA, MSN, RN-BC
Director of Nursing
Mobile:
(720) 334-0343
Phone:
(303) 381-8340 x6061
Fax:
(303) 381-8341
Dennis.Ewing@BanyanCenters.com
www.banyantreatmentcenters.com
1055 S. Perry Street
Castle Rock, CO 80104
The information contained in this transmission may contain privileged and confidential information, including patient information protected by federal and state privacy laws. It is intended only for the use of the person(s)
 named above. If you are not the intended recipient, you are hereby notified that any review, dissemination, distribution, or duplication of this communication is strictly prohibited. If you are not the intended recipient, please contact the sender by reply
 email and destroy all copies of the original message.
08/20/2025 17:27 : BHOPB\jscheringer : Technician : further thoughts on the intake coordinator nurse phone?
08/11/2025 15:24 : BHOPB\jscheringer : Technician : they just need to unplug the phone from the wall. as for the intake nurse, will they also receive nursing related calls that ring other nursing phones? other properties tend to have intake coordinators which are more clinical than medical, just looking for the best way to allocate the phone in the system and the proper extension range to use to create for it
08/07/2025 16:19 : BHOPB\dennis.ewing : Non-Technician : How do they restart their phones?
Book time to meet with
 me
Dennis Ewing, MHA, MSN, RN-BC
Director of Nursing
Mobile:
(720) 334-0343
Phone:
(303) 381-8340 x6061
Fax:
(303) 381-8341
Dennis.Ewing@BanyanCenters.com
www.banyantreatmentcenters.com
1055 S. Perry Street
Castle Rock, CO 80104
The information contained in this transmission may contain privileged and confidential information, including patient information protected by federal and state privacy laws. It is intended only for the use of the person(s)
 named above. If you are not the intended recipient, you are hereby notified that any review, dissemination, distribution, or duplication of this communication is strictly prohibited. If you are not the intended recipient, please contact the sender by reply
 email and destroy all copies of the original message.
08/07/2025 16:18 : BHOPB\dennis.ewing : Non-Technician : Jared,
Thank you for the update. The Resource Nurse is our Intake Nurse and in their own office. They work from 10:00am to 10:30pm 7 days a week and do our admissions, discharges, etc. They need a phone in their office so they can be alerted to when an intake arrives,
 a discharge is ready to leave, etc. Please reach out to me should you have further questions.
Kindly,
Book time to meet with
 me
Dennis Ewing, MHA, MSN, RN-BC
Director of Nursing
Mobile:
(720) 334-0343
Phone:
(303) 381-8340 x6061
Fax:
(303) 381-8341
Dennis.Ewing@BanyanCenters.com
www.banyantreatmentcenters.com
1055 S. Perry Street
Castle Rock, CO 80104
The information contained in this transmission may contain privileged and confidential information, including patient information protected by federal and state privacy laws. It is intended only for the use of the person(s)
 named above. If you are not the intended recipient, you are hereby notified that any review, dissemination, distribution, or duplication of this communication is strictly prohibited. If you are not the intended recipient, please contact the sender by reply
 email and destroy all copies of the original message.
08/07/2025 16:15 : BHOPB\jscheringer : Technician : graciela and lorraine should be all set once they restart their phones
08/07/2025 16:02 : BHOPB\jscheringer : Technician : i will work on 2 phones now, but the medical director just needs to take the phone from the unused office and move it. this should leave you with an extra phone you can put in that office (swap, basically) or store in the IT closet.
the ""resource nurse"" , nursing has 4 phones already. is a resource nurse part of the nursing group, so we are giving them a 5th phone?
07/29/2025 15:34 : BHOPB\dennis.ewing : Non-Technician : Good Afternoon Ryan,
Thank you for forwarding the below email.
Jared,
Thank you for taking care of Colton's phone. I will check in with him. In regard to the medical director already having a phone assigned (ext. 6062), that is not the medical director's office. It may have been designated for the medical director at some point
 but it is now labeled as Case Manager on the outside of it and truthfully, it sets empty most of the time. The Medical Director uses office 148. That has a new phone in it that has never been used as do the others...
192.168.131.126
 - Lorraine Hedfi - Clinical Support
192.168.131.128 - Graciela Leal - Social Worker
192.168.131.127 - Medical Director
192.168.131.130 - Resource Nurse
Should you have any questions, please feel free to reach out to me.
Kindly,
Dennis Ewing, MHA, MSN, RN-BC
Director of Nursing
Mobile:
(720) 334-0343
Phone:
(303) 381-8340 x6061
Fax:
(303) 381-8341
Dennis.Ewing@BanyanCenters.com
www.banyantreatmentcenters.com
1055 S. Perry Street
Castle Rock, CO 80104
The information contained in this transmission may contain privileged and confidential information, including patient information protected by federal and state privacy laws. It is intended only for the use of the person(s)
 named above. If you are not the intended recipient, you are hereby notified that any review, dissemination, distribution, or duplication of this communication is strictly prohibited. If you are not the intended recipient, please contact the sender by reply
 email and destroy all copies of the original message.
07/29/2025 15:22 : bhopb\rvoyer : Technician : colton already has a (wrong) extension of 6005 that i was toing to change. i will change that phone to 6032. that phone for colton is
805E0C9A92D4
and that phone is what i see next to the computer he is using. the phone tied to 6032 (currently) will be assigned 6005
these other phones, do not appear to be configured, are they new?
07/28/2025 12:13 : BHOPB\jscheringer : Technician : also the medical director already has a phone - 24:9A:D8:8E:FC:57 - 192.168.131.121 x6062
07/25/2025 15:40 : BHOPB\jscheringer : Technician : colton already has a (wrong) extension of 6005 that i was toing to change. i will change that phone to 6032. that phone for colton is
805E0C9A92D4
and that phone is what i see next to the computer he is using. the phone tied to 6032 (currently) will be assigned 6005
these other phones, do not appear to be configured, are they new?
07/25/2025 15:31 : BHOPB\jscheringer : Technician : 192.168.131.126 - 80:5e:0c:9a:8d:b0
192.168.131.127 - 44:db:d2:62:46:aa
192.168.131.128 - 44:db:d2:62:3e:48
192.168.131.130 - 44:db:d2:62:48:bc
07/22/2025 14:10 : BHOPB\rmoll : Technician : The ticket has been assigned to technician: Jared Scheringer
07/22/2025 13:31 : BHOPB\dennis.ewing : Non-Technician : New ticket submitted via
Email"
133089,2025-07-21 12:01:40,cremes@banyancenters.com,BHOPB\jean.pierre,[Admissions] PMPCCLP01 - Cody Remes replacement,"Cody's laptop is incompatible with Windows 11. New company policy states that all computers that cannot upgrade need to be replaced. Once I get an address and a replacement, ill send a new laptop. Please place all documents not saved online, into MyDocuments and/or OneDrive folders.",In progress,Normal,2025-07-21 12:01:45,2025-08-26 17:30:00,"08/22/2025 16:55 : BHOPB\jean.pierre : Technician : Due date has been changed: 8/26/2025 5:30 PM
08/22/2025 16:52 : BHOPB\jean.pierre : Technician : Package found but damaged. Will mail a return box for shipment next week.
08/22/2025 16:52 : BHOPB\jean.pierre : Technician : The ticket has been re-opened
07/30/2025 09:56 : BHOPB\jean.pierre : Technician : Since package never arrived to Cody, we will circle back to getting him a replacement later when we are close to finishing the company wide Win11 upgrade. Closing ticket
07/25/2025 12:37 : BHOPB\jean.pierre : Technician : Status ➜ Shipped-Pending Delivery
07/25/2025 12:37 : BHOPB\jean.pierre : Technician : Cody is stating that the package never came. Ill wait a couple of days/ or a week for the next steps if the package doesn't show.
07/25/2025 12:37 : BHOPB\jean.pierre : Technician : Due date has been changed: 7/28/2025 5:30 PM
07/24/2025 16:22 : BHOPB\jean.pierre : Technician : Status ➜ Awaiting Customer Response
07/24/2025 13:59 : BHOPB\jean.pierre : Technician : The ticket has been re-opened
07/24/2025 12:07 : BHOPB\jean.pierre : Technician : 
07/21/2025 12:43 : BHOPB\jean.pierre : Technician : Status ➜ Shipped-Pending Delivery
07/21/2025 12:39 : BHOPB\jean.pierre : Technician : Due date has been changed: 7/23/2025 5:30 PM
07/21/2025 12:35 : BHOPB\jean.pierre : Technician : Laptop staged for FedEx pickup with return label and asset form inside. Please return old laptop in the same box using the return label. Also, when signing into new laptop, please use full address on first login for your username.
07/21/2025 12:30 : BHOPB\jean.pierre : Technician : 
07/21/2025 12:25 : BHOPB\jean.pierre : Technician : Custom fields - Edit Computer Name - PF23YGJK | 01788
07/21/2025 12:24 : BHOPB\jean.pierre : Technician : Thank you. If you don't already, I would create a Microsoft Edge and/or Google account using Banyan email on the browser. That way when you log into the browser on the new laptop, your bookmarks will sync.
07/21/2025 12:13 : cremes@banyancenters.com : Non-Technician : Mailing Address: 1618 S Federal Highway, Apt 2 Lake Worth Beach, FL 33460
07/21/2025 12:03 : BHOPB\jean.pierre : Technician : Adding his supervisor to keep informed.
07/21/2025 12:02 : BHOPB\jean.pierre : Technician : Status ➜ Awaiting Customer Response
07/21/2025 12:02 : BHOPB\jean.pierre : Technician : Edited the ticket
07/21/2025 12:01 : cremes@banyancenters.com : Non-Technician : New ticket submitted via
Popup form widget
()
Logged by jean.pierre"
133084,2025-07-21 11:21:49,BHOPB\tracy.lamb,BHOPB\rmoll,Fw: Monitor Request,"Please provide Angela a 3
rd
monitor for her desk ..thank you
Tracy Lamb
Vice President of Revenue Cycle Management
Phone:
(954) 533-7705
tracy.lamb@banyancenters.com
www.banyantreatmentcenters.com
225 N. Federal Highway
Pompano Beach FL 33062
The information contained in this transmission may contain privileged and confidential information, including patient information protected by federal and state privacy laws. It is intended only for the use of the person(s) named above. If you are not the intended
 recipient, you are hereby notified that any review, dissemination, distribution, or duplication of this communication is strictly prohibited. If you are not the intended recipient, please contact the sender by reply email and destroy all copies of the original
 message.
From:
Angela Katz <angela.katz@banyancenters.com>
Sent:
Monday, July 21, 2025 10:59 AM
To:
Tracy Lamb <tracy.lamb@banyancenters.com>
Subject:
Monitor Request
Good Morning Tracy ,
May I please request a possible 3
rd
monitor for my desk? IT advised that you need to request an order for one to match the current ones that are here. 🙂
Thank you!
Angela Katz
Director of Revenue Cycle Management
Mobile:
(954) 415-8781
fmashburn@banyancenters.com
www.banyantreatmentcenters.com
225 N Federal Highway
Pompano FL 33062
The information contained in this transmission may contain privileged and confidential information, including patient information protected by federal and state privacy laws. It is intended only for the use of the person(s) named above. If you are not the intended
 recipient, you are hereby notified that any review, dissemination, distribution, or duplication of this communication is strictly prohibited. If you are not the intended recipient, please contact the sender by reply email and destroy all copies of the original
 message.
Angela Katz
Director of Revenue Cycle Management
Phone:
(954) 533-7705
angela.katz@banyancenters.com
www.banyantreatmentcenters.com
225 N. Federal Highway
Pompano Beach FL 33062
The information contained in this transmission may contain privileged and confidential information, including patient information protected by federal and state privacy laws. It is intended only for the use of the person(s) named above. If you are not the intended
 recipient, you are hereby notified that any review, dissemination, distribution, or duplication of this communication is strictly prohibited. If you are not the intended recipient, please contact the sender by reply email and destroy all copies of the original
 message.",In progress,Normal,2025-07-21 11:26:53,2025-08-08 13:52:00,"08/21/2025 12:20 : angela.katz@banyancenters.com : Non-Technician : Thank you Rick! I appreciate your help
Get
Outlook for iOS
Angela Katz
Director of Revenue Cycle Management
Phone:
(954) 533-7705
angela.katz@banyancenters.com
www.banyantreatmentcenters.com
225 N. Federal Highway
Pompano Beach FL 33062
The information contained in this transmission may contain privileged and confidential information, including patient information protected by federal and state privacy laws. It is intended only for the use of the person(s) named above. If you are not the intended
 recipient, you are hereby notified that any review, dissemination, distribution, or duplication of this communication is strictly prohibited. If you are not the intended recipient, please contact the sender by reply email and destroy all copies of the original
 message.
08/20/2025 11:40 : BHOPB\rmoll : Technician : Hi Tracy and Angela,
I’m working on getting you a new computer that will support four monitors.
Regards,
Rick Moll
IT Department
(561) 465-1708
email - rmoll@banyancenters.com
08/05/2025 14:18 : angela.katz@banyancenters.com : Non-Technician : Thank you!
Angela Katz
Director of Revenue Cycle Management
Phone:
(954) 533-7705
angela.katz@banyancenters.com
www.banyantreatmentcenters.com
225 N. Federal Highway
Pompano Beach FL 33062
The information contained in this transmission may contain privileged and confidential information, including patient information protected by federal and state privacy laws. It is intended only for the use of the person(s) named above. If you are not the intended
 recipient, you are hereby notified that any review, dissemination, distribution, or duplication of this communication is strictly prohibited. If you are not the intended recipient, please contact the sender by reply email and destroy all copies of the original
 message.
08/05/2025 14:16 : bhopb\brittany.obrien : Technician : The ticket has been assigned to technician: Rick Moll
08/05/2025 14:16 : bhopb\brittany.obrien : Technician : Hi,
I am adding
@Rick
to this ticket, the monitor will arrive tomorrow.
Rick please install 3rd monitor for Angela 😊
Thank you,
Brittany
07/30/2025 13:53 : bhopb\brittany.obrien : Technician : Due date has been changed: 8/8/2025 1:52 PM
07/30/2025 13:11 : bhopb\brittany.obrien : Technician : Hi there,
Can you please provide the make and model of the current monitor therefore I can purchase the correct one?
Thank you,
Brittany
07/21/2025 11:27 : BHOPB\jean.pierre : Technician : The ticket has been assigned to technician: Brittany O'Brien
07/21/2025 11:26 : BHOPB\jean.pierre : Technician : Note: she is requesting a special monitor. Please take a pic of the serial and/or monitor for special order.
07/21/2025 11:21 : BHOPB\tracy.lamb : Non-Technician : New ticket submitted via
Email"
133080,2025-07-21 10:41:09,BHOPB\jason.durrance,BHOPB\cgillett,Signature Pad,"We need 2 signature pads on nursing computer.
Jason Durrance
Director of Operations
Phone:
(850) 677-0302 x3711
Fax:
(850) 677-0312
jason.durrance@banyancenters.com
www.banyantreatmentcenters.com
1830 Hickory Shores Rd
Gulf Breeze FL 32563
The information contained in this transmission may contain privileged and confidential information, including patient information protected by federal and state privacy laws. It is intended only for the use of the person(s) named above. If you are not the intended
 recipient, you are hereby notified that any review, dissemination, distribution, or duplication of this communication is strictly prohibited. If you are not the intended recipient, please contact the sender by reply email and destroy all copies of the original
 message.",New,Normal,,,"07/31/2025 14:10 : BHOPB\cgillett : Technician : The ticket has been assigned to technician: Charlie G
07/21/2025 11:12 : bhopb\cbowra : Technician : The ticket has been assigned to technician: Charlie G
07/21/2025 10:42 : bhopb\love.shah : Technician : The ticket has been assigned to technician: Cleon Bowra
07/21/2025 10:41 : BHOPB\jason.durrance : Non-Technician : New ticket submitted via
Email"
133029,2025-07-19 15:09:06,dmenendez@banyancenters.com,bhopb\kpunch,Credential/website bio update,"Good afternoon,
I passed my FNP exam today (I attached the pass report). Can we update my credentials where need be (like my signature on email and my credentials on teams, Kipu, etc.) I will have the license number for HR within a few days. Can we also update my Bio on the
 Banyan website? Abigail I cc'd you as you may tend to that now.  My name should read as Danielle Stevens, MSN. FNP-BC.
The bio update should be as follows:
Danielle Stevens, MSN, FNP-BC, is a proud Florida native, born and raised in Miami. She relocated to Martin County in 1997 and has since dedicated her life to serving individuals facing some of the most complex health challenges, particularly in the fields
 of mental health and substance use.
Danielle’s career in healthcare began as a Behavioral Health Technician (BHT) in an all-male mental health correctional facility. This role sparked her deep commitment to working with underserved populations, especially those struggling with dual diagnoses.
 Determined to make a greater impact, Danielle became a Licensed Practical Nurse and later an RN, gaining hands-on experience in detox and recovery settings.
She joined Banyan in Downtown Stuart as the Director of Nursing for Detox, where she built and led a multidisciplinary nursing team with backgrounds spanning emergency care and behavioral health. Her leadership helped shape a patient-centered and compassionate
 environment designed to support clients throughout every stage of recovery. She now serves as the National Director of Clinical Review, partnering with admissions and clinical teams to ensure that clients receive the timely, medically appropriate care they
 need.
Danielle has recently achieved a major milestone: earning her Master of Science in Nursing and passing her board certification as a Family Nurse Practitioner (FNP-BC). She remains deeply passionate about mental health, addiction medicine, and integrated care,
 with future plans to expand her scope to include functional medicine. Danielle brings not only clinical knowledge but also a deeply personal sense of purpose to every patient interaction, believing in second chances, compassionate care, and the healing power
 of human connection.
Thank you all for your help in advance!
Danielle
Danielle Stevens MSN, RN
National Director of Clinical Review
Phone:
(772) 200-4411 x302
Mobile:
(772) 634-6783
Fax:
(772) 324-6455
dmenendez@banyancenters.com
www.banyantreatmentcenters.com
201 SE Osceola St
Stuart FL 34994
The information contained in this transmission may contain privileged and confidential information, including patient information protected by federal and state privacy laws. It is intended only for the use of the person(s) named above. If you are not the intended
 recipient, you are hereby notified that any review, dissemination, distribution, or duplication of this communication is strictly prohibited. If you are not the intended recipient, please contact the sender by reply email and destroy all copies of the original
 message.",In progress,Normal,2025-07-19 15:18:06,,"08/19/2025 08:38 : dmenendez@banyancenters.com : Non-Technician : The ticket has been re-opened
08/19/2025 08:37 : dmenendez@banyancenters.com : Non-Technician : This was taken care of thank you Rick
Danielle Stevens MSN,FNP-BC
National Director of Clinical Review
Phone:
(772) 200-4411 x302
Mobile:
(772) 634-6783
Fax:
(772) 324-6455
dmenendez@banyancenters.com
www.banyantreatmentcenters.com
201 SE Osceola St
Stuart FL 34994
The information contained in this transmission may contain privileged and confidential information, including patient information protected by federal and state privacy laws. It is intended only for the use of the person(s) named above. If you are not the intended
 recipient, you are hereby notified that any review, dissemination, distribution, or duplication of this communication is strictly prohibited. If you are not the intended recipient, please contact the sender by reply email and destroy all copies of the original
 message.
On Aug 19, 2025, at 6:07 AM, Help Desk <helpdesk@banyancenters.com> wrote:
﻿
08/19/2025 06:07 : BHOPB\rmoll : Technician : Please get in touch directly with the marketing department; we do not have access.
Regards,
Rick Moll
IT Department
(561) 465-1708
email - rmoll@banyancenters.com
07/24/2025 09:59 : dmenendez@banyancenters.com : Non-Technician : Thank you very much I do see the changes on the Banyan website but not elsewhere so far. I appreciate everyone’s help. I hope you all have an amazing day!
Danielle Stevens MSN, RN
National Director of Clinical Review
Phone:
(772) 200-4411 x302
Mobile:
(772) 634-6783
Fax:
(772) 324-6455
dmenendez@banyancenters.com
www.banyantreatmentcenters.com
201 SE Osceola St
Stuart FL 34994
The information contained in this transmission may contain privileged and confidential information, including patient information protected by federal and state privacy laws. It is intended only for the use of the person(s) named above. If you are not the intended
 recipient, you are hereby notified that any review, dissemination, distribution, or duplication of this communication is strictly prohibited. If you are not the intended recipient, please contact the sender by reply email and destroy all copies of the original
 message.
On Jul 23, 2025, at 11:48 AM, Kaitlin Jones <kaitlin.jones@banyancenters.com> wrote:
﻿
This has been updated on the website 🙂
You might not see it right away as we have to clear the cache but once we do it will be forward facing
Sincerely,
Kaitlin Jones
Digital Marketing Specialist
Banyan Treatment Centers
07/23/2025 11:48 : kaitlin.jones@banyancenters.com : Non-Technician : This has been updated on the website 🙂
You might not see it right away as we have to clear the cache but once we do it will be forward facing
Sincerely,
Kaitlin Jones
Digital Marketing Specialist
Banyan Treatment Centers
07/23/2025 10:56 : dmenendez@banyancenters.com : Non-Technician : The FNP replaces the RN (its family nurse practitioner)
Danielle Stevens MSN, RN
National Director of Clinical Review
Phone:
(772) 200-4411 x302
Mobile:
(772) 634-6783
Fax:
(772) 324-6455
dmenendez@banyancenters.com
www.banyantreatmentcenters.com
201 SE Osceola St
Stuart FL 34994
The information contained in this transmission may contain privileged and confidential information, including patient information protected by federal and state privacy laws. It is intended only for the use of the person(s) named above. If you are not the intended
 recipient, you are hereby notified that any review, dissemination, distribution, or duplication of this communication is strictly prohibited. If you are not the intended recipient, please contact the sender by reply email and destroy all copies of the original
 message.
On Jul 23, 2025, at 10:53 AM, Abigail Dorfman <adorfman@banyancenters.com> wrote:
﻿
@Help Desk
can you please update Danielle's signature and profile to include her new credentials? Danielle Stevens, MSN, FNP-BC — Danielle do you still
 want RN in there as well?
@Marketing
is someone able to please update her bio on the website? See below
Thank you (:
07/23/2025 10:53 : bhopb\adorfman : Non-Technician : @Help Desk
can you please update Danielle's signature and profile to include her new credentials? Danielle Stevens, MSN, FNP-BC — Danielle do you still
 want RN in there as well?
@Marketing
is someone able to please update her bio on the website? See below
Thank you (:
07/23/2025 10:27 : dmenendez@banyancenters.com : Non-Technician : Any follow up here?
Danielle Stevens MSN, RN
National Director of Clinical Review
Phone:
(772) 200-4411 x302
Mobile:
(772) 634-6783
Fax:
(772) 324-6455
dmenendez@banyancenters.com
www.banyantreatmentcenters.com
201 SE Osceola St
Stuart FL 34994
The information contained in this transmission may contain privileged and confidential information, including patient information protected by federal and state privacy laws. It is intended only for the use of the person(s) named above. If you are not the intended
 recipient, you are hereby notified that any review, dissemination, distribution, or duplication of this communication is strictly prohibited. If you are not the intended recipient, please contact the sender by reply email and destroy all copies of the original
 message.
On Jul 19, 2025, at 3:08 PM, Danielle Stevens MSN, RN <dmenendez@banyancenters.com> wrote:
﻿
Good afternoon,
I passed my FNP exam today (I attached the pass report). Can we update my credentials where need be (like my signature on email and my credentials on teams, Kipu, etc.) I will have the license number for HR within a few days. Can we also update my Bio on the
 Banyan website? Abigail I cc'd you as you may tend to that now.  My name should read as Danielle Stevens, MSN. FNP-BC.
The bio update should be as follows:
Danielle Stevens, MSN, FNP-BC, is a proud Florida native, born and raised in Miami. She relocated to Martin County in 1997 and has since dedicated her life to serving individuals facing some of the most complex health challenges, particularly in the fields
 of mental health and substance use.
Danielle’s career in healthcare began as a Behavioral Health Technician (BHT) in an all-male mental health correctional facility. This role sparked her deep commitment to working with underserved populations, especially those struggling with dual diagnoses.
 Determined to make a greater impact, Danielle became a Licensed Practical Nurse and later an RN, gaining hands-on experience in detox and recovery settings.
She joined Banyan in Downtown Stuart as the Director of Nursing for Detox, where she built and led a multidisciplinary nursing team with backgrounds spanning emergency care and behavioral health. Her leadership helped shape a patient-centered and compassionate
 environment designed to support clients throughout every stage of recovery. She now serves as the National Director of Clinical Review, partnering with admissions and clinical teams to ensure that clients receive the timely, medically appropriate care they
 need.
Danielle has recently achieved a major milestone: earning her Master of Science in Nursing and passing her board certification as a Family Nurse Practitioner (FNP-BC). She remains deeply passionate about mental health, addiction medicine, and integrated care,
 with future plans to expand her scope to include functional medicine. Danielle brings not only clinical knowledge but also a deeply personal sense of purpose to every patient interaction, believing in second chances, compassionate care, and the healing power
 of human connection.
Thank you all for your help in advance!
Danielle
<ANCC PASS REPORT.pdf>
07/19/2025 15:09 : dmenendez@banyancenters.com : Non-Technician : New ticket submitted via
Email"
133026,2025-07-19 07:54:19,BHOPB\dmui,BHOPB\dmui,Verizon iPhone upgrades ; iPhone upgrade project,"Verizon iPhone upgrades
Don Mui
IT - Sr. Helpdesk Technician
Phone:
(561) 465-1703
dmui@banyancenters.com
www.banyantreatmentcenters.com
225 N. Federal Highway
Pompano Beach FL 33062
The information contained in this transmission may contain privileged and confidential information, including patient information protected by federal and state privacy laws. It is intended only for the use of the person(s) named above. If you are not the intended
 recipient, you are hereby notified that any review, dissemination, distribution, or duplication of this communication is strictly prohibited. If you are not the intended recipient, please contact the sender by reply email and destroy all copies of the original
 message.
On 7/2/2025 10:17:16 AM :
Creating ticket to keep track of upgrades shipped.
Don Mui
IT - Sr. Helpdesk Technician
Phone:
(561) 465-1703
dmui@banyancenters.com
www.banyantreatmentcenters.com
225 N. Federal Highway
Pompano Beach FL 33062
The information contained in this transmission may contain privileged and confidential information, including patient information protected by federal and state privacy laws. It is intended only for the use of the person(s) named above. If you are not the intended
 recipient, you are hereby notified that any review, dissemination, distribution, or duplication of this communication is strictly prohibited. If you are not the intended recipient, please contact the sender by reply email and destroy all copies of the original
 message.",In progress,Normal,2025-07-19 07:55:40,,"08/06/2025 17:24 : BHOPB\dmui : Technician : Brad Gerke
08/05/2025 10:58 : BHOPB\dmui : Technician : Kassie Glancy
08/02/2025 09:59 : BHOPB\dmui : Technician : 4 phones to Sebring
08/02/2025 08:16 : BHOPB\dmui : Technician : Nicole Tweedy asset 02540
07/31/2025 15:35 : BHOPB\dmui : Technician : Received Ashley Coles iPhone.
07/22/2025 08:15 : BHOPB\dmui : Technician : ticket was combined with ##131997
07/21/2025 07:59 : BHOPB\dmui : Technician : Shalonda Jones iPhone activated and waiting pickup in office.
Asset 02475. 954-480-7447
07/19/2025 08:44 : BHOPB\dmui : Technician : Ashley Cole - Asset 02452
954-778-6815
return label
07/19/2025 08:26 : BHOPB\dmui : Technician : Taylor Stewart - asset # 02461
954-803-6228
return label
07/19/2025 08:02 : BHOPB\dmui : Technician : Emily Eischeid - asset 02451
954-482-2610
Return label
07/19/2025 07:54 : BHOPB\dmui : Technician : New ticket submitted via
Email
07/16/2025 15:54 : bhopb\brittany.obrien : Technician : The ticket has been assigned to technician: Don Mui
07/02/2025 10:18 : BHOPB\dmui : Technician : Matthew Daly
assett 02515
07/02/2025 10:17 : BHOPB\dmui : Technician : The ticket has been assigned to technician: Brittany O'Brien
07/02/2025 10:17 : BHOPB\dmui : Technician : New ticket submitted via
Email"
132993,2025-07-18 12:02:24,BHOPB\carlos.rios,BHOPB\carlos.rios,[PROJECT] Banyan Tampa - Project Board,"TASK
SUB-TASK
Target Completion Date
Submit Request to Kipu
  Account Executive for Additional Site Within Master Instance
2024-06-11 - 2024-06-13
Configure new Kipu site for
  eRx
2024-06-25 - 2024-06-29
Configure new Kipu site for
  Labs
2024-06-25 - 2024-06-29
Generate 4 Test Patients
  within the instance
Enable Patient Processes,Enable LOCs,Enable Programs
2024-06-25 - 2024-06-27
Subitems
Name
Enable Patient Processes
Enable LOCs
Enable Programs
Prepare Forms/Templates for
  new site in Kipu
2024-07-01 - 2024-07-20
Subitems
Name
Mirror Seb/CBM evals
Mirror Sebring Consents
Create Client Rights Consent base on BHA Provider Rules
Create Group Session Templates
Add TCU Assessments
Duplicate Quick Order Templates
Validate Quick Orders for eRX
Create  Buildings and Rooms (Occupancy) Dashboard
2024-07-16 - 2024-07-27
Set up default pharmacy
2024-07-16 - 2024-07-31
Set up eRx Prescribers
2024-06-29 - 2024-07-13
Set up Lab ordering (Set up
  Providers for Labs)
2024-06-18 - 2024-07-09
Set up Scheduler
2024-06-13 - 2024-07-31
Build out Medications for new
  site in Kipu
Create Quick Orders,Create Protocols
Subitems
Name
Create Quick Orders
Create Protocols
Create Tags/Filters for new
  site in Kipu
2024-06-26 - 2024-07-20
Create Round Activities for
  new site in Kipu
2024-07-16 - 2024-07-31
Add Round Locations for new
  site in Kipu
2024-07-16 - 2024-07-31
Create Round Assignments for
  new site in Kipu
2024-07-16 - 2024-07-31
Launch Go Live Date
2024-08-12 - 2024-08-31
Post Go-Live Review and
  Maintenance
2024-08-12 - 2024-08-31",New,Normal,,2025-09-12 09:09:00,"08/05/2025 09:10 : BHOPB\carlos.rios : Technician : Due date has been changed: 9/12/2025 9:09 AM
07/18/2025 12:19 : BHOPB\rmoll : Technician : The ticket has been assigned to technician: Carlos Rios
07/18/2025 12:02 : BHOPB\carlos.rios : Technician : New ticket submitted via
Web app"
132987,2025-07-18 11:00:07,cvespucci@banyancenters.com,BHOPB\dmui,iPad Malfunction,"Hello,
this iPad is not working. It is requiring for us to set it up but then will not completed the process.
Can we get it serviced please?
Christina Vespucci
Director of Operations
Christina Vespucci, B.S
Director of Operations
Phone:
(954) 533-7705 x511
Fax:
(561) 409-4920
cvespucci@banyancenters.com
www.banyantreatmentcenters.com
1000 NW 15th St
Boca Raton FL 33486
The information contained in this transmission may contain privileged and confidential information, including patient information protected by federal and state privacy laws. It is intended only for the use of the person(s) named above. If you are not the intended
 recipient, you are hereby notified that any review, dissemination, distribution, or duplication of this communication is strictly prohibited. If you are not the intended recipient, please contact the sender by reply email and destroy all copies of the original
 message.",In progress,Normal,2025-07-21 09:34:40,,"07/21/2025 09:34 : BHOPB\dmui : Technician : Pierre will be by later today to pick up this iPad.
He will be bringing back two iPads previously submitted.
07/18/2025 11:15 : BHOPB\rmoll : Technician : The ticket has been assigned to technician: Don Mui
07/18/2025 11:00 : cvespucci@banyancenters.com : Non-Technician : New ticket submitted via
Email"
132930,2025-07-17 12:32:23,BHOPB\chivas.johnson,BHOPB\jscheringer,camera added,"please ignore the help ticket about changing locations on the intake camera
However I just added an additional camera into the new intake office that Mac address is: E4F14C436B60. This is a new camera for the intake office, there will be two cameras to cover the oversized office.
-
Bubba Johnson
Maintenance
Phone:
(303) 381-8340
Email:
chivas.johnson@banyancenters.com
1055 S. Perry St
Castle Rock, CO 80104
The information contained in this transmission may contain privileged and confidential information and is property of Banyan Treatment Centers, including patient information protected by federal and state privacy laws. It is intended only for the use of the
 person(s) named above. If you are not the intended recipient, you are hereby notified that any review, dissemination, distribution, or duplication of this communication is strictly prohibited. If you are not the intended recipient, please contact the sender
 by reply email and destroy all copies of the original message.",In progress,Normal,2025-07-17 22:27:50,,"07/25/2025 17:14 : BHOPB\jscheringer : Technician : apologies i do not see this camera online, can you confirm the switch and port it is in?
07/17/2025 22:27 : BHOPB\jscheringer : Technician : I will be able to look at this on monday
Jared Scheringer
IT - Sr. Network Administrator
Phone:
(561) 465-1700
jscheringer@banyancenters.com
custom1
www.banyantreatmentcenters.com
225 N. Federal Highway
Pompano Beach FL 33062
The information contained in this transmission may contain privileged and confidential information, including patient information protected by federal and state privacy laws. It is intended only for the use of the person(s) named above. If you are not the intended
 recipient, you are hereby notified that any review, dissemination, distribution, or duplication of this communication is strictly prohibited. If you are not the intended recipient, please contact the sender by reply email and destroy all copies of the original
 message.
From:
Help Desk
Sent:
Thursday, July 17, 2025 12:46 PM
To:
Jared Scheringer
Subject:
camera added The ticket has been assigned to technician: Jared Scheringer {132930}
07/17/2025 12:46 : BHOPB\rmoll : Technician : The ticket has been assigned to technician: Jared Scheringer
07/17/2025 12:32 : BHOPB\chivas.johnson : Non-Technician : New ticket submitted via
Email"
132685,2025-07-14 10:53:41,BHOPB\mark.blakeley,bhopb\cbowra,BCR ID badge printer,"We have an ID badge printer that has never worked. What do we need to do to get it fixed?
Mark Blakeley, MS, LAC, LPC, CSAT
Executive Clinical Director
Phone:
(303) 381-8340
mark.blakeley@banyancenters.com
www.banyantreatmentcenters.com
1055 S. Perry Street
Castle Rock CO 80104
The information contained in this transmission may contain privileged and confidential information, including patient information protected by federal and state privacy laws. It is intended only for the use of the person(s) named above. If you are not the intended
 recipient, you are hereby notified that any review, dissemination, distribution, or duplication of this communication is strictly prohibited. If you are not the intended recipient, please contact the sender by reply email and destroy all copies of the original
 message.",In progress,Normal,2025-07-14 11:29:32,2025-08-29 16:42:00,"08/14/2025 17:42 : bhopb\cbowra : Technician : Due date has been changed: 8/29/2025 4:42 PM
08/08/2025 10:37 : BHOPB\chivas.johnson : Non-Technician : ok thank you for the heads up
08/08/2025 10:09 : bhopb\cbowra : Technician : Computer for the badge printer shipped yesterday. This computer will be connected in the IT room using the power cord in the box and the blue network cable connected to a port in the switch to the computer. Please provide the switch IP number and port number its connected to on the switch.
07/30/2025 17:34 : BHOPB\mark.blakeley : Non-Technician : OK. That sounds really good. Thank you.
Mark Blakeley, MS, LAC, LPC, CSAT
Executive Clinical Director
Phone:
(303) 381-8340
mark.blakeley@banyancenters.com
www.banyantreatmentcenters.com
1055 S. Perry Street
Castle Rock CO 80104
The information contained in this transmission may contain privileged and confidential information, including patient information protected by federal and state privacy laws. It is intended only for the use of the person(s) named above. If you are not the intended
 recipient, you are hereby notified that any review, dissemination, distribution, or duplication of this communication is strictly prohibited. If you are not the intended recipient, please contact the sender by reply email and destroy all copies of the original
 message.
07/30/2025 17:33 : bhopb\cbowra : Technician : Thank you but we have other plans. We would like to send a desktop specifically for the Badge printer that will not be shared by other users. We will have remote access and connect in the IT closet to limit outside variables that may have caused the sluggish performance.
07/29/2025 17:01 : BHOPB\mark.blakeley : Non-Technician : I spoke with Bubba. The machine is plugged into the computer. CRKDK18
Do you guys need to do a test to see if it will print or anything?
Mark Blakeley, MS, LAC, LPC, CSAT
Executive Clinical Director
Phone:
(303) 381-8340
mark.blakeley@banyancenters.com
www.banyantreatmentcenters.com
1055 S. Perry Street
Castle Rock CO 80104
The information contained in this transmission may contain privileged and confidential information, including patient information protected by federal and state privacy laws. It is intended only for the use of the person(s) named above. If you are not the intended
 recipient, you are hereby notified that any review, dissemination, distribution, or duplication of this communication is strictly prohibited. If you are not the intended recipient, please contact the sender by reply email and destroy all copies of the original
 message.
07/28/2025 09:42 : BHOPB\chivas.johnson : Non-Technician : yes other staff due use this computer at that station I attached Lexi to this thread since her team uses this computer mainly.
07/27/2025 14:51 : bhopb\cbowra : Technician : Bubba,
Is the badge printer still on the 1st floor at the greeting station of the front door?
Can you provide the computer name for the station next to the badge printer.
Does anyone use the desktop station next to the badge printer for other purposes?
07/24/2025 17:19 : BHOPB\mark.blakeley : Non-Technician : Thank you. There is a desktop unit right next to where the printer would be if that helps.
Mark Blakeley, MS, LAC, LPC, CSAT
Executive Clinical Director
Phone:
(303) 381-8340
mark.blakeley@banyancenters.com
www.banyantreatmentcenters.com
1055 S. Perry Street
Castle Rock CO 80104
The information contained in this transmission may contain privileged and confidential information, including patient information protected by federal and state privacy laws. It is intended only for the use of the person(s) named above. If you are not the intended
 recipient, you are hereby notified that any review, dissemination, distribution, or duplication of this communication is strictly prohibited. If you are not the intended recipient, please contact the sender by reply email and destroy all copies of the original
 message.
07/24/2025 16:32 : bhopb\cbowra : Technician : Hey Mark,
We actually had your badge printer shipped here before and it always works fine here. The problem is it responds erratically in your environment using a remote process. We troubleshot the connection and network port there but no conclusion was determined. Our plans is to create the same dynamic we use in the IT office by connecting a desktop station directly to the badge printer making the desktop the remote source instead of the printer. We believe that would eliminate the sluggish performance we experience at the Colorado location. We apologize for the delay but the current focus has been the Windows 11 upgrade to replace all desktop units at our older locations before they expire.  We are expecting a shipment of new desktop for the Win11 project but I will pull one to setup for your badge printer. I will keep you updated once we ship it out.
07/24/2025 16:10 : BHOPB\mark.blakeley : Non-Technician : Can I ship the ID badge printer back to someone, and see about getting one that works?
Mark Blakeley, MS, LAC, LPC, CSAT
Executive Clinical Director
Phone:
(303) 381-8340
mark.blakeley@banyancenters.com
www.banyantreatmentcenters.com
1055 S. Perry Street
Castle Rock CO 80104
The information contained in this transmission may contain privileged and confidential information, including patient information protected by federal and state privacy laws. It is intended only for the use of the person(s) named above. If you are not the intended recipient, you are hereby notified that any review, dissemination, distribution, or duplication of this communication is strictly prohibited. If you are not the intended recipient, please contact the sender by reply email and destroy all copies of the original message.
07/24/2025 15:19 : bhopb\cbowra : Technician : Due date has been changed: 8/15/2025 4:42 PM
07/20/2025 16:33 : bhopb\cbowra : Technician : Due date has been changed: 7/25/2025 4:42 PM
07/16/2025 16:42 : bhopb\cbowra : Technician : Due date has been changed: 7/18/2025 4:42 PM
07/16/2025 12:21 : BHOPB\rmoll : Technician : The ticket has been assigned to technician: Cleon Bowra
07/15/2025 10:03 : bhopb\cbowra : Technician : The ticket has been assigned to technician: Rick Moll
07/14/2025 17:09 : bhopb\love.shah : Technician : The ticket has been assigned to technician: Cleon Bowra
07/14/2025 17:08 : BHOPB\mark.blakeley : Non-Technician : The ticket has been re-opened
07/14/2025 17:08 : BHOPB\mark.blakeley : Non-Technician : We don’t have any blank badges or anything at all for the printer. It literally just showed up here one day with nothing else.
Mark Blakeley, MS, LAC, LPC, CSAT
Executive Clinical Director
Phone:
(303) 381-8340
mark.blakeley@banyancenters.com
www.banyantreatmentcenters.com
1055 S. Perry Street
Castle Rock CO 80104
The information contained in this transmission may contain privileged and confidential information, including patient information protected by federal and state privacy laws. It is intended only for the use of the person(s) named above. If you are not the intended
 recipient, you are hereby notified that any review, dissemination, distribution, or duplication of this communication is strictly prohibited. If you are not the intended recipient, please contact the sender by reply email and destroy all copies of the original
 message.
07/14/2025 16:41 : bhopb\love.shah : Technician : @Rick Moll
:- IM FOLLOWING CLEON UPDATE :-
07/14/2025 16:27 : BHOPB\rmoll : Technician : @Love Shah
,Jared asked us to run a few tests with the printer. Could you please message Mark and see if you’re able to print a couple of badges?
Regards,
Rick Moll
IT Department
(561) 465-1708
email - rmoll@banyancenters.com
07/14/2025 16:26 : BHOPB\rmoll : Technician : The ticket has been assigned to technician: Love Shah
07/14/2025 11:29 : BHOPB\rmoll : Technician : The ticket has been assigned to technician: Rick Moll
07/14/2025 11:29 : BHOPB\rmoll : Technician : Good morning,
I am going to check with Jared and will get back to you.
Regards,
Rick Moll
IT Department
(561) 465-1708
email - rmoll@banyancenters.com
07/14/2025 11:28 : BHOPB\rmoll : Technician : The ticket has been assigned to technician: Jared Scheringer
07/14/2025 10:53 : BHOPB\mark.blakeley : Non-Technician : New ticket submitted via
Email"
132611,2025-07-12 14:05:41,ingrid.lisser@banyancenters.com,bhopb\kpunch,Desktop screens: starting blinking since yesterday,"Hello,
Was wondering if someone can assist my desktop screens started blinking yesterday, only the right one yesterday and now today both are blinking. It's very difficult to work with them blinking. If someone can assist. Thank you!
Ingrid
-
Ingrid Lisser
Clinical Supervisor
Phone:
(561) 465-1200 x3226
Email:
ingrid.lisser@banyancenters.com
106 Blossom Ln
Palm Beach Shores, FL 33404
The information contained in this transmission may contain privileged and confidential information and is property of Banyan Treatment Centers, including patient information protected by federal and state privacy laws. It is intended only for the use of the
 person(s) named above. If you are not the intended recipient, you are hereby notified that any review, dissemination, distribution, or duplication of this communication is strictly prohibited. If you are not the intended recipient, please contact the sender
 by reply email and destroy all copies of the original message.",In progress,Normal,2025-07-12 14:06:05,,"07/12/2025 14:05 : ingrid.lisser@banyancenters.com : Non-Technician : New ticket submitted via
Email"
132499,2025-07-10 14:42:13,lauren.antal@banyancenters.com,bhopb\kpunch,Cb PA badge,"Hello can you please print a badge for Eugene Bellino
Dietitian
thank you
Get
Outlook for iOS
-
Lauren Antal
Office Manager
Phone:
(570) 823-1171 x4014
Email:
lauren.antal@banyancenters.com
1100 E Northampton St
Laurel Run, PA 18706
The information contained in this transmission may contain privileged and confidential information and is property of Banyan Treatment Centers, including patient information protected by federal and state privacy laws. It is intended only for the use of the
 person(s) named above. If you are not the intended recipient, you are hereby notified that any review, dissemination, distribution, or duplication of this communication is strictly prohibited. If you are not the intended recipient, please contact the sender
 by reply email and destroy all copies of the original message.",In progress,Normal,2025-07-10 14:42:20,,"07/18/2025 08:33 : lauren.antal@banyancenters.com : Non-Technician : 
07/14/2025 11:31 : bhopb\cbowra : Technician : The ticket has been assigned to technician: Kieran Punch
07/10/2025 15:15 : bhopb\love.shah : Technician : The ticket has been assigned to technician: Cleon Bowra
07/10/2025 15:15 : bhopb\love.shah : Technician : badge has been refilled and also asked to restart the printer but still badge keep rejecting
07/10/2025 14:55 : bhopb\love.shah : Technician : is badge printer is working ?
07/10/2025 14:53 : lauren.antal@banyancenters.com : Non-Technician : Ballino******
Get
Outlook for iOS
07/10/2025 14:42 : lauren.antal@banyancenters.com : Non-Technician : New ticket submitted via
Email"
132487,2025-07-10 12:58:39,BHOPB\dmui,BHOPB\dmui,DON Debra Hall needing licenses Adobe to edit PDFs,"Creating ticket for Debra.
She is DON at TX and needs licensed Adobe to edit/fill PDFS.
Gave her license on the adobe site. Shown below.
Usually when user logs into their adobe account in the program, the program will prompt to ugrade the program to add the PRO tools but it did not in her case and when I tried under my account it did not either.
I am not sure if maybe an issue on the Adobe site where it is not checking licenses to push upgrade request.
Don Mui
IT - Sr. Helpdesk Technician
Phone:
(561) 465-1703
dmui@banyancenters.com
www.banyantreatmentcenters.com
225 N. Federal Highway
Pompano Beach FL 33062
The information contained in this transmission may contain privileged and confidential information, including patient information protected by federal and state privacy laws. It is intended only for the use of the person(s) named above. If you are not the intended
 recipient, you are hereby notified that any review, dissemination, distribution, or duplication of this communication is strictly prohibited. If you are not the intended recipient, please contact the sender by reply email and destroy all copies of the original
 message.",In progress,Normal,2025-07-10 13:00:48,,"07/11/2025 14:27 : BHOPB\dmui : Technician : Hi Debra, just following up if you were able to do everything you needed with the Adobe?
07/10/2025 13:04 : BHOPB\dmui : Technician : Hi Debra,
You have a license for Adobe but usually when you sign into the program it will see the license and prompt you/me to upgrade the program to Pro tools. But I wasnt able to get it to give me that message to upgrade.
It could be an issue on the Adobe end not pushing the message. It has happened before in my experience with Adobe.
I would recommend for now that you try to see if you can use the tool in the program to edit/fill a form and see if it works. If it doesn't then we'll have to see if later in day or tomorrow when opening Adobe it will prompt to upgrade to pro Tools.
laptop name: WDRLP17
Let me know if it works for you or not later.
07/10/2025 12:58 : BHOPB\dmui : Technician : New ticket submitted via
Email"
132404,2025-07-09 12:32:57,sara.linton@banyancenters.com,BHOPB\jscheringer,Re: Cisco AnyConnect Install,"Good morning,
Can someone assist me in installing Cisco AnyConnect on my computer? Thank you.
Instructions here:
https://www.myflfamilies.com/network/anyconnect-instructions.pdf
Best,
Sara Linton
Compliance and Quality Specialist
Phone:
(954) 533-7705 x131
Fax:
(954) 533-7717
sara.linton@banyancenters.com
www.banyantreatmentcenters.com
The information contained in this transmission may contain privileged and confidential information, including patient information protected by federal and state privacy laws. It is intended only for the use of the person(s) named above. If you are not the intended
 recipient, you are hereby notified that any review, dissemination, distribution, or duplication of this communication is strictly prohibited. If you are not the intended recipient, please contact the sender by reply email and destroy all copies of the original
 message.
From:
Sara Linton <sara.linton@banyancenters.com>
Sent:
Thursday, August 3, 2023 11:46 AM
To:
Help Desk <helpdesk@banyancenters.com>
Subject:
Cisco AnyConnect Install
Good morning; I need to have Cisco AnyConnect installed on my computer for DCF reporting. I believe it requires administrator approval for install. Can I get assistance on this?
Best,
Sara Linton
Compliance Specialist
Phone:
(954) 533-7705 x131
Fax:
(954) 533-7717
sara.linton@banyancenters.com
www.banyantreatmentcenters.com
• • •
The information contained in this transmission may contain privileged and confidential information, including patient information protected by federal and state privacy laws. It is intended only for the use of the person(s) named above. If you are not the intended
 recipient, you are hereby notified that any review, dissemination, distribution, or duplication of this communication is strictly prohibited. If you are not the intended recipient, please contact the sender by reply email and destroy all copies of the original
 message.",Awaiting Customer Response,Normal,2025-07-09 12:35:37,,"07/25/2025 16:43 : BHOPB\jscheringer : Technician : do you still need the cisco software installed?
07/10/2025 10:13 : bhopb\love.shah : Technician : The ticket has been assigned to technician: Jared Scheringer
07/10/2025 10:13 : bhopb\love.shah : Technician : @Jared Scheringer
:- could you look into it regarding vpn configure and installation
07/09/2025 16:58 : bhopb\love.shah : Technician : Status ➜ Awaiting Customer Response
07/09/2025 16:00 : bhopb\love.shah : Technician : The ticket has been assigned to technician: Jared Scheringer
07/09/2025 14:29 : BHOPB\ishwar.gujjarwar : Technician : The ticket has been assigned to technician: Love Shah
07/09/2025 12:35 : BHOPB\rmoll : Technician : @Ishwar Gujjarwar
, please call the user via Teams and assist with the request.
Regards,
Rick Moll
IT Department
(561) 465-1708
email - rmoll@banyancenters.com
07/09/2025 12:34 : BHOPB\rmoll : Technician : The ticket has been assigned to technician: Ishwar Gujjarwar
07/09/2025 12:32 : sara.linton@banyancenters.com : Non-Technician : New ticket submitted via
Email
Followup to ##93323 that cannot be reopened"
132159,2025-07-05 11:25:02,leah.mitchell1@icloud.com,bhopb\kpunch,Computer Will Not Start Up,"Good day,
This is an emergent situation. I tried to turn my computer on this morning to work and it would not move pass the Lenovo start up screen. I tried to hit “enter” to interrupt the start up, but nothing is working. It is frozen. Can you please send me a new computer
 ASAP. Below I have attached a picture of my screen. This is the screen I’ve been looking at for 30 minutes.
Sent from my iPhone",In progress,Normal,2025-07-05 12:16:48,,"07/07/2025 11:11 : leah.mitchell1@icloud.com : Non-Technician : Would it still be possible for someone to remote in and see if something is going on?
Sent from my iPhone
07/07/2025 10:28 : leah.mitchell1@icloud.com : Non-Technician : The banyan gods have shined down on me. The laptop is working again. Idk what the hell happened, but it’s working for now. Thank you.
Sent from my iPhone
07/05/2025 12:43 : leah.mitchell1@icloud.com : Non-Technician : Hi Kieran,
I followed all those steps minus the battery part before emailing out. The think pad I have has a sealed battery, so I was not able to open it. The screen was still frozen on the start up screen.
Sent from my iPhone
07/05/2025 12:16 : bhopb\kpunch : Technician : Hi, please try unplugging the charger, removing the battery if possible, and holding down the power button for 30 seconds while unplugged.
07/05/2025 11:25 : leah.mitchell1@icloud.com : Non-Technician : New ticket submitted via
Email"
131943,2025-07-01 13:58:31,BHOPB\tracy.lamb,BHOPB\rmoll,Request for camera above TV,"I need a camera like Sara Thompson uses in her office to conduct meetings and remote attendees can view those in the room.
Not urgent.  Thanks.
Tracy Lamb
Vice President of Revenue Cycle Management
Phone:
(954) 533-7705
tracy.lamb@banyancenters.com
www.banyantreatmentcenters.com
225 N. Federal Highway
Pompano Beach FL 33062
The information contained in this transmission may contain privileged and confidential information, including patient information protected by federal and state privacy laws. It is intended only for the use of the person(s) named above. If you are not the intended
 recipient, you are hereby notified that any review, dissemination, distribution, or duplication of this communication is strictly prohibited. If you are not the intended recipient, please contact the sender by reply email and destroy all copies of the original
 message.",In progress,Normal,2025-07-01 14:22:54,2025-07-18 16:21:00,"08/20/2025 08:34 : BHOPB\rmoll : Technician : Morning,
I’ll try my best to get this done next week. Running this cable through the wall and ceiling will be tough, and I’m not sure if it will work due to the cable length. Cables longer than 25 ft can fail with webcams. I ordered the cable and will test it on the computer before attempting the installation.
Regards,
Rick Moll
IT Department
(561) 465-1708
email - rmoll@banyancenters.com
08/19/2025 19:11 : BHOPB\tracy.lamb : Non-Technician : Hi. I’m following up on this request early July.
Regards,
Tracy Lamb
VP Revenue Cycle Management
Banyan Centers
M: 954-684-2550
Tracy Lamb
Vice President of Revenue Cycle Management
Phone:
(954) 533-7705
tracy.lamb@banyancenters.com
www.banyantreatmentcenters.com
225 N. Federal Highway
Pompano Beach FL 33062
The information contained in this transmission may contain privileged and confidential information, including patient information protected by federal and state privacy laws. It is intended only for the use of the person(s) named above. If you are not the intended
 recipient, you are hereby notified that any review, dissemination, distribution, or duplication of this communication is strictly prohibited. If you are not the intended recipient, please contact the sender by reply email and destroy all copies of the original
 message.
07/16/2025 16:21 : BHOPB\rmoll : Technician : Due date has been changed: 7/18/2025 4:21 PM
07/01/2025 13:58 : BHOPB\tracy.lamb : Non-Technician : New ticket submitted via
Email"
131940,2025-07-01 13:30:31,BHOPB\dmui,BHOPB\dmui,Jasmines laptop has crashed after what looks like an Window update/upgrade and can't get back online.,"Jasmine calling unable to log into laptop. Says laptop rebooted and doesnt pass the blue screen anymore.
But during creating this ticket she called back saying working now after using option to rollback to window 10 operating system.
This is an older laptop that needs to be replaced with a windows 11 compliant laptop so will create this ticket to send a replacement laptop. But wont need to be overnighted at this point.
521 huntley drive
Mckinney texas
75071
Don Mui
IT - Sr. Helpdesk Technician
Phone:
(561) 465-1703
dmui@banyancenters.com
www.banyantreatmentcenters.com
225 N. Federal Highway
Pompano Beach FL 33062
The information contained in this transmission may contain privileged and confidential information, including patient information protected by federal and state privacy laws. It is intended only for the use of the person(s) named above. If you are not the intended
 recipient, you are hereby notified that any review, dissemination, distribution, or duplication of this communication is strictly prohibited. If you are not the intended recipient, please contact the sender by reply email and destroy all copies of the original
 message.",In progress,Normal,2025-07-17 13:47:00,,"07/17/2025 13:47 : BHOPB\dmui : Technician : Let me look into this. I see the laptop is a T480 and it is older than the T14 we send out now but only a generation older and we still have T480 in the field and have been able to upgrade to 11. Also I am low in stock in laptops and dont have a available one right now but we go have on order.
What I would like to do is remote in myself when Jasmine is not using the laptop and try the myself but let me see what options I have.
07/17/2025 13:19 : bhopb\rvoyer : Technician : Jasmine called about this asking where we are with this.
@Don Mui
any updates?
07/01/2025 14:22 : BHOPB\rmoll : Technician : The ticket has been assigned to technician: Don Mui
07/01/2025 13:30 : BHOPB\dmui : Technician : New ticket submitted via
Email"
131601,2025-06-26 09:32:43,ibryan@banyancenters.com,bhopb\kpunch,IPads,"Hello,
Our system for rounds is not updating the checks in real time. The iPads are taking a good deal of time to process a check when completed. This issue is causing many of the rounds to be late. I don't know if this is a WiFi issue or a hardware issue. I do know
 that a few of our iPads are outdated.
Get
Outlook for iOS
Ira Bryan
Director of Operations
Phone:
(570) 823-1171
Fax:
(570) 825-8821
ibryan@banyancenters.com
www.banyantreatmentcenters.com
1100 E Northampton St
Laurel Run PA 18706
The information contained in this transmission may contain privileged and confidential information, including patient information protected by federal and state privacy laws. It is intended only for the use of the person(s) named above. If you are not the intended
 recipient, you are hereby notified that any review, dissemination, distribution, or duplication of this communication is strictly prohibited. If you are not the intended recipient, please contact the sender by reply email and destroy all copies of the original
 message.",In progress,Normal,2025-06-30 08:20:42,,"07/18/2025 13:41 : bhopb\kpunch : Technician : Yeah there's something weird going on with it, I just noticed that a few Banyan facilities are all reporting the same issue.
07/18/2025 12:35 : ibryan@banyancenters.com : Non-Technician : I do also believe there is issues with some iPads as staff will use their phones when the pads lag and it works fine.
07/18/2025 12:07 : bhopb\kpunch : Technician : Kipu has said this is an issue with their site; they don't have an ETA for a fix but think it will be by Monday.
06/30/2025 08:20 : BHOPB\rmoll : Technician : The ticket has been assigned to technician: Kieran Punch
06/30/2025 08:20 : BHOPB\rmoll : Technician : Our technician, Kieran, is currently at Palm Springs. I will ask him to contact you once he returns.
Regards,
Rick Moll
IT Department
(561) 465-1708
email - rmoll@banyancenters.com
06/26/2025 09:41 : BHOPB\rmoll : Technician : The ticket has been assigned to technician: Rick Moll
06/26/2025 09:41 : BHOPB\rmoll : Technician : The ticket has been assigned to technician: Kieran Punch
06/26/2025 09:32 : ibryan@banyancenters.com : Non-Technician : New ticket submitted via
Email"
131533,2025-06-25 09:11:43,robert.martin@banyancenters.com,bhopb\kpunch,Clearbrook pa room 122 tv no sound volume goes up but no sound from tv,"Get
Outlook for Android
-
Robert Martin
Transportation Specialist
Phone:
(570) 823-1171
Email:
robert.martin@banyancenters.com
1100 E Northampton St
Laurel Run, PA 18706
The information contained in this transmission may contain privileged and confidential information and is property of Banyan Treatment Centers, including patient information protected by federal and state privacy laws. It is intended only for the use of the
 person(s) named above. If you are not the intended recipient, you are hereby notified that any review, dissemination, distribution, or duplication of this communication is strictly prohibited. If you are not the intended recipient, please contact the sender
 by reply email and destroy all copies of the original message.",In progress,Normal,2025-06-25 09:12:04,,"06/25/2025 15:06 : bhopb\kpunch : Technician : It probably needs reactivating. Can you send me a picture of the numbers on the bottom so I can call in for it?
06/25/2025 11:17 : robert.martin@banyancenters.com : Non-Technician : The boxes we have are programed I tried a new one and it's giving a couple codes
Get
Outlook for Android
06/25/2025 10:29 : bhopb\kpunch : Technician : Thanks let me know if not I'll get another one.
06/25/2025 09:54 : robert.martin@banyancenters.com : Non-Technician : Yes we do I will try that if that doesn't work I will email you back
Get
Outlook for Android
06/25/2025 09:12 : bhopb\kpunch : Technician : Thanks Bob do you guys have any other cable boxes? If not I can get some more, this usually happens when the box is failing.
06/25/2025 09:11 : robert.martin@banyancenters.com : Non-Technician : New ticket submitted via
Email"
131465,2025-06-24 09:55:43,powerapps@banyancenters.com,BHOPB\dmui,Amy Lavin has submitted a ticket,"Name: Amy Lavin
Best Contact Number: 215-249-6226 x608
Facility/Department: Philadelphia/Clinical
Detailed description of the Issue: We currently have one BHT Staff Cell phone but are requesting a 2nd one so that there can be one at each property. The phone is used primarily for emergencies with patients, if patients go off property and have to get in contact
 with staff, and for staff to reach out to EC's in the event of a patient emergency. It would be really helpful to have one at each property rather than all the BHTs sharing one phone.
Responders' Email: alavin@banyancenters.com
-
Power Apps
Phone:
Email:
powerapps@banyancenters.com
,
The information contained in this transmission may contain privileged and confidential information and is property of Banyan Treatment Centers, including patient information protected by federal and state privacy laws. It is intended only for the use of the
 person(s) named above. If you are not the intended recipient, you are hereby notified that any review, dissemination, distribution, or duplication of this communication is strictly prohibited. If you are not the intended recipient, please contact the sender
 by reply email and destroy all copies of the original message.",In progress,Normal,2025-07-09 14:19:43,,"07/11/2025 14:54 : BHOPB\dmui : Technician : iPhone 16e - Asset# 02527
Telephone# 215-485-2364
Passcode 252525
Shipping FedEx Overnight. Should arrive Monday.
07/09/2025 14:30 : alavin@banyancenters.com : Non-Technician : Great, thank you!
07/09/2025 14:28 : BHOPB\dmui : Technician : Ok. Let me start the ball rolling on the area code change. Will update.
07/09/2025 14:24 : alavin@banyancenters.com : Non-Technician : Yes, this is for Philadelphia location. Our local area code is typically 215
07/09/2025 14:19 : BHOPB\dmui : Technician : Ok. I just got a shipment of iPhones. Let me set up for your location.
This is for the Philadelphia location in Langhorne?
Do you need a local area code number? (all our phones are sent to us with 954 area codes)
07/09/2025 11:43 : alavin@banyancenters.com : Non-Technician : Hello,
Just following up on these request to see if it can be accommodated.
Thank you
06/24/2025 10:29 : bhopb\rvoyer : Technician : The ticket has been assigned to technician: Don Mui
06/24/2025 09:55 : powerapps@banyancenters.com : Non-Technician : New ticket submitted via
Email"
131386,2025-06-23 10:01:43,BHOPB\chivas.johnson,BHOPB\jscheringer,Fw: Follow Up Email - Brandon Fisher - Frontier Business Products,"I will need someone from IT to help me with this to add onto our printers
From:
Brandon Fisher <BFisher@fbponline.com>
Sent:
Friday, June 20, 2025 2:27 PM
To:
Bubba Johnson <Chivas.johnson@banyancenters.com>
Subject:
Follow Up Email - Brandon Fisher - Frontier Business Products
Hey Bubba,
I hope you have had a great week! I wanted to get back to you regarding helping you out with setting up pin printing and seeing if we can service the 3 Epson printers.
Please see the attached word documents for instructions on how to set up pin printing on the device upstairs. Let me know if you have any questions.
Unfortunately, we can't service the Epson printers you have. We do have some devices that could be a good replacement. I'll get you a quote on on 3 new printers to replace them that will print
 in color, can and print on both sides. I'll give you a call next week and we can schedule a time for me to come do a proposal.
I look forward to hearing from you soon.
Thanks,
Brandon
Copiers |
Printers
| Security Systems |
Scanners
| Access Control |
Shredders
| I.T. Services |
Phones
| Headsets |
Interactive Whiteboards
Brandon Fisher
|
Business
 Development Representative
Frontier Business Products
c
719.252.0934
o
719.476.0208
www.fbponline.com
-
Bubba Johnson
Maintenance
Phone:
(303) 381-8340
Email:
chivas.johnson@banyancenters.com
1055 S. Perry St
Castle Rock, CO 80104
The information contained in this transmission may contain privileged and confidential information and is property of Banyan Treatment Centers, including patient information protected by federal and state privacy laws. It is intended only for the use of the
 person(s) named above. If you are not the intended recipient, you are hereby notified that any review, dissemination, distribution, or duplication of this communication is strictly prohibited. If you are not the intended recipient, please contact the sender
 by reply email and destroy all copies of the original message.",New,Normal,2025-06-23 10:30:16,,"07/10/2025 17:30 : bhopb\cbowra : Technician : The ticket has been assigned to technician: Jared Scheringer
07/01/2025 14:53 : BHOPB\chivas.johnson : Non-Technician : I replied to the email questions not sure if that helped or not
07/01/2025 14:52 : BHOPB\rmoll : Technician : Can we close this ticket?
Regards,
Rick Moll
IT Department
(561) 465-1708
email - rmoll@banyancenters.com
06/23/2025 14:50 : BHOPB\chivas.johnson : Non-Technician : question: 2
nd
floor printer same computers currently printing to them same as 1st floor printer
some computers are shared but most of them are in offices I hope this helps
If it becomes too much of an issue and we can't do it then (things happen) and they will have to change what they wanted to do.
06/23/2025 14:33 : BHOPB\jscheringer : Technician : unfortunately it's a bit more involved than the guides show
1) how many computers will be printing to (exactly how many printers will be in the open?)
2) how many employees use these computers? I assume some will be shared?
it may not yet be possible to implement this because of the way the computer sends print jobs and also has the printers installed on them, and the need to lock printing to a user code that could change depending on who uses the machine. please start with the above two questions
06/23/2025 12:10 : BHOPB\chivas.johnson : Non-Technician : We are relocating the printers to a common area and the pin code is for HIPPA to prevent staff/clients form seeing client personal information.
06/23/2025 11:44 : BHOPB\jscheringer : Technician : why are we restricting via pin codes?
06/23/2025 10:30 : BHOPB\rmoll : Technician : @Cleon Bowra
, please speak with Jared and see if he can work on the project
Regards,
Rick Moll
IT Department
(561) 465-1708
email - rmoll@banyancenters.com
06/23/2025 10:29 : BHOPB\rmoll : Technician : The ticket has been assigned to technician: Cleon Bowra
06/23/2025 10:01 : BHOPB\chivas.johnson : Non-Technician : New ticket submitted via
Email"
131192,2025-06-19 10:45:58,powerapps@banyancenters.com,bhopb\brittany.obrien,Sally Gay Juarez has submitted a ticket,"Name: Sally Gay Juarez
Best Contact Number: 951-497-0003
Facility/Department: Telehealth
Detailed description of the Issue: I do not currently have access to the following Telehealth Therapists' information in ActiveTrac please add: Angili Hamilton Da'Shenelle Harris Ingrid Lisser Jasmine Okai Talia Baldini Tracy Messias Alicia Lockett Lesley Adams-Williams
 Domenica Contes Jennifer Lister Thank you
Responders' Email: sjuarez@banyancenters.com
-
Power Apps
Phone:
Email:
powerapps@banyancenters.com
,
The information contained in this transmission may contain privileged and confidential information and is property of Banyan Treatment Centers, including patient information protected by federal and state privacy laws. It is intended only for the use of the
 person(s) named above. If you are not the intended recipient, you are hereby notified that any review, dissemination, distribution, or duplication of this communication is strictly prohibited. If you are not the intended recipient, please contact the sender
 by reply email and destroy all copies of the original message.",In progress,Normal,2025-06-19 11:13:43,2025-08-22 16:09:00,"08/14/2025 13:53 : sjuarez@banyancenters.com : Non-Technician : Thank you for the update.
08/14/2025 13:41 : bhopb\brittany.obrien : Technician : Due date has been changed: 8/22/2025 4:09 PM
08/14/2025 13:29 : bhopb\brittany.obrien : Technician : Hi there,
My apologies, I have been having some issues with ActivTrak installing.
Here is the update;
These one's have been added;
Tracy Messias
Alicia Lockett
Jennifer Lister
These users are not logged into Laptop so I am unable to add them, please let me know once they are back on and I will install;
Angili Hamilton
Da'Shenelle Harris
Ingrid Lisser
Domenica Conte
Catherine Gilbert
These one's I am trouble shooting with ActivTrak support;
Talia Baldini
Lesley Adams-Williams
Jasmine Okai (OWUSUAA)
08/14/2025 12:06 : BHOPB\rmoll : Technician : The ticket has been assigned to technician: Brittany O'Brien
08/14/2025 12:06 : BHOPB\rmoll : Technician : Hi Sally, sorry for the delay on your ticket.
@Brittany O'Brien
can you please update?
Regards,
Rick Moll
IT Department
(561) 465-1708
email - rmoll@banyancenters.com
07/17/2025 17:45 : sjuarez@banyancenters.com : Non-Technician : Thank you so much for your help with this.
Gay
07/16/2025 16:09 : BHOPB\rmoll : Technician : Due date has been changed: 7/18/2025 4:09 PM
07/16/2025 10:30 : sjuarez@banyancenters.com : Non-Technician : The ticket has been re-opened
07/16/2025 10:30 : sjuarez@banyancenters.com : Non-Technician : I still do not have access to my team. The only change made was that Morgan Grecheski, who is not on my team and no longer with Banyan was removed. Are you able to add the following?:
Angili Hamilton
Da'Shenelle Harris
Ingrid Lisser
Jasmine Okai
Talia Baldini
Tracy Messias
Alicia Lockett
Lesley Adams-Williams
Domenica Contes
Jennifer Lister
Catherine Gilbert
And Remove:
Adriene Fitzgerald (Drevitch)
07/14/2025 16:24 : BHOPB\rmoll : Technician : The ticket has been assigned to technician: Rick Moll
07/14/2025 16:20 : BHOPB\jorge.ortiz : Non-Technician : The ticket has been assigned to technician: Brittany O'Brien
06/19/2025 11:19 : sjuarez@banyancenters.com : Non-Technician : That is correct with the exception of the following that is currently on the list that we do not need:
Shalonda Jones
Morgan Grecheski
Adriene Fitzgerald (Drevitch)
Michele Moscatelli, the other Telehealth clinical supervisor, should have the same information.
Thank you
06/19/2025 11:13 : BHOPB\jorge.ortiz : Non-Technician : So to be clear,
You need all those people added to this group for visibility?
06/19/2025 11:00 : bhopb\love.shah : Technician : The ticket has been assigned to technician: Jorge Ortiz
06/19/2025 10:45 : powerapps@banyancenters.com : Non-Technician : New ticket submitted via
Email"
130970,2025-06-16 17:43:27,alexis.randolph@banyancenters.com,BHOPB\dmui,needing additional Iphones & ipads,"Hey!
I have a total of 4 transportation openings, 3 of which are filled and in the process of hiring the other one. A previous transporter, Alexander Colombo lost his and was not able to return it to us. 2 of 3 the phones I had in my care are assigned to Heather
 Stansfield & Jeremy McCree. Nour Bell is a new transporter that would have to receive a phone to use while at work and then i need to replace the one that Alexander had lost.
I am also needing 2 more ipads for the BHTs to use for rounding and charting in the building.
Thank you,
Book
 time to meet with me
-
Alexis Randolph
Director of Operations
Phone:
(303) 381-8340
Email:
alexis.randolph@banyancenters.com
1055 S Perry St
Castle Rock, CO 80104
The information contained in this transmission may contain privileged and confidential information and is property of Banyan Treatment Centers, including patient information protected by federal and state privacy laws. It is intended only for the use of the
 person(s) named above. If you are not the intended recipient, you are hereby notified that any review, dissemination, distribution, or duplication of this communication is strictly prohibited. If you are not the intended recipient, please contact the sender
 by reply email and destroy all copies of the original message.
On 8/1/2025 12:31:19 PM from BHOPB\mark.blakeley:
We need to have some additional cell phones for Castle Rock. We currently have one nurse phone, and need a second one since both floors are open. We currently have one phone for the BHT's, need another one so that there's one for each floor. Still needing two
 cell phones for our transporters.
Mark Blakeley, MS, LAC, LPC, CSAT
Executive Clinical Director
Phone:
(303) 381-8340
mark.blakeley@banyancenters.com
www.banyantreatmentcenters.com
1055 S. Perry Street
Castle Rock CO 80104
The information contained in this transmission may contain privileged and confidential information, including patient information protected by federal and state privacy laws. It is intended only for the use of the person(s) named above. If you are not the intended
 recipient, you are hereby notified that any review, dissemination, distribution, or duplication of this communication is strictly prohibited. If you are not the intended recipient, please contact the sender by reply email and destroy all copies of the original
 message.",In progress,Normal,2025-06-18 12:01:09,,"08/01/2025 16:02 : BHOPB\dmui : Technician : ticket was combined with ##133748
08/01/2025 16:01 : BHOPB\dmui : Technician : Duplicate ticket. Merging with ticket 130970. 4 iPhones shipped.
08/01/2025 15:15 : BHOPB\dmui : Technician : iPhones shipping FedEx Overnight
08/01/2025 15:11 : BHOPB\dmui : Technician : Passcode for all iPhones - 252525
iPhone 16e - Asset# 02570 - Tranportation 303-817-3475
iPhone 16e - Asset# 02571 - BHT 303-981-5550
iPhone 16e - Asset# 02584 - NURSING 303-912-4537
iPhone 16e - Asset# 02569 - Transportation 303-859-2562
08/01/2025 13:12 : BHOPB\mark.blakeley : Non-Technician : Thank you
Mark Blakeley, MS, LAC, LPC, CSAT
Executive Clinical Director
Phone:
(303) 381-8340
mark.blakeley@banyancenters.com
www.banyantreatmentcenters.com
1055 S. Perry Street
Castle Rock CO 80104
The information contained in this transmission may contain privileged and confidential information, including patient information protected by federal and state privacy laws. It is intended only for the use of the person(s) named above. If you are not the intended
 recipient, you are hereby notified that any review, dissemination, distribution, or duplication of this communication is strictly prohibited. If you are not the intended recipient, please contact the sender by reply email and destroy all copies of the original
 message.
08/01/2025 12:43 : BHOPB\dmui : Technician : Jeff has updated me that now need 4 iPhones... 1 nursing phone, 1 bht phone and 2 transportation phones.
Will work on those now and update.
08/01/2025 12:35 : BHOPB\rmoll : Technician : The ticket has been assigned to technician: Don Mui
08/01/2025 12:31 : BHOPB\mark.blakeley : Non-Technician : New ticket submitted via
Email
07/15/2025 11:57 : bhopb\rvoyer : Technician : Brittany, has that number been canceled?
06/23/2025 13:23 : bhopb\brittany.obrien : Technician : Sent in the request to AT&T to cancel - 954-675-1779.
06/23/2025 08:27 : BHOPB\dmui : Technician : Note: lost iPhone 11. Asset# 01502. AT&T# 954-675-1779. Ser#
FFYHW19RN72J
06/23/2025 08:23 : BHOPB\dmui : Technician : Adding Brittany to ticket.
Brittany looks like phone has been missing for few month and still Active AT&T line.
Please go ahead and submit request to AT&T to cancel line 954-675-1779
Pushing a lock on the iPhone to protect any data.
06/19/2025 14:37 : alexis.randolph@banyancenters.com : Non-Technician : i have 2 already, i need 3 additionally, that’s all.
the phone number for missing phone is 954-675-1779
Alexis Randolph
Director of Operations
Banyan Treatment Centers
1055 S Perry Street Castle Rock, CO 80104
06/19/2025 11:10 : BHOPB\dmui : Technician : Adding Mark,
I guess I wasnt made aware.
Can you get me the telephone number of  the iPhone lost?
And how many iPhones are you asking for now? 4 + 1 for the lost one = 5?
06/18/2025 17:09 : alexis.randolph@banyancenters.com : Non-Technician : I notified mark who said he notified those who needed to know...
Book time to meet with me
06/18/2025 12:08 : BHOPB\dmui : Technician : Also, all these devices are managed so that if you tell us your missing a phone we can check to see if we can get a GPS location on the phone. And re can remote lock the phones so Banyan data is secured.
06/18/2025 12:01 : BHOPB\dmui : Technician : First thing... Alexander's phone that was lost and not returned?
How long ago was that? And was it reported to IT?
What is the telephone number on that?
I want to make sure that it was reported so that we took steps to cancel the line and not paying service on a lost/stolen phone.
06/17/2025 06:47 : BHOPB\rmoll : Technician : The ticket has been assigned to technician: Don Mui
06/16/2025 17:43 : alexis.randolph@banyancenters.com : Non-Technician : New ticket submitted via
Email"
130951,2025-06-16 15:49:12,BHOPB\mauricio.contreras,BHOPB\dmui,3 hotspots,"Needing 3 hotspots for our facility. One for Nursing, DOO & myself. The ones we had were misplaced & one is no longer working. Thanks,
Mauricio
-
Mauricio Contreras
Facility Manager
Phone:
(830) 283-3003
Email:
mauricio.contreras@banyancenters.com
4168 Co Rd 444
Waelder, TX 78959
The information contained in this transmission may contain privileged and confidential information and is property of Banyan Treatment Centers, including patient information protected by federal and state privacy laws. It is intended only for the use of the
 person(s) named above. If you are not the intended recipient, you are hereby notified that any review, dissemination, distribution, or duplication of this communication is strictly prohibited. If you are not the intended recipient, please contact the sender
 by reply email and destroy all copies of the original message.",In progress,Normal,2025-06-16 16:35:14,,"07/01/2025 15:01 : bhopb\brittany.obrien : Technician : Third one was lost by a nurse so we are unable to locate that IMEI
06/17/2025 10:23 : BHOPB\rmoll : Technician : The ticket has been assigned to technician: Don Mui
06/17/2025 10:05 : BHOPB\rmoll : Technician : @Brittany O'Brien
, let's cehck with Jeff
Regards,
Rick Moll
IT Department
(561) 465-1708
email - rmoll@banyancenters.com
06/17/2025 10:05 : BHOPB\rmoll : Technician : The ticket has been assigned to technician: Brittany O'Brien
06/16/2025 17:04 : BHOPB\mauricio.contreras : Non-Technician : Also, at the beginning of the month BHT Mary V. was using the hotspot on her phone in order for the hairstylist to charge my divy card for client haircuts.  The pic I sent was the one they would usually use.
06/16/2025 16:44 : BHOPB\mauricio.contreras : Non-Technician : Get
Outlook for iOS
06/16/2025 16:42 : BHOPB\mauricio.contreras : Non-Technician : We didn't have any back in May when our internet was down for over 24 hours & I had to replace the port switch on C building. Nursing misplaced the one they had. I had to use hotspot on my phone for hours to troubleshoot with Jared & the one DOO had the battery
 expanded.
06/16/2025 16:35 : BHOPB\rmoll : Technician : Hi Mauricio,
These devices are typically reserved for emergency use—primarily during hurricane season—due to their high cost.
Please clarify the necessity, as we want to ensure appropriate resource allocation.
Regards,
Rick Moll
IT Department
(561) 465-1708
email - rmoll@banyancenters.com
06/16/2025 15:49 : BHOPB\mauricio.contreras : Non-Technician : New ticket submitted via
Email"
130511,2025-06-10 11:44:44,bhopb\afortin,bhopb\kpunch,Lunch Swipe at Heartland,"We finally are comfortable in the new kitchen cooking quantities to feed staff on site, however while reconciling the latest report with camera footage, I am seeing no recorded swipes for those using the cafeteria.
Needs to be fixed, should I keep a log in the mean time?
AF
-
Amy Fortin
Director of Operations
Phone:
(815) 707-2136 x5109
Email:
afortin@banyancenters.com
1237 E 1600 North Rd
Gilman, IL 60938
The information contained in this transmission may contain privileged and confidential information and is property of Banyan Treatment Centers, including patient information protected by federal and state privacy laws. It is intended only for the use of the
 person(s) named above. If you are not the intended recipient, you are hereby notified that any review, dissemination, distribution, or duplication of this communication is strictly prohibited. If you are not the intended recipient, please contact the sender
 by reply email and destroy all copies of the original message.",In progress,Normal,2025-06-10 12:13:46,,"07/17/2025 18:19 : bhopb\kpunch : Technician : Reader is online
07/17/2025 09:26 : bhopb\rvoyer : Technician : @Kieran Punch
not much more I can do on my end about this.
07/17/2025 09:25 : bhopb\rvoyer : Technician : The ticket has been assigned to technician: Kieran Punch
07/16/2025 09:21 : bhopb\rvoyer : Technician : Amy regarding the badge reader, I was told by kieran that there are wire nuts being used on the wiring for the badge reader, if possible, do the maintenance guys know how to re-crimp the connectors for the reader?
07/14/2025 15:14 : bhopb\rvoyer : Technician : Thank you Amy, we were able to get that camera back up and running. We will start working on the badge swiper to see what we can find.
07/11/2025 14:59 : bhopb\rvoyer : Technician : Deleted 'upd by cust' and / or 'upd for tech'
07/11/2025 12:49 : bhopb\afortin : Non-Technician : Get
Outlook for iOS
From:
Help Desk <helpdesk@banyancenters.com>
Sent:
Friday, July 11, 2025 8:32:07 AM
To:
Amy Fortin <afortin@banyancenters.com>
Subject:
[-BanyanCenters-] Lunch Swipe at Heartland Could you have them take a picture of the label that is on the side of the camera itself? {130511}
07/11/2025 12:32 : bhopb\afortin : Non-Technician : Get
Outlook for iOS
07/11/2025 12:22 : bhopb\afortin : Non-Technician : blob:https://teams.microsoft.com/21ab668f-8a59-45da-b884-ff343ff8a296
From:
Help Desk <helpdesk@banyancenters.com>
Sent:
Friday, July 11, 2025 8:32 AM
To:
Amy Fortin <afortin@banyancenters.com>
Subject:
[-BanyanCenters-] Lunch Swipe at Heartland Could you have them take a picture of the label that is on the side of the camera itself? {130511}
07/11/2025 09:32 : bhopb\rvoyer : Technician : Could you have them take a picture of the label that is on the side of the camera itself? And could you have them send a picture of where that camera is plugged into again?
07/09/2025 15:53 : bhopb\afortin : Non-Technician : It is in 39A
I am not on site and can’t check the cameras
Get
Outlook for iOS
07/09/2025 11:13 : bhopb\rvoyer : Technician : Could you have maintenance switch that cable to a port number lower than 48?
07/09/2025 11:12 : bhopb\afortin : Non-Technician : 51
Hope that helps?
07/09/2025 08:32 : bhopb\rvoyer : Technician : I only need to know which port the camera is plugged into currently.
07/08/2025 17:43 : bhopb\afortin : Non-Technician : If you need me to test all of the ports with maintenance, I’m gonna need another day. I’m in Lisle tomorrow.
Get
Outlook for iOS
07/08/2025 16:34 : bhopb\rvoyer : Technician : which port did you plug it into and on which switch?
07/08/2025 16:03 : bhopb\afortin : Non-Technician : It has been switched, still not registering in orchid
07/08/2025 15:40 : bhopb\rvoyer : Technician : Could either you or someone else move this cable to a different port on the switch if that is the cable that leads to that camera?
07/08/2025 09:03 : bhopb\rvoyer : Technician : Could either you or someone else move this cable to a different port on the switch if that is the cable that leads to that camera?
07/07/2025 16:50 : bhopb\rvoyer : Technician : Could either you or someone else move this cable to a different port on the switch if that is the cable that leads to that camera?
07/07/2025 15:25 : bhopb\rvoyer : Technician : Deleted 'upd by cust' and / or 'upd for tech'
07/07/2025 14:21 : bhopb\afortin : Non-Technician : 
07/07/2025 08:55 : bhopb\rvoyer : Technician : Could you or them send a picture of the camera at the network rack, if looks normal could you send a picture with the camera removed off the junction box since I'm guessing the wiring was damaged.
06/25/2025 16:28 : bhopb\rvoyer : Technician : Could you or them send a picture of the camera at the network rack, if looks normal could you send a picture with the camera removed off the junction box since I'm guessing the wiring was damaged.
06/25/2025 14:51 : bhopb\afortin : Non-Technician : 
06/25/2025 12:39 : bhopb\rvoyer : Technician : Ok thank you. Could we add them to this email thread so there isn't any miscommunication?
06/25/2025 12:35 : bhopb\afortin : Non-Technician : I will put it in their channel
Get
Outlook for iOS
06/25/2025 12:23 : bhopb\rvoyer : Technician : Amy we had a camera setup for the IT rooms but it looks like it is offline. Is there someone from maintenance who can get that camera reconnected?
06/24/2025 10:57 : bhopb\rvoyer : Technician : Hi Amy,
It looks like the badge reader for Heartland is currently offline. We will work on getting it back up and running.
06/24/2025 10:44 : bhopb\rvoyer : Technician : The ticket has been assigned to technician: Ryan Voyer
06/10/2025 11:44 : bhopb\afortin : Non-Technician : New ticket submitted via
Email"
130118,2025-06-04 11:03:03,BHOPB\amanda.usewicz,BHOPB\dmui,Ipad,"Hello,
I recently sent two of our Ipads back to you guys because they were locked out. I never received two back and now the ones that I am using are saying they are locked out now too.
-
Amanda Usewicz
Director of Operations
Phone:
(215) 249-6226 x611
Email:
amanda.usewicz@banyancenters.com
100 N Bucks Town Dr Suite 100E
Langhorne, PA 19047
The information contained in this transmission may contain privileged and confidential information and is property of Banyan Treatment Centers, including patient information protected by federal and state privacy laws. It is intended only for the use of the
 person(s) named above. If you are not the intended recipient, you are hereby notified that any review, dissemination, distribution, or duplication of this communication is strictly prohibited. If you are not the intended recipient, please contact the sender
 by reply email and destroy all copies of the original message.",In progress,Normal,2025-06-05 09:25:01,,"07/07/2025 14:34 : BHOPB\dmui : Technician : Amanda, I just emailed you a FedEx return label you can print and use on box to ship back that iPad.
I couldnt reach that iPad from here so need to you ship back and I will try to fix and ship back to you.
07/07/2025 09:32 : BHOPB\amanda.usewicz : Non-Technician : Get
Outlook for iOS
07/07/2025 07:56 : BHOPB\dmui : Technician : That's our helpdesk telephone number.
When the iPad is on and you look at the lock screen, no serial number displayed or asset id as shown in pic? Otherwise if you can remove the case and look at the back of the iPad we have a banyan sticker with the asset number.
07/04/2025 09:45 : BHOPB\amanda.usewicz : Non-Technician : The number on the back says 561-465-1700
07/03/2025 08:48 : BHOPB\dmui : Technician : Hi Amanda, I never got a reply to my last response...
You said  you have one more iPad that is locked out?
Can I get the serial number and Asset number so I can try from my end?
06/25/2025 10:41 : BHOPB\dmui : Technician : Can you give me the asset # or serial number? If not I will need you to ship back like the other two to force unlock/reset.
Let me know if you will need a shipping label to return
06/25/2025 10:39 : BHOPB\amanda.usewicz : Non-Technician : Hello,
Yes, I have one more Ipad that is locked out
06/25/2025 10:37 : BHOPB\dmui : Technician : Hi. Following up on this ticket. Notes show I sent back the two iPads but you mentioned you had more that you couldnt get into but I didnt get any reply... do you have any more iPads you can't get into? If not just checking before I close this ticket.
06/06/2025 11:36 : BHOPB\dmui : Technician : You should be getting your two iPads today.
I just wanted to check you said you had more iPads that are locked or can't get into? If you can give me an asset or serial number I can see if I can control those iPads remotely to fix. Otherwise I will need you to ship them like you did the others.
I didn't see any record why your iPads were put into locked/lost mode.
06/05/2025 12:45 : BHOPB\dmui : Technician : Shipping both iPads back FedEx overnight
06/05/2025 09:27 : BHOPB\dmui : Technician : You have other ones that are locked out too? Saying Lost Mode? Do you have the asset number from the sticker in back to give me so I can look?
06/05/2025 09:25 : BHOPB\dmui : Technician : Sorry for delay. I have the two ipads you sent unlocked and ready to ship back today.
What are these iPads used for? Do they need to be restricted for kipu only or used for other purposes?
06/04/2025 11:15 : BHOPB\rmoll : Technician : The ticket has been assigned to technician: Don Mui
06/04/2025 11:03 : BHOPB\amanda.usewicz : Non-Technician : New ticket submitted via
Email"
129971,2025-06-02 11:37:05,ntweedy@banyancenters.com,bhopb\brittany.obrien,Replacement Laptop,"Nicole is having issues with laptop.
I cannot remote in since its been years since the laptop was on and SimpleHelp is no longer working.
Whenever Nicole logs in to it, an error pops up that makes the whole desktop unusable and gives a black screen. Even after restart, this happens.
We'll have to replace it.
Address:
1666 Brackenville Rd
Hockessin, DE 19707",Awaiting Customer Response,Normal,2025-06-02 11:52:35,2025-08-27 13:55:00,"08/22/2025 16:59 : bhopb\brittany.obrien : Technician : Due date has been changed: 8/27/2025 1:55 PM
08/22/2025 16:59 : bhopb\brittany.obrien : Technician : Hi Nicole,
Reaching out again for an update, when do you think you'll be able to take the laptop to Fedex to return?
08/12/2025 15:16 : bhopb\brittany.obrien : Technician : Due date has been changed: 8/18/2025 1:55 PM
08/12/2025 15:16 : bhopb\brittany.obrien : Technician : Hi Nicole,
Hope you are feeling all better. I just wanted to float this to the top of your inbox, please send back your old laptop as soon as you can. This ticket has been opened since June and we need to have it resolved.
If I can assist in anyway please let me know.
Thank you,
Brittany 😊
08/05/2025 14:38 : bhopb\brittany.obrien : Technician : Of course! Sorry to hear you are sick, hope you feel better soon!! 😊
08/05/2025 13:57 : ntweedy@banyancenters.com : Non-Technician : Hey
Yes I’ve been sick with Covid so I’ll plan to send it at end of week if that’s ok?
Thanks
Nicole
Get
Outlook for iOS
08/05/2025 13:55 : bhopb\brittany.obrien : Technician : Due date has been changed: 8/11/2025 1:55 PM
08/05/2025 13:54 : bhopb\brittany.obrien : Technician : Hi Nicole,
Just wanted to float this to the top of your inbox. Are you able to send it back this week?
07/15/2025 17:06 : bhopb\brittany.obrien : Technician : Of course!
Here it is;
07/15/2025 16:52 : ntweedy@banyancenters.com : Non-Technician : Yes do you have a return label you can send me?
Thanks
Nicole Tweedy
Get
Outlook for iOS
07/15/2025 16:50 : bhopb\brittany.obrien : Technician : Hi Nicole,
Can you please send send back the old laptop as soon as possible, if you have any questions or issues with the return please reach out.
Thank you,
Brittany 😊
07/09/2025 09:46 : BHOPB\jean.pierre : Technician : Status ➜ Awaiting Customer Response
07/09/2025 09:46 : BHOPB\jean.pierre : Technician : 
06/17/2025 17:01 : bhopb\brittany.obrien : Technician : Hi Nicole,
Can we please have the old laptop sent back as soon as you can with the prepaid label that was provided. If you need any assistance please don't hesitate to ask!!
Thank you,
Brittany 😊
06/05/2025 11:33 : BHOPB\jean.pierre : Technician : The ticket has been assigned to technician: Brittany O'Brien
06/05/2025 11:33 : BHOPB\jean.pierre : Technician : Laptop staged for FedEx pickup; reassigning ticket for tracking.
06/05/2025 09:30 : BHOPB\jean.pierre : Technician : Status ➜ Shipped-Pending Delivery
06/05/2025 09:30 : BHOPB\jean.pierre : Technician : 
06/05/2025 09:23 : BHOPB\jean.pierre : Technician : Custom fields - Edit Computer Name - PF2N0ZWH | 01983
06/02/2025 12:37 : BHOPB\jean.pierre : Technician : Status ➜ Scheduled
06/02/2025 12:37 : BHOPB\jean.pierre : Technician : We are currently out of laptops; I will update the ticket with a shipping label when I have one prepared.
06/02/2025 11:37 : ntweedy@banyancenters.com : Non-Technician : New ticket submitted via
Phone
Logged by Jorge Ortiz"
129823,2025-05-30 09:42:57,ibryan@banyancenters.com,BHOPB\dmui,iPads,"Hello,
The iPads we use for conducting rounds have become outdated and are lagging. Is there any chance we could get (6) new ones?
Ira Bryan
Director of Operations
Phone:
(570) 823-1171
Fax:
(570) 825-8821
ibryan@banyancenters.com
www.banyantreatmentcenters.com
1100 E Northampton St
Laurel Run PA 18706
The information contained in this transmission may contain privileged and confidential information, including patient information protected by federal and state privacy laws. It is intended only for the use of the person(s) named above. If you are not the intended
 recipient, you are hereby notified that any review, dissemination, distribution, or duplication of this communication is strictly prohibited. If you are not the intended recipient, please contact the sender by reply email and destroy all copies of the original
 message.",In progress,Normal,2025-07-15 11:37:44,,"07/16/2025 09:41 : ibryan@banyancenters.com : Non-Technician : 10 BHT pads and 2 for case management.
07/16/2025 09:30 : BHOPB\dmui : Technician : How many iPads do you currently have for rounds?
07/16/2025 08:57 : ibryan@banyancenters.com : Non-Technician : They are ""8th generation"" and we have them set to automatically update.
07/16/2025 08:48 : BHOPB\dmui : Technician : Adding Brittany to this discussion. I think there is an iPad project but not sure if it is an upgrade project. Also adding Kieran to ticket if he has info on the iPads in question.
What models are the ipads in question?
You can go to Settings > General > About and it will tell you if they are 6th Gen, 9th Gen or whatever.
Also in General, has anyone gone to software update and ran updates to make sure they are at the lastest version?
07/15/2025 12:42 : ibryan@banyancenters.com : Non-Technician : No, I haven't. Are the coming in my name?
07/15/2025 11:37 : bhopb\rvoyer : Technician : Hi Ira,
Did you ever receive new ipads?
05/30/2025 11:01 : BHOPB\rmoll : Technician : The ticket has been assigned to technician: Don Mui
05/30/2025 09:42 : ibryan@banyancenters.com : Non-Technician : New ticket submitted via
Email"
129624,2025-05-27 17:36:51,emily.campbell@banyancenters.com,BHOPB\jscheringer,printer issues,"We got a new printer and cannot scan things to ourselves
-
Emily Campbell
Behavioral Health Technician
Phone:
(760) 616-5800
Email:
emily.campbell@banyancenters.com
67580 Jones Rd
Cathedral City, CA 92234
The information contained in this transmission may contain privileged and confidential information and is property of Banyan Treatment Centers, including patient information protected by federal and state privacy laws. It is intended only for the use of the
 person(s) named above. If you are not the intended recipient, you are hereby notified that any review, dissemination, distribution, or duplication of this communication is strictly prohibited. If you are not the intended recipient, please contact the sender
 by reply email and destroy all copies of the original message.",In progress,Normal,2025-05-27 18:08:30,,"07/28/2025 17:32 : BHOPB\jscheringer : Technician : has this issue been resolved?
06/25/2025 13:17 : emily.campbell@banyancenters.com : Non-Technician : Good morning,
No the scanner is still not working, every time we've attempted to try it since monday when you go to use the scanner it just says 'please wait' and spins around in a circle.
06/23/2025 13:09 : emily.campbell@banyancenters.com : Non-Technician : You cant do anything on the printer it just says 'please wait' and is spinning in a circle.
06/23/2025 12:38 : BHOPB\jscheringer : Technician : please test now, thanks
06/17/2025 18:50 : emily.campbell@banyancenters.com : Non-Technician : Hello,
Is there any update on when we can get the scanner working?
06/11/2025 12:30 : emily.campbell@banyancenters.com : Non-Technician : Okay thank you!
06/11/2025 12:24 : BHOPB\rmoll : Technician : @Jared Scheringer
, please work on the settings.
@emiliy, Jared will back on Monday, he is on vacation
Regards,
Rick Moll
IT Department
(561) 465-1708
email - rmoll@banyancenters.com
06/11/2025 12:23 : BHOPB\rmoll : Technician : The ticket has been assigned to technician: Jared Scheringer
06/11/2025 12:08 : emily.campbell@banyancenters.com : Non-Technician : Let me know if you need anything else. Our scanner still does not work
Thank you
06/10/2025 16:10 : emily.campbell@banyancenters.com : Non-Technician : The ticket has been re-opened
06/10/2025 16:10 : emily.campbell@banyancenters.com : Non-Technician : The scanner still isn't working but I got the IP v 4- 192.168.15.252 !
Thank you!
06/06/2025 15:55 : BHOPB\rmoll : Technician : Please reopen the ticket after getting the info
Regards,
Rick Moll
IT Department
(561) 465-1708
email - rmoll@banyancenters.com
06/03/2025 12:53 : emily.campbell@banyancenters.com : Non-Technician : Okay let me ask
06/03/2025 11:27 : BHOPB\rmoll : Technician : Please ask Bryan to get the info
Regards,
Rick Moll
IT Department
(561) 465-1708
email - rmoll@banyancenters.com
06/02/2025 11:42 : emily.campbell@banyancenters.com : Non-Technician : Printer: PSP_DinahShore
Model: Bizhub C259
For the IP you're going to have to tell me where I can find that information, please.
Thank you
06/02/2025 11:39 : emily.campbell@banyancenters.com : Non-Technician : Let me check.
06/02/2025 10:36 : BHOPB\rmoll : Technician : Any updates?
Regards,
Rick Moll
IT Department
(561) 465-1708
email - rmoll@banyancenters.com
05/29/2025 13:21 : emily.campbell@banyancenters.com : Non-Technician : I’m off today so I forwarded to Marc Stern to answer
05/29/2025 12:38 : BHOPB\rmoll : Technician : Hi, any updates?
Regards,
Rick Moll
IT Department
(561) 465-1708
email - rmoll@banyancenters.com
05/27/2025 18:08 : BHOPB\rmoll : Technician : Hi, we need the model number and IP. Also, what was the name of the printer when you looked on your computer?
Regards,
Rick Moll
IT Department
(561) 465-1708
email - rmoll@banyancenters.com
05/27/2025 17:36 : emily.campbell@banyancenters.com : Non-Technician : New ticket submitted via
Email"
129546,2025-05-26 15:54:11,lsantiago@banyancenters.com,bhopb\kpunch,Help ticket,"Computer in Medical Providers office is not working.
-
Linda Santiago
Director of Nursing
Phone:
(760) 616-5800 x842
Email:
lsantiago@banyancenters.com
67580 Jones Rd
Cathedral City, CA 92234
The information contained in this transmission may contain privileged and confidential information and is property of Banyan Treatment Centers, including patient information protected by federal and state privacy laws. It is intended only for the use of the
 person(s) named above. If you are not the intended recipient, you are hereby notified that any review, dissemination, distribution, or duplication of this communication is strictly prohibited. If you are not the intended recipient, please contact the sender
 by reply email and destroy all copies of the original message.",In progress,Normal,2025-05-26 17:58:27,,"07/08/2025 15:45 : bhopb\rvoyer : Technician : @Kieran Punch
I am assigning this to you since you are already at palm springs.
07/08/2025 15:45 : bhopb\rvoyer : Technician : The ticket has been assigned to technician: Kieran Punch
07/08/2025 11:24 : BHOPB\jean.pierre : Technician : The ticket has been assigned to technician: Ryan Voyer
07/08/2025 11:24 : BHOPB\jean.pierre : Technician : Workstation created packed with extra RAM. Staging ticket for pickup.
07/08/2025 11:18 : BHOPB\jean.pierre : Technician : Custom fields - Edit Computer Name - PSPDK06
07/07/2025 15:01 : bhopb\rvoyer : Technician : @jean.pierre
if possible, could you guys send a replacement computer for PSPNRSDK04 to palm springs? And could we get and extra 8gb stick of ram sent there for PSPDK34?
07/07/2025 15:00 : bhopb\rvoyer : Technician : The ticket has been assigned to technician: jean.pierre
07/07/2025 15:00 : bhopb\rvoyer : Technician : The most likely reason PSPDK34 is lagging is because it only has 8gb of memory. The modern standard for computers is 16gb. I'll see if we can also get an extra memory stick sent over there.
07/07/2025 14:59 : bhopb\rvoyer : Technician : The ticket has been assigned to technician: Ryan Voyer
07/07/2025 14:59 : lsantiago@banyancenters.com : Non-Technician : Thank you.
07/07/2025 14:58 : lsantiago@banyancenters.com : Non-Technician : PSPDK34 is the one in the Provider’s office.
The complaints included, slow processing, “lagging”, some staff could not log in to certain Apps and they were able to do so on other computers.
07/07/2025 14:58 : bhopb\rvoyer : Technician : The ticket has been assigned to technician: jean.pierre
07/07/2025 14:58 : bhopb\rvoyer : Technician : If it's PSPNRSDK04, then that computer needs to be replaced since it's a very old model. I'll see if we can get a replacement sent out for that computer.
07/07/2025 14:54 : bhopb\rvoyer : Technician : She is currently logged into 2 desktops, which one is the right one? And what exactly was the issue they were having again?
07/07/2025 14:34 : lsantiago@banyancenters.com : Non-Technician : Christina Penalber
07/07/2025 14:32 : bhopb\rvoyer : Technician : Who is currently logged into that computer now?
07/07/2025 14:30 : lsantiago@banyancenters.com : Non-Technician : There’s no sticker on this computer.
The last time someone tried to help, a nurse needed to log in and the tech was able to look to see which computer she was logged into.
07/07/2025 14:15 : bhopb\rvoyer : Technician : Could you find out what the name of the computer is? Should have a sticker on it that says PSPDK
07/07/2025 08:46 : bhopb\rvoyer : Technician : Could you find out what the name of the computer is? Should have a sticker on it that says PSPDK
06/27/2025 12:24 : bhopb\rvoyer : Technician : Could you find out what the name of the computer is? Should have a sticker on it that says PSPDK
06/27/2025 12:23 : lsantiago@banyancenters.com : Non-Technician : I’m being told the computer runs slow and has a lag at times.
06/27/2025 11:49 : bhopb\rvoyer : Technician : What are the problems that they experience?
06/26/2025 12:56 : bhopb\rvoyer : Technician : What are the problems that they experience?
06/26/2025 12:37 : lsantiago@banyancenters.com : Non-Technician : It is functioning now, but there are times when staff has problems.
06/26/2025 08:50 : bhopb\rvoyer : Technician : Linda,
Is the computer in the medical providers office still having issues?
06/25/2025 08:28 : bhopb\rvoyer : Technician : Linda,
Is the computer in the medical providers office still having issues?
06/24/2025 11:25 : bhopb\rvoyer : Technician : Linda,
Is the computer in the medical providers office still having issues?
06/24/2025 10:42 : bhopb\rvoyer : Technician : The ticket has been assigned to technician: Ryan Voyer
06/24/2025 10:42 : bhopb\rvoyer : Technician : The ticket has been assigned to technician: Love Shah
05/26/2025 17:58 : bhopb\kpunch : Technician : Hi, what is the computer name? There should be a label on it starting with PSP
05/26/2025 15:54 : lsantiago@banyancenters.com : Non-Technician : New ticket submitted via
Email"
129409,2025-05-22 16:56:12,mlangdon@banyancenters.com,BHOPB\jscheringer,Fw: NOT DELIVERED:  Test Fax,"Can you tell me what this error is? We are unable to get faxes through to the Alaska VA.
From:
Fax Outbound <faxoutbound@banyancenters.com>
Sent:
Thursday, May 22, 2025 4:54 PM
To:
Mark Langdon <mlangdon@banyancenters.com>
Subject:
NOT DELIVERED: Test Fax
Fax Delivery Unsuccessful
Fax Status Details for transmission to 9073752146
Error
404 Not found
Error Number
28420
Submit Time
5/22/2025 4:52:33 PM
Start Time
5/22/2025 4:54:11 PM
Receiver CSID
Pages Transferred
0 of 1
Total Seconds
0
Retries
3
Retryable Fax Error
The fax you recently sent through NET SatisFAXtion connected to a fax device but did not go through because of a communication error. Please verify the fax number before re-transmitting.
© FaxBack Inc. All rights reserved.
-
Fax Outbound
Phone:
Email:
faxoutbound@banyancenters.com
,
The information contained in this transmission may contain privileged and confidential information and is property of Banyan Treatment Centers, including patient information protected by federal and state privacy laws. It is intended only for the use of the
 person(s) named above. If you are not the intended recipient, you are hereby notified that any review, dissemination, distribution, or duplication of this communication is strictly prohibited. If you are not the intended recipient, please contact the sender
 by reply email and destroy all copies of the original message.",In progress,Normal,2025-05-23 16:21:13,,"07/28/2025 11:49 : BHOPB\jscheringer : Technician : sent a followup to the vendor today
07/07/2025 15:47 : BHOPB\jscheringer : Technician : another followup email was sent to the vendor
07/01/2025 19:37 : mlangdon@banyancenters.com : Non-Technician : The ticket has been re-opened
07/01/2025 19:37 : mlangdon@banyancenters.com : Non-Technician : Why are you closing the ticket if you haven't received a response from the vendor? Please follow up with the vendor so that you can trouble shoot.
Thanks
Mark
07/01/2025 12:05 : BHOPB\rmoll : Technician : Hello, how are you?
We wanted to follow up regarding your recent support request.
As we haven’t received a response in some time, we will be closing this ticket for now.
If you still need assistance or if the issue persists, please don’t hesitate to reply to this message or open a new ticket—we’ll be happy to help.
Thank you, and have a great day!
Regards,
Rick Moll
IT Department
(561) 465-1708
email - rmoll@banyancenters.com
06/02/2025 16:08 : BHOPB\jscheringer : Technician : there are not yet any updates
05/23/2025 16:21 : BHOPB\jscheringer : Technician : we have submitted this to our vendor for review
05/23/2025 06:49 : BHOPB\rmoll : Technician : The ticket has been assigned to technician: Jared Scheringer
05/22/2025 16:56 : mlangdon@banyancenters.com : Non-Technician : New ticket submitted via
Email"
128498,2025-05-09 12:58:51,BHOPB\kassandra.melendez,bhopb\brittany.obrien,Term System Access,"Hello,
Please terminate system access for Admissions employee, Kristy Seeley, effective immediately.
Thank you,
Kassandra Melendez
Human Resources Coordinator
Phone:
(954) 533-7705 x165
kassandra.melendez@banyancenters.com
www.banyantreatmentcenters.com
225 N Federal Hwy
Pompano Beach FL 33062
The information contained in this transmission may contain privileged and confidential information, including patient information protected by federal and state privacy laws. It is intended only for the use of the person(s) named above. If you are not the intended recipient, you are hereby notified that any review, dissemination, distribution, or duplication of this communication is strictly prohibited. If you are not the intended recipient, please contact the sender by reply email and destroy all copies of the original message.",Awaiting Customer Response,Critical,2025-05-09 13:44:31,2025-08-25 12:43:00,"08/22/2025 17:00 : bhopb\brittany.obrien : Technician : Due date has been changed: 8/25/2025 12:43 PM
08/22/2025 17:00 : bhopb\brittany.obrien : Technician : Hi there,
Just wanted to float this to the top of your inbox, wondering if you had heard back?
08/12/2025 15:08 : bhopb\brittany.obrien : Technician : Due date has been changed: 8/18/2025 12:43 PM
08/12/2025 15:08 : bhopb\brittany.obrien : Technician : Hii Jonelle,
Did you happen to hear back from her?
07/30/2025 13:46 : bhopb\brittany.obrien : Technician : Thank you so much!
07/30/2025 12:52 : jbrennan@banyancenters.com : Non-Technician : Sure I can ask her
Best Regards,
Jonelle Brennan
National Director of Admissions
Banyan Treatment Center
Office: 954-533-7705 ext 926
Admissions: (844) 285-0221
Fax: (954) 533-7717
Corporate Address:
950 N Federal Highway
Pompano Beach, FL 33062
jbrennan@banyancenters.com
Philadelphia, PA | Laurel Run, PA | Boston, MA | Chicago, IL | Stuart, FL | Boca Raton, FL | Pompano Beach, FL | Lake Worth, FL | Palm Beach Shores, FL
1575082595827
The information contained in this transmission may contain privileged and confidential information, including patient information protected by federal and state privacy laws. It is intended only for the use of the person(s) named above. If you are not the intended
 recipient, you are hereby notified that any review, dissemination, distribution, or duplication of this communication is strictly prohibited. If you are not the intended recipient, please contact the sender by reply email and destroy all copies of the original
 message
07/30/2025 12:46 : bhopb\brittany.obrien : Technician : Due date has been changed: 8/8/2025 12:43 PM
07/30/2025 12:46 : bhopb\brittany.obrien : Technician : Hi Jonelle,
In one last attempt to retrieve her equipment, can you please reach out to Kristy to return her equipment.
Thank you,
Brittany 😊
07/16/2025 09:38 : BHOPB\jean.pierre : Technician : .
07/16/2025 09:10 : jbrennan@banyancenters.com : Non-Technician : Get
Outlook for iOS
07/15/2025 16:31 : bhopb\brittany.obrien : Technician : Hi there,
Can we please have some assistance with this one, she has 2 laptops to be returned.
07/09/2025 09:42 : BHOPB\jean.pierre : Technician : Status ➜ Awaiting Customer Response
06/17/2025 16:52 : bhopb\brittany.obrien : Technician : Hi,
Can we please have an update on this? We have not received the equipment back.
Thank you,
Brittany
06/02/2025 15:52 : bhopb\brittany.obrien : Technician : Hi Kassandra,
Can you please confirm if you provided the label to Kristy, I do not see movement on the shipping label.
Thank you,
Brittany 😊
05/13/2025 10:34 : BHOPB\dmui : Technician : Return label email sent to Jonelle
05/13/2025 10:19 : BHOPB\dmui : Technician : Ticket #128272... I just shipped her a replacement laptop just last week. So she will have two of our laptops in possession. As well as a monitor we ordered for her.
Jonelle I will email you a return label in case you are able to convince her to ship back all the hardware you can forward the label to her to print and put on shipping box.
05/13/2025 10:07 : jbrennan@banyancenters.com : Non-Technician : I can ask Nick to reach out. It just depends on the circumstances. We have had several occasions where the employee is irate and lashing out through text and in those cases, we advise our staff not to communicate with the employee. I know Kristy was upset texting
 some of the managers. I will see if Nick feels comfortable reaching out.
Best Regards,
Jonelle Brennan
National Director of Admissions
Banyan Treatment Center
Office: 954-533-7705 ext 926
Admissions: (844) 285-0221
Fax: (954) 533-7717
Corporate Address:
950 N Federal Highway
Pompano Beach, FL 33062
jbrennan@banyancenters.com
Philadelphia, PA | Laurel Run, PA | Boston, MA | Chicago, IL | Stuart, FL | Boca Raton, FL | Pompano Beach, FL | Lake Worth, FL | Palm Beach Shores, FL
1575082595827
The information contained in this transmission may contain privileged and confidential information, including patient information protected by federal and state privacy laws. It is intended only for the use of the person(s) named above. If you are not the intended
 recipient, you are hereby notified that any review, dissemination, distribution, or duplication of this communication is strictly prohibited. If you are not the intended recipient, please contact the sender by reply email and destroy all copies of the original
 message
05/13/2025 10:04 : BHOPB\dmui : Technician : Assigning ticket to Brittany and adding Jonelle on this because we get these tickets from HR at times but isn't it the task of the department sup of that they work for to make attempts to recover hardware before IT? I mean other departments like Busiess Development and Telehealth will usually retrieve any hardware assigned to users and have it sent back to IT.
Otherwise if Brittany can assist please.
05/13/2025 10:01 : BHOPB\dmui : Technician : The ticket has been assigned to technician: Brittany O'Brien
05/09/2025 16:00 : bhopb\love.shah : Technician : The ticket has been assigned to technician: Don Mui
05/09/2025 16:00 : bhopb\love.shah : Technician : @Don Mui
:- can you take care of this :-
05/09/2025 15:59 : bhopb\love.shah : Technician : As requested,
Kristy Seeley
has been disabled on all systems.
05/09/2025 13:04 : bhopb\rvoyer : Technician : The ticket has been assigned to technician: Love Shah
05/09/2025 12:58 : BHOPB\kassandra.melendez : Non-Technician : New ticket submitted via
Email"
127958,2025-04-30 09:58:51,bhopb\afortin,BHOPB\jscheringer,printer name change,"IP address 192.168.10.253
Konica Minolta
Can we change name to ""Lisle Front Desk Printer""
It currently is ""NPR_Kitchen Printer"" i believe
-
Amy Fortin
Director of Operations
Phone:
(815) 707-2136 x5109
Email:
afortin@banyancenters.com
1237 E 1600 North Rd
Gilman, IL 60938
The information contained in this transmission may contain privileged and confidential information and is property of Banyan Treatment Centers, including patient information protected by federal and state privacy laws. It is intended only for the use of the
 person(s) named above. If you are not the intended recipient, you are hereby notified that any review, dissemination, distribution, or duplication of this communication is strictly prohibited. If you are not the intended recipient, please contact the sender
 by reply email and destroy all copies of the original message.",In progress,Normal,2025-05-12 16:44:22,,"05/12/2025 19:53 : bhopb\afortin : Non-Technician : Next time I am there I will. So you are asking me for all of the computers that do not recognize that copier by the name below?
Get
Outlook for iOS
05/12/2025 17:19 : BHOPB\jscheringer : Technician : ok because months ago it was renamed to LSL_Reception (standards for naming conventions) this will be the name going forward but it should have been renamed already on the computers. can you get me a list of the computer names that are wrong? they hopefully all have those white stickers on them
05/12/2025 16:56 : bhopb\afortin : Non-Technician : no
05/12/2025 16:44 : BHOPB\jscheringer : Technician : has the printer moved from the reception area?
04/30/2025 10:02 : bhopb\rvoyer : Technician : The ticket has been assigned to technician: Jared Scheringer
04/30/2025 09:58 : bhopb\afortin : Non-Technician : New ticket submitted via
Email"
127907,2025-04-29 12:18:22,BHOPB\mauricio.contreras,BHOPB\jscheringer,Fw: No Signal,"No signal on iPad that are connected to WIFI /banyan rounds.
From:
Lillian Hunt <lillian.hunt@banyancenters.com>
Sent:
Tuesday, April 29, 2025 10:52 AM
To:
Mauricio Contreras <mauricio.contreras@banyancenters.com>
Subject:
No Signal
Goodmorning attached is the layout of our facility and the circles are were we have no signal for rounding purposes with BanyanG or Starlink Banyan Rounds
to the right of the picture is our laundry room pond and the back few rooms on D Building. To the middle of the picture are the men's housing units and to the left of the picture maintenance shop and indoor gym
-
Lillian Hunt
Director of Operations
Phone:
(830) 283-3003
Email:
lillian.hunt@banyancenters.com
4168 Co Rd 444
Waelder, TX 78959
The information contained in this transmission may contain privileged and confidential information and is property of Banyan Treatment Centers, including patient information protected by federal and state privacy laws. It is intended only for the use of the
 person(s) named above. If you are not the intended recipient, you are hereby notified that any review, dissemination, distribution, or duplication of this communication is strictly prohibited. If you are not the intended recipient, please contact the sender
 by reply email and destroy all copies of the original message.",In progress,Normal,2025-04-29 14:39:38,,"06/02/2025 18:27 : BHOPB\mauricio.contreras : Non-Technician : Nothing yet since I installed the one on B building in closet above door.
Get
Outlook for iOS
06/02/2025 15:13 : BHOPB\jscheringer : Technician : apologies, did you receive additional access points yet?
05/12/2025 16:51 : BHOPB\jscheringer : Technician : please let me know when you receive the access point so we can discuss the best place to position it, might require you to run a cable back to the switch in that building B
05/06/2025 20:49 : BHOPB\jscheringer : Technician : Once the c building is online I can inspect what we have in the b building
05/06/2025 10:08 : BHOPB\mauricio.contreras : Non-Technician : The ticket has been re-opened
05/06/2025 10:08 : BHOPB\mauricio.contreras : Non-Technician : Can we add an access point to B building?
Get
Outlook for iOS
05/06/2025 08:45 : BHOPB\rmoll : Technician : This is fixed now
Regards,
Rick Moll
IT Department
(561) 465-1708
email - rmoll@banyancenters.com
05/02/2025 13:54 : BHOPB\mauricio.contreras : Non-Technician : Spoke to soon wifi connection lost
Get
Outlook for iOS
05/02/2025 13:51 : BHOPB\mauricio.contreras : Non-Technician : Full bar WiFi connected to Banyan at the gazebo/ pavilion/ client laundry room
Get
Outlook for iOS
05/01/2025 16:27 : BHOPB\jscheringer : Technician : there is no apparent configuration trouble for the gazebo, we will need to test when someone is out that way
05/01/2025 16:13 : BHOPB\jscheringer : Technician : The gym and maintenance shop to the left are awaiting testing, they should be good as of today. the gazebo to the far right has had an access point since day 1, so i will inspect it now (though coverage outside of the building is not expected to be great, it was only ever needed inside)..i am assuming the highlighted area to the right is indicative of the building being a concern and not the wooded area outside?
04/29/2025 17:30 : BHOPB\jscheringer : Technician : Okay so this will be an expansion project, we will pass it along for review
Jared Scheringer
IT - Sr. Network Administrator
Phone:
(561) 465-1700
jscheringer@banyancenters.com
custom1
www.banyantreatmentcenters.com
225 N. Federal Highway
Pompano Beach FL 33062
The information contained in this transmission may contain privileged and confidential information, including patient information protected by federal and state privacy laws. It is intended only for the use of the person(s) named above. If you are not the intended
 recipient, you are hereby notified that any review, dissemination, distribution, or duplication of this communication is strictly prohibited. If you are not the intended recipient, please contact the sender by reply email and destroy all copies of the original
 message.
From:
Help Desk
Sent:
Tuesday, April 29, 2025 2:59 PM
To:
Jared Scheringer
Subject:
Fw: No Signal Never had signal in these... {127907}
04/29/2025 14:59 : BHOPB\lillian.hunt : Non-Technician : Never had signal in these areas
04/29/2025 14:58 : BHOPB\mauricio.contreras : Non-Technician : Please read below & answer at your earliest convenience. Thank you,
Mauricio
04/29/2025 14:39 : BHOPB\jscheringer : Technician : had their previously been signal or had it always not worked?
04/29/2025 13:31 : BHOPB\rmoll : Technician : The ticket has been assigned to technician: Jared Scheringer
04/29/2025 13:11 : bhopb\rvoyer : Technician : Deleted 'upd by cust' and / or 'upd for tech'
04/29/2025 12:21 : BHOPB\mauricio.contreras : Non-Technician : 
04/29/2025 12:18 : BHOPB\mauricio.contreras : Non-Technician : New ticket submitted via
Email"
127687,2025-04-24 16:29:51,BHOPB\chivas.johnson,BHOPB\jscheringer,Cameras installed March/24,"hello IT team I have some cameras installed on the first floor
Clinical Support Room 129    MAC:E4F14C436BDB
Medical Provider Room 126   MAC:E4F14C436D6D
1
st
Flr Client Storage Hallway   MAC:E4F14C436B93
1
st
Flr Front of Nurse Station   MAC:E4F14C436C00
I will have more either next week or finish the rest next month depending on availability
-
Chivas Johnson
Maintenance
Phone:
(303) 381-8340
Email:
chivas.johnson@banyancenters.com
1055 S. Perry St
Castle Rock, CO 80104
The information contained in this transmission may contain privileged and confidential information and is property of Banyan Treatment Centers, including patient information protected by federal and state privacy laws. It is intended only for the use of the
 person(s) named above. If you are not the intended recipient, you are hereby notified that any review, dissemination, distribution, or duplication of this communication is strictly prohibited. If you are not the intended recipient, please contact the sender
 by reply email and destroy all copies of the original message.",In progress,Normal,2025-05-23 16:32:09,,"06/23/2025 12:53 : BHOPB\jscheringer : Technician : I have submit for the 5 licenses needed to round out the project here in its current form (pending toning and finding some cameras). this will bring us to 88 licenses. Any future camera additions will need licenses and cameras approved, thanks!
05/29/2025 13:48 : BHOPB\chivas.johnson : Non-Technician : camera in box MAC:E4F14C436B60 (NOT USED YET)
2F CLINICAL SUPPORT I removed the camera by unplugging it but will be reusing it for the exterior of that same room, that room is being changed to Maintenance Office
that Mac address is :E4F14C436B59
05/29/2025 08:49 : BHOPB\chivas.johnson : Non-Technician : sorry Please give me call I am not 100% sure on the answer when i can speak with someone to confirm what we have done and what is left.
Thanks,
Bubba
05/28/2025 15:55 : BHOPB\jscheringer : Technician : please advise if you agree these will be the last 5 licenses ordered to complete the camera project
05/28/2025 12:50 : BHOPB\jscheringer : Technician : ok we will resolve 1f Clinical support as 1 of the 3 cameras to tone out when you can. please provide the mac address of
a) the camera new in box
b) the camera from 2F Clinical Support
i can keep track of them for licensing that way, but looks like those 2 plus 2f laundry room makes 3 plus Room 126 and Room 244 makes 5 total new license we will need. 1F Clinical though offline, is using a license so won't need one
05/27/2025 13:10 : BHOPB\chivas.johnson : Non-Technician : I have 1 camera not installed yet and still in the box and 1 camera removed from an office room (clinical support 2nd floor). That camera will either do into the large group room, dishwasher area, or another office space.
I do have a camera that was in a clinical support room on the 2nd floor that is currently disconnected because that office is now a storage room so we will be moving that camera into the case manager office at some point. With that being said in the end after
 that move I will have 1 camera still in the box waiting for the location to install it.
I know some staff would like one in their office to protect them just in case.
05/27/2025 13:06 : BHOPB\chivas.johnson : Non-Technician : for the group room C the name of the room was changed to Clinical Support
the camera that is offline I believe was could had been moved or disconnected and reconnected later due to at one time the ED didn't want the camera in the meeting room so we moved it and later that meeting room is now a group room. I hope that helps, it still
 shows up as offline I don't know why.
The switch port tracking will be a little while since I have a lot of work to do before my vacation next week.
05/27/2025 11:54 : BHOPB\jscheringer : Technician : also regarding licensing, have you mounted all of the intended cameras as listed here? we need an accurate count to get approval for any further licenses beyond the 83 you are using (this 83 does not count the previously mentioned 4 offline cameras and 1 online but not yet recording\licensed)
05/27/2025 11:49 : BHOPB\jscheringer : Technician : the majority of the cameras were added with the following
exceptions
:
1F - Clinical Support  MAC:E4F14C436D0B - this is previously listed as 1F Group Room C,
was it moved?
Medical Provider Room 126   MAC:E4F14C436D6D
Bio Bed Room #244    MAC:E4F14C436B6A
Please test runs to switches and let me know which switches and ports they are in
Of the cameras added only 1 is not recording - 2F Laundry Room, because we ran out of licenses
Also while on the cameras, please provide a status for the following camera which is offline, was it removed and shelved, moved to a new location, or unexpectedly offline in the current location?
2F Storage Room (Temp) E4-F1-4C-43-6B-59
05/23/2025 17:30 : BHOPB\jscheringer : Technician : 1F - Group Room A    e4:f1:4c:43:6b:db - 10.10.31.103 - 31.204 Port 26 - 10.10.31.26 ...pings
1F - Client Storage Hallway   e4:f1:4c:43:6b:93 - 31.204 Port 22 - 10.10.31.25 ...pings
1F - Front of Nurse Station   e4:f1:4c:43:6c:00 - 31.204 Port 12 - 10.10.31.24 ...pings
1F - Dining Room North Corner    e4:f1:4c:43:6b:67 - 31.204 Port 32 - 10.10.31.23 ...pings
2F - Laundry Room        e4:f1:4c:43:6b:4c - 31.204 Port 45 - 10.10.31.22 ...pings
2F - Client Storage Hallway  e4:f1:4c:43:6b:41 - 31.205 Port 45 - 10.10.31.21  ...pings
2F - Front of Nurse Station  e4:f1:4c:43:6b:66 - 31.205 Port 41 - 10.10.31.20  ...pings
2F - Therapist Room 247   e4:f1:4c:43:6b:71 - 31.205 Port 15 - 10.10.31.19  ...pings
2F - Bristo South e4:f1:4c:43:6b:49 - 31.207 Port 41 - 10.10.31.18 ...pings
1F - Exit Door by Kitchen    e4:f1:4c:43:6b:57 -  31.208 Port 42 - 10.10.31.17
1F - Laundry Room Hallway   e4:f1:4c:43:6b:58 - 31.208 Port 46 - 10.10.31.16
xOffline
1F - Clinical Support  MAC:E4F14C436D0B
Medical Provider Room 126   MAC:E4F14C436D6D
Bio Bed Room #244    MAC:E4F14C436B6A
xRedundantForNow
2F - Group Room E North Wall   e4:f1:4c:43:6b:54 - 192.168.31.172 -  31.206 Port 11 - 10.10.31.15
2F - Group Room E South Wall   e4:f1:4c:43:6b:4e - 192.168.31.174 -  31.204 Port 1 - 10.10.31.14 ...pings
1) update the defs in DHCP to include port info
2) .15 .16.17 dont ping
3) update configs on all cameras
4) add to camera server
05/23/2025 16:32 : BHOPB\jscheringer : Technician : i will be adding these as i can, but somehow you have gone over the licensing again
05/21/2025 10:27 : BHOPB\chivas.johnson : Non-Technician : So here is the most updated list of cameras that have been added, we just need IT to turn them on.
Attention IT: Do we have to wait until all the licenses come in our can we start activating some now?
1st Floor Clinical Support  MAC:E4F14C436D0B
1st Floor Group Room A    MAC:E4F14C436BDB
Medical Provider Room 126   MAC:E4F14C436D6D
1st Floor Client Storage Hallway   MAC:E4F14C436B93
1st Floor Front of Nurse Station   MAC:E4F14C436C00
2nd floor Group Room E North Wall   MAC:E4F14C436B54
2nd floor Group Room E South Wall   MAC:E4F14C436B4E
2nd floor Laundry Room        MAC:E4F14C436B4C
2nd floor Client Storage Hallway  MAC:E4F14C436B41
2nd floor Front of Nurse Station  MAC:E4F14C436B66
Exit Door by Kitchen    MAC:E4f14C436B57
Laundry Room Hallway   MAC:E4F14C436B58
1st floor Dining Room North Corner    MAC:E4F14C436B67
Bio Bed Room #244    MAC:E4F14C436B6A
2nd Floor Therapist Rm247   MAC:E4F14C436B71
2ND Floor Bristo South MAC:E4F14C436B49
05/14/2025 10:44 : BHOPB\chivas.johnson : Non-Technician : I have 3 cameras left to install which is happening later this week so far listed below in this thread is 13 cameras added
2
nd
floor Client Storage Hallway  MAC:E4F14C436B41
2
nd
floor Front of Nurse Station  MAC:E4F14C436B66
Exit Door by Kitchen    MAC:E4f14C436B57
Laundry Room Hallway   MAC:E4F14C436B58
1
st
floor Dining Room North Corner    MAC:E4F14C436B67
Bio Bed Room #244    MAC:E4F14C436B6A
05/09/2025 11:06 : BHOPB\chivas.johnson : Non-Technician : more cameras added on 2
nd
floor group room
2
nd
floor Group Room E North Wall   MAC:E4F14C436B54
2
nd
floor Group Room E South Wall   MAC:E4F14C436B4E
2nf floor Laundry Room        MAC:E4F14C436B4C
04/24/2025 16:55 : bhopb\rvoyer : Technician : The ticket has been assigned to technician: Jared Scheringer
04/24/2025 16:29 : BHOPB\chivas.johnson : Non-Technician : New ticket submitted via
Email"
127136,2025-04-15 05:05:49,SQLalerts@banyancenters.com,bhopb\brittany.obrien,! ACTION REQUIRED ! REVIEW THESE AD ACCOUNTS,"HI TEAM,
Below is the list of employees with ACTIVE AD account, but has Terminated status in UKG
Last Name
First Name
AccountName
UserPrincipalName
Title
EmployeeID
UKG_EmployeeStatus
TerminationDate
Sidlo
Andrea
asidlo
asidlo@banyancenters.com
Human Resources Manager
001673
Terminated
1/30/2025 12:00:00 AM
Smith
Tanya
tanya.smith
tanya.smith@banyancenters.com
Lead Behavioral Health Technician
003069
Terminated
4/12/2024 12:00:00 AM
Below is the list of employees with ACTIVE AD account, but has Long Leave/Suspended/Other status in UKG
Last Name
First Name
AccountName
UserPrincipalName
Title
EmployeeID
UKG_EmployeeStatus
TerminationDate
Wilson
Meghan
meghan.wilson
meghan.wilson@banyancenters.com
Admissions Coordinator
008695
Long_Leave
Kurman
Donna
donna.kurman
donna.kurman@banyancenters.com
Registered Nurse
007707
Long_Leave
Weatherspoon
Torshell
t.weatherspoon
t.weatherspoon@banyancenters.com
Case Manager
006970
Long_Leave
Khaimov
Julia
julia.khaimov
julia.khaimov@banyancenters.com
Registered Nurse
007518
Suspended
-
SQL Alerts
Phone:
Email:
sqlalerts@banyancenters.com
,
The information contained in this transmission may contain privileged and confidential information and is property of Banyan Treatment Centers, including patient information protected by federal and state privacy laws. It is intended only for the use of the
 person(s) named above. If you are not the intended recipient, you are hereby notified that any review, dissemination, distribution, or duplication of this communication is strictly prohibited. If you are not the intended recipient, please contact the sender
 by reply email and destroy all copies of the original message.",In progress,Normal,2025-04-15 12:04:56,2025-08-11 13:53:00,"07/31/2025 13:51 : bhopb\brittany.obrien : Technician : Thank you!!
07/30/2025 13:53 : bhopb\brittany.obrien : Technician : Due date has been changed: 8/11/2025 1:53 PM
07/30/2025 12:51 : jbrennan@banyancenters.com : Non-Technician : I can yes
Best Regards,
Jonelle Brennan
National Director of Admissions
Banyan Treatment Center
Office: 954-533-7705 ext 926
Admissions: (844) 285-0221
Fax: (954) 533-7717
Corporate Address:
950 N Federal Highway
Pompano Beach, FL 33062
jbrennan@banyancenters.com
Philadelphia, PA | Laurel Run, PA | Boston, MA | Chicago, IL | Stuart, FL | Boca Raton, FL | Pompano Beach, FL | Lake Worth, FL | Palm Beach Shores, FL
1575082595827
The information contained in this transmission may contain privileged and confidential information, including patient information protected by federal and state privacy laws. It is intended only for the use of the person(s) named above. If you are not the intended
 recipient, you are hereby notified that any review, dissemination, distribution, or duplication of this communication is strictly prohibited. If you are not the intended recipient, please contact the sender by reply email and destroy all copies of the original
 message
07/30/2025 11:57 : bhopb\brittany.obrien : Technician : Can someone please contact Meghan Wilson, she has not sent back her equipment.
06/17/2025 16:54 : bhopb\brittany.obrien : Technician : Update?
06/02/2025 15:55 : bhopb\brittany.obrien : Technician : Update?
05/22/2025 12:26 : bhopb\brittany.obrien : Technician : Hi there,
Can we please have an update?
05/01/2025 08:35 : bhopb\rvoyer : Technician : Hi Meghan,
Have you started the return of your old equipment?
04/28/2025 10:55 : BHOPB\dmui : Technician : The ticket has been assigned to technician: Brittany O'Brien
04/28/2025 10:55 : BHOPB\dmui : Technician : Box with return label inside being sent to new address. Will assign ticket to Brittany for any return of hardware.
04/28/2025 10:46 : BHOPB\dmui : Technician : Re-opening ticket. Jonelle I am assuming this is correct address for Megan... I will set up a new FedEx box to this address and include the return label  for her to use when returning hardware.
04/28/2025 10:44 : BHOPB\dmui : Technician : The ticket has been re-opened
04/25/2025 12:04 : bhopb\love.shah : Technician : The ticket has been closed
04/25/2025 11:26 : jbrennan@banyancenters.com : Non-Technician : The ticket has been re-opened
04/25/2025 11:26 : jbrennan@banyancenters.com : Non-Technician : 735 Bush Dr Allen Texas 75013
04/25/2025 10:54 : bhopb\love.shah : Technician : The ticket has been closed
04/25/2025 10:53 : bhopb\love.shah : Technician : 
04/25/2025 09:52 : bhopb\rvoyer : Technician : Salesforce not disabled
04/25/2025 09:51 : bhopb\rvoyer : Technician : The ticket has been assigned to technician: Love Shah
04/21/2025 14:12 : BHOPB\dmui : Technician : Adding Jonelle to ticket...
Meghan Wilson... FedEx Called saying that they tried to mail the box to the address we had listed for her but the person living at that address says no longer lives there. Can we get and address to send a box to Meghan Wilson.
04/17/2025 11:41 : bhopb\brittany.obrien : Technician : Track for empty box sent to Meghan;
https://www.fedex.com/fedextrack/?trknbr=880624165150&trkqual=2460783000~880624165150~FX&simplified=true
Tracking for return of Meghan's laptop
https://www.fedex.com/fedextrack/?trknbr=880624399934&trkqual=2460783000~880624399934~FX
04/16/2025 16:08 : BHOPB\jorge.ortiz : Non-Technician : The ticket has been assigned to technician: Brittany O'Brien
04/16/2025 16:08 : BHOPB\jorge.ortiz : Non-Technician : Hey Brittany, Meghan still has her laptop. Would you be able to send a return shipping label and box to her address?
4315 SE TAMARIND ST STUART FLORIDA 34997
There doesnt seem to be a personal email.
04/15/2025 13:34 : bhopb\love.shah : Technician : just received an update :-
04/15/2025 12:20 : bhopb\love.shah : Technician : The ticket has been assigned to technician: Jorge Ortiz
04/15/2025 12:20 : bhopb\love.shah : Technician : 
04/15/2025 12:19 : bhopb\love.shah : Technician : SHE IS REHIRE :-
-------------------------------------------------------------------------------------------------------------
04/15/2025 12:13 : bhopb\love.shah : Technician : COULD YOU PLEASE TAKE CARE OF THE ASSET OF THIS USER PLEASE SHE IS TERMINATED NOW
04/15/2025 09:49 : bhopb\adnan.tamboli : Technician : The ticket has been assigned to technician: Love Shah
04/15/2025 07:16 : BHOPB\rmoll : Technician : The ticket has been assigned to technician: Adnan Tamboli
04/15/2025 05:05 : SQLalerts@banyancenters.com : Non-Technician : New ticket submitted via
Email"
126897,2025-04-10 10:21:15,kristina.beck@banyancenters.com,BHOPB\dmui,Sebring Tablet Request,"Hello,
Would it be possible to order 3 tablets for the group facilitators to use during groups? Taking notes in KIPU is difficult for them to do on their phones while they are away from a desk.
I appreciate your help,
Kristina
-
Kristina Beck
Office Coordinator
Phone:
(863) 451-0084
Email:
kristina.beck@banyancenters.com
1062 Lake Sebring Dr
Sebring, FL 33870
The information contained in this transmission may contain privileged and confidential information and is property of Banyan Treatment Centers, including patient information protected by federal and state privacy laws. It is intended only for the use of the
 person(s) named above. If you are not the intended recipient, you are hereby notified that any review, dissemination, distribution, or duplication of this communication is strictly prohibited. If you are not the intended recipient, please contact the sender
 by reply email and destroy all copies of the original message.",In progress,Normal,2025-04-10 10:58:33,,"07/15/2025 13:50 : kristina.beck@banyancenters.com : Non-Technician : No, they were not. I was just going to ask for an update on these. You read my mind Ryan 🙂
07/15/2025 11:33 : bhopb\rvoyer : Technician : Hey Kristina,
Were these ipads ever sent to you?
04/10/2025 10:28 : bhopb\rvoyer : Technician : The ticket has been assigned to technician: Don Mui
04/10/2025 10:21 : kristina.beck@banyancenters.com : Non-Technician : New ticket submitted via
Email"
125895,2025-03-24 11:58:44,BHOPB\dmui,BHOPB\dmui,Return of Banyan iPhone,"Creating ticket. Admissions has given list of people that need to return their Banyan iPhones and have included those people on list.
If you have received this email, please let us know if you are able to drop off your Banyan iPhone to the IT department on 4
th
floor of Corporate building. If not, please give us an address and we will email you a FedEx return label.
Thank you,
Don
Don Mui
IT - Sr. Helpdesk Technician
Phone:
(561) 465-1703
dmui@banyancenters.com
www.banyantreatmentcenters.com
225 N. Federal Highway
Pompano Beach FL 33062
The information contained in this transmission may contain privileged and confidential information, including patient information protected by federal and state privacy laws. It is intended only for the use of the person(s) named above. If you are not the intended
 recipient, you are hereby notified that any review, dissemination, distribution, or duplication of this communication is strictly prohibited. If you are not the intended recipient, please contact the sender by reply email and destroy all copies of the original
 message.",In progress,Normal,2025-03-24 12:00:28,,"08/05/2025 12:40 : BHOPB\dmui : Technician : Received Brian Keys phone. Thank you.
07/31/2025 15:36 : BHOPB\dmui : Technician : Deleted 'upd by cust' and / or 'upd for tech'
07/22/2025 10:13 : brian.keys@banyancenters.com : Non-Technician : Seen, Thank You!!
07/22/2025 10:04 : BHOPB\dmui : Technician : Sorry, I got sidetracked.
Label emailed just now.
07/22/2025 08:18 : BHOPB\dmui : Technician : Return label emailed to Brian
07/15/2025 12:00 : brian.keys@banyancenters.com : Non-Technician : No, I have not returned my phone yet. I have sent my address three times trying to get a shipping label for the return. Once I receive the shipping label, I will have the phone returned.
Address for shipping label:
808 SW Belmont Cir.
Port Saint Lucie, FL 34953
Thank You!
Brian Keys
07/15/2025 11:32 : bhopb\rvoyer : Technician : Hey Guys,
Was this phone ever returned?
05/13/2025 15:22 : brian.keys@banyancenters.com : Non-Technician : Return address for shipping label. Please
808 SW Belmont Cir.
Port Saint Lucie, FL 34953
05/13/2025 15:09 : BHOPB\dmui : Technician : Following up on ticket...
Have we received Kaitlyn Moroney or Brian Key's iPhones yet?
04/29/2025 12:27 : BHOPB\dmui : Technician : Have we received Kaitlyn Moroney or Brian Key's iPhones yet?
04/29/2025 12:27 : BHOPB\dmui : Technician : Daniel Page iPhone received.
04/24/2025 13:09 : brian.keys@banyancenters.com : Non-Technician : Address for shipping label
808 SW Belmont Cir.
Port Saint Lucie, FL 34953
Brian Keys
Specialty Admissions Coordinator
brian.keys@banyancenters.com
www.banyantreatmentcenters.com
The information contained in this transmission may contain privileged and confidential information, including patient information protected by federal and state privacy laws. It is intended only for the use of the person(s) named above. If you are not the intended
 recipient, you are hereby notified that any review, dissemination, distribution, or duplication of this communication is strictly prohibited. If you are not the intended recipient, please contact the sender by reply email and destroy all copies of the original
 message.
04/24/2025 13:01 : BHOPB\dmui : Technician : Have we received Kaitlyn Moroney or Brian Key's iPhones yet? I see we sent a return label to Daniel Page.
04/24/2025 13:00 : BHOPB\dmui : Technician : Received Alexis Gaynor's iPhone today.
04/22/2025 12:36 : bhopb\brittany.obrien : Technician : Here you go 😊
04/22/2025 12:27 : daniel.page@banyancenters.com : Non-Technician : 12573 Woodmill Drive
Palm Beach Gardens, FL 33418
04/22/2025 12:25 : bhopb\brittany.obrien : Technician : Hi Daniel,
Can you kindly share your address and we will create a shipping label for you.
Thank you,
Brittany
04/22/2025 10:07 : daniel.page@banyancenters.com : Non-Technician : Hi can you send me a shipping label instead for my work phone please?
04/17/2025 10:53 : BHOPB\jean.pierre : Technician : Return label for phone
04/17/2025 10:35 : bhopb\brittany.obrien : Technician : Please call the helpdesk at 561.465.1700 for assistance with your authenticator.
Alexis we will get a return label set up, it will be sent to you soon!
Thank you,
Brittany
04/17/2025 10:14 : agaynor@banyancenters.com : Non-Technician : I am also having trouble with the authenticators on my personal phone.
Alexis Gaynor
Specialty Admissions Supervisor
Phone:
(844) 906-4673
Mobile:
(954) 466-9415
Fax:
(877) 477-8276
agaynor@banyancenters.com
www.banyantreatmentcenters.com
Pompano Beach FL 33062
The information contained in this transmission may contain privileged and confidential information, including patient information protected by federal and state privacy laws. It is intended only for the use of the person(s) named above. If you are not the intended
 recipient, you are hereby notified that any review, dissemination, distribution, or duplication of this communication is strictly prohibited. If you are not the intended recipient, please contact the sender by reply email and destroy all copies of the original
 message.
04/17/2025 10:03 : brian.keys@banyancenters.com : Non-Technician : I am having trouble getting my Authenticator to work correctly on my personal phone. Please let me know if you are able to assist.
Thank You!!
Brian Keys
Specialty Admissions Coordinator
brian.keys@banyancenters.com
www.banyantreatmentcenters.com
The information contained in this transmission may contain privileged and confidential information, including patient information protected by federal and state privacy laws. It is intended only for the use of the person(s) named above. If you are not the intended
 recipient, you are hereby notified that any review, dissemination, distribution, or duplication of this communication is strictly prohibited. If you are not the intended recipient, please contact the sender by reply email and destroy all copies of the original
 message.
04/17/2025 09:54 : agaynor@banyancenters.com : Non-Technician : I will need a label
5001 SW 20
th
Street, #4205
Ocala, FL 34474
Alexis Gaynor
Specialty Admissions Supervisor
Phone:
(844) 906-4673
Mobile:
(954) 466-9415
Fax:
(877) 477-8276
agaynor@banyancenters.com
www.banyantreatmentcenters.com
Pompano Beach FL 33062
The information contained in this transmission may contain privileged and confidential information, including patient information protected by federal and state privacy laws. It is intended only for the use of the person(s) named above. If you are not the intended
 recipient, you are hereby notified that any review, dissemination, distribution, or duplication of this communication is strictly prohibited. If you are not the intended recipient, please contact the sender by reply email and destroy all copies of the original
 message.
04/17/2025 09:28 : BHOPB\dmui : Technician : Note... Received iPhone from George Carros. Asset 01639.
04/15/2025 13:07 : BHOPB\dmui : Technician : Daniel Galante's iPhone received.
04/14/2025 16:10 : BHOPB\dmui : Technician : unlocked. Will relock tomorrow.
04/14/2025 15:54 : brian.keys@banyancenters.com : Non-Technician : Address for shipping label 808 SW Belmont Cir Port Saint Lucie FL 34953
Can we please get my work phone unlocked so I can transfer everything over tonight. Thank You!!
Brian Keys
Specialty Admissions Coordinator
brian.keys@banyancenters.com
www.banyantreatmentcenters.com
The information contained in this transmission may contain privileged and confidential information, including patient information protected by federal and state privacy laws. It is intended only for the use of the person(s) named above. If you are not the intended
 recipient, you are hereby notified that any review, dissemination, distribution, or duplication of this communication is strictly prohibited. If you are not the intended recipient, please contact the sender by reply email and destroy all copies of the original
 message.
04/14/2025 15:29 : daniel.page@banyancenters.com : Non-Technician : I'll drop mine off on Friday.
04/14/2025 15:27 : BHOPB\dmui : Technician : Daniel Galante - asset 01789 - 954-551-7549 - Locked.
04/14/2025 15:25 : BHOPB\dmui : Technician : Daniel Page - asset 02107 - 954-299-5642 - Locked.
04/14/2025 15:23 : BHOPB\dmui : Technician : Brian Keys - asset 01473 - 954-531-4085 Locked.
04/14/2025 15:22 : george.carros@banyancenters.com : Non-Technician : I’ll be in the office Thursday
Get
Outlook for iOS
04/14/2025 15:18 : BHOPB\dmui : Technician : Adding Jonelle to ticket... can you give reason on Alexis? Mark needing her removed from list?
04/14/2025 15:13 : agaynor@banyancenters.com : Non-Technician : Hi Don,
I was told to hold off . I've included Jonelle in this thread.
Alexis Gaynor
Specialty Admissions Supervisor
Phone:
(844) 906-4673
Mobile:
(954) 466-9415
Fax:
(877) 477-8276
agaynor@banyancenters.com
www.banyantreatmentcenters.com
Pompano Beach FL 33062
The information contained in this transmission may contain privileged and confidential information, including patient information protected by federal and state privacy laws. It is intended only for the use of the person(s) named above. If you are not the intended
 recipient, you are hereby notified that any review, dissemination, distribution, or duplication of this communication is strictly prohibited. If you are not the intended recipient, please contact the sender by reply email and destroy all copies of the original
 message.
04/14/2025 15:11 : BHOPB\dmui : Technician : Remaining people on this list that haven't sent back phone or made attempt to contact please do so now. It's been a few weeks since we first asked so will assume people have pulled off any info they need to keep. I will now start locking the phones.
04/14/2025 14:57 : BHOPB\dmui : Technician : Note: Julia Balogh's iPhone asset 01544 was received too.
04/14/2025 14:53 : BHOPB\dmui : Technician : Received Sharon Stinette's iPhone.
04/10/2025 08:12 : sstinnette@banyancenters.com : Non-Technician : Got it, thank you!
Sharon Stinnette, BS, CARC
Admissions Manager
Phone:
(844) 431-0949
Fax:
(954) 944-2931
sstinnette@banyancenters.com
www.banyantreatmentcenters.com
950 N. Federal Highway
Pompano Beach FL 33062
The information contained in this transmission may contain privileged and confidential information, including patient information protected by federal and state privacy laws. It is intended only for the use of the person(s) named above. If you are not the intended
 recipient, you are hereby notified that any review, dissemination, distribution, or duplication of this communication is strictly prohibited. If you are not the intended recipient, please contact the sender by reply email and destroy all copies of the original
 message.
04/09/2025 14:23 : bhopb\rvoyer : Technician : The ticket has been assigned to technician: Don Mui
04/09/2025 14:23 : bhopb\rvoyer : Technician : Talked with Sharon over teams, from what it seems she was able to re-setup both authenticators on her personal phone. Assigning back to don for the return of the work phone.
04/09/2025 14:22 : bhopb\rvoyer : Technician : The ticket has been assigned to technician: Don Mui
04/09/2025 08:30 : bhopb\rvoyer : Technician : Sharon any updates?
04/08/2025 11:37 : bhopb\rvoyer : Technician : Hey Sharon,
I tried calling the number on your extension but was only met ringing then silence. Do you still need help with the authenticators?
04/08/2025 11:19 : bhopb\brittany.obrien : Technician : Hi Sharon,
04/08/2025 09:18 : bhopb\rvoyer : Technician : Hi Sharon,
You should be able to just download both authenticator apps to your personal phone and sign into both of them. I have already de-registered your work phone from your accounts.
04/08/2025 09:07 : sstinnette@banyancenters.com : Non-Technician : Since we have to turn in work phone I need to get the information on my personal phone.
Sharon Stinnette, BS, CARC
Admissions Manager
Phone:
(844) 431-0949
Fax:
(954) 944-2931
sstinnette@banyancenters.com
www.banyantreatmentcenters.com
950 N. Federal Highway
Pompano Beach FL 33062
The information contained in this transmission may contain privileged and confidential information, including patient information protected by federal and state privacy laws. It is intended only for the use of the person(s) named above. If you are not the intended
 recipient, you are hereby notified that any review, dissemination, distribution, or duplication of this communication is strictly prohibited. If you are not the intended recipient, please contact the sender by reply email and destroy all copies of the original
 message.
04/08/2025 07:41 : sstinnette@banyancenters.com : Non-Technician : Good morning, no shipping label attached. I will call in for help with personal phone
Sharon Stinnette, BS, CARC
Admissions Manager
Phone:
(844) 431-0949
Fax:
(954) 944-2931
sstinnette@banyancenters.com
www.banyantreatmentcenters.com
950 N. Federal Highway
Pompano Beach FL 33062
The information contained in this transmission may contain privileged and confidential information, including patient information protected by federal and state privacy laws. It is intended only for the use of the person(s) named above. If you are not the intended
 recipient, you are hereby notified that any review, dissemination, distribution, or duplication of this communication is strictly prohibited. If you are not the intended recipient, please contact the sender by reply email and destroy all copies of the original
 message.
04/07/2025 15:04 : bhopb\rvoyer : Technician : Are you setting these up for the first time or are you transferrin them to another phone?
04/07/2025 15:01 : daniel.page@banyancenters.com : Non-Technician : SF & Outlook
04/07/2025 15:00 : bhopb\rvoyer : Technician : Daniel,
Which authenticator do you need help with?
04/07/2025 14:59 : daniel.page@banyancenters.com : Non-Technician : Hi, can I get some help with my authenticator as well please?
04/07/2025 14:58 : bhopb\rvoyer : Technician : Hi Sharon,
You should be all set to download the Microsoft and salesforce authenticator app on your personal phone and set them up like you did before. If you need help please call us 561-465-1700
04/07/2025 14:47 : bhopb\brittany.obrien : Technician : The ticket has been assigned to technician: Ryan Voyer
04/07/2025 14:47 : bhopb\brittany.obrien : Technician : Hi Sharon,
Here is the shipping label, Ryan will be helping you with your authentication.
Thank you,
Brittany
04/07/2025 14:44 : bhopb\brittany.obrien : Technician : Hi Ryan,
Can you please help her? She will need to install the Microsoft and salesforce auth app and make sure she gets connected. I am going to share the shipping label as well.
04/07/2025 08:00 : sstinnette@banyancenters.com : Non-Technician : Hi, good morning, sorry for the delay in getting back to you. I will need a shipping label sent to
9037 Golden Mountain Circle
Boynton Beach, FL 33473
I also need to know how to get Salesforce Authenticator to work on my personal phone before I return the phone.
Thanks!
Sharon Stinnette, BS, CARC
Admissions Manager
Phone:
(844) 431-0949
Fax:
(954) 944-2931
sstinnette@banyancenters.com
www.banyantreatmentcenters.com
950 N. Federal Highway
Pompano Beach FL 33062
The information contained in this transmission may contain privileged and confidential information, including patient information protected by federal and state privacy laws. It is intended only for the use of the person(s) named above. If you are not the intended
 recipient, you are hereby notified that any review, dissemination, distribution, or duplication of this communication is strictly prohibited. If you are not the intended recipient, please contact the sender by reply email and destroy all copies of the original
 message.
04/03/2025 10:22 : bhopb\brittany.obrien : Technician : Hi Julia and Daniel,
Julia I have attached your shipping label. Daniel that works for us, please come to IT for assistance with your authenticator!
Thank you,
Brittany 😊
04/03/2025 10:08 : daniel.page@banyancenters.com : Non-Technician : I'll swing by Pompano & drop mine off, I still need to make sure I have the Authenticator apps on my personal phone that will work for logins before I do.
04/03/2025 09:51 : jbalogh@banyancenters.com : Non-Technician : 1024 The Pointe Drive
West Palm Beach, FL 33406
04/03/2025 09:49 : bhopb\brittany.obrien : Technician : Hi.
If you can please provide your address we will create the prepaid shipping labels and send them back to you for the return.
Thank you
04/03/2025 09:42 : jbalogh@banyancenters.com : Non-Technician : Good morning! Would you be able to send me a shipping label? Thank you.
04/03/2025 09:36 : dgalante@banyancenters.com : Non-Technician : What do you need me to do to return it? Thank you.
Best Regards,
Daniel Galante
04/03/2025 09:31 : BHOPB\dmui : Technician : To date we have only had one person contact us to make arrangements to return their phone.
03/28/2025 15:23 : BHOPB\dmui : Technician : Julius Pulliam's iPhone received. Asset # 01522. Tel 954-290-5692
03/26/2025 11:49 : BHOPB\dmui : Technician : Julius Pulliam called to say ready to ship phone back.
Gave address to create shipping label and sent email.
FedEx Label trk# 7916 9541 5574
03/24/2025 11:58 : BHOPB\dmui : Technician : New ticket submitted via
Email"
125035,2025-03-05 13:19:51,BHOPB\david.hader,BHOPB\jscheringer,Remove Seaside from Work Ticket system - retain data,"Good afternoon
Now that the Seaside site is no longer in the portfolio, can it be removed from the work ticket system but still retain historical data?
Please advise.
Thanks, Dave
David Hader
National Director of Construction and Facilities
Phone:
(954) 254-8155
david.hader@banyancenters.com
www.banyantreatmentcenters.com
Pompano Beach Florida 33062
The information contained in this transmission may contain privileged and confidential information, including patient information protected by federal and state privacy laws. It is intended only for the use of the person(s) named above. If you are not the intended
 recipient, you are hereby notified that any review, dissemination, distribution, or duplication of this communication is strictly prohibited. If you are not the intended recipient, please contact the sender by reply email and destroy all copies of the original
 message.",In progress,Normal,2025-08-20 17:29:33,,"08/22/2025 09:33 : BHOPB\david.hader : Non-Technician : Can Seaside site be removed from the system while retaining any legacy data?
08/20/2025 17:29 : BHOPB\jscheringer : Technician : this one got buried, yeesh. are you looking to hide categories or prevent techs from reading tickets in them etc? i am not too sure it can be hidden from certain techs vs hidden from all but i would want to know what we were trying to hide so i can go massage the data display
03/17/2025 09:00 : BHOPB\david.hader : Non-Technician : GM - Any follow up thoughts on this?
Dave
David Hader
National Director of Construction and Facilities
Phone:
(954) 254-8155
david.hader@banyancenters.com
www.banyantreatmentcenters.com
Pompano Beach Florida 33062
The information contained in this transmission may contain privileged and confidential information, including patient information protected by federal and state privacy laws. It is intended only for the use of the person(s) named above. If you are not the intended
 recipient, you are hereby notified that any review, dissemination, distribution, or duplication of this communication is strictly prohibited. If you are not the intended recipient, please contact the sender by reply email and destroy all copies of the original
 message.
03/05/2025 13:25 : bhopb\rvoyer : Technician : The ticket has been assigned to technician: Jared Scheringer
03/05/2025 13:19 : BHOPB\david.hader : Non-Technician : New ticket submitted via
Email"
124134,2025-02-19 10:57:06,BHOPB\chivas.johnson,BHOPB\jscheringer,Fw: IM C4510 user/pin code,"hey team i am forwarding you this email from FBP our printer company. Main reason being is we are trying to add a code to the printer to have everyone sign in before the printer actually prints (for HIPPA). We are moving the printer from the printer office
 into the public area yet we want it to not print until the staff member(s) are there to make to the printer print instead. This way no paperwork is just sitting there and the staff member won't forget they have paperwork waiting for them. I hope this makes
 sense please let me know what you need from me to make this happen.
From:
William Quinn <wquinn@fbponline.com>
Sent:
Wednesday, February 19, 2025 10:33 AM
To:
Chivas Johnson <chivas.johnson@banyancenters.com>
Subject:
IM C4510 user/pin code
Specifying a User Code in the Printer Driver | User Guide | IM C2000, IM C2500, IM C3000, IM C3500, IM C4500, IM C5500, IM C6000
Bill Quinn
|
Service/Supplies & MNS Team Coordinator
1500 Kansas Avenue, Unit 2-A
•
Longmont, CO 80501
•
d
303.651.1853
•
o
303.390.3853
•
f
303.651.6787
www.fbponline.com
OUR CORPORATE OFFICE HAS MOVED. Please update correspondence & payment remittance as follows:
17650 East 32nd Place Unit 10A Aurora, CO. 80011
Disclaimer:
This message contains confidential information and is intended only for the individual named. If you are not the named addressee you should not disseminate, distribute or copy this email. Please
 notify the sender immediately by email if you have received this email by mistake and delete this email from your system. Email transmission cannot be guaranteed to be secure or error-free as information could be intercepted, corrupted, lost, destroyed, arrive
 late or incomplete, or contain viruses. The sender therefore does not accept liability for any errors or omissions in the contents of this message, which arise as a result of email transmission.
-
Chivas Johnson
Maintenance
Phone:
(303) 381-8340
Email:
chivas.johnson@banyancenters.com
1055 S. Perry St
Castle Rock, CO 80104
The information contained in this transmission may contain privileged and confidential information and is property of Banyan Treatment Centers, including patient information protected by federal and state privacy laws. It is intended only for the use of the
 person(s) named above. If you are not the intended recipient, you are hereby notified that any review, dissemination, distribution, or duplication of this communication is strictly prohibited. If you are not the intended recipient, please contact the sender
 by reply email and destroy all copies of the original message.",In progress,Normal,2025-05-12 15:03:03,,"05/12/2025 16:05 : BHOPB\chivas.johnson : Non-Technician : yes it is
05/12/2025 15:03 : BHOPB\jscheringer : Technician : reviewing old tickets, is this still needed?
02/19/2025 11:23 : BHOPB\rmoll : Technician : The ticket has been assigned to technician: Jared Scheringer
02/19/2025 10:57 : BHOPB\chivas.johnson : Non-Technician : New ticket submitted via
Email"
123693,2025-02-12 10:30:27,kaitlin.jones@banyancenters.com,BHOPB\dmui,2FA Marketing Department,"Hi team,
I hope you're doing well!
Would it be possible to set up a dedicated team number for the marketing department to use for 2FA? Currently, the numbers are assigned to individual team members, such as Alyssa, which can create inconsistencies and potential access issues in the future.
Ideally, we’d like to have a unified number that all team members can use for authentication purposes. Would it be possible to create a Teams number and a corresponding Teams group where 2FA messages could be received? Or do you have any recommendations for
 the best way to ensure the department has a single, accessible number for receiving authentication texts?
Thanks in advance for your help! Looking forward to your guidance.
-
Kaitlin Jones
Digital Marketing Specialist
Phone:
Email:
kaitlin.jones@banyancenters.com
,
The information contained in this transmission may contain privileged and confidential information and is property of Banyan Treatment Centers, including patient information protected by federal and state privacy laws. It is intended only for the use of the
 person(s) named above. If you are not the intended recipient, you are hereby notified that any review, dissemination, distribution, or duplication of this communication is strictly prohibited. If you are not the intended recipient, please contact the sender
 by reply email and destroy all copies of the original message.",In progress,Normal,2025-02-12 10:33:17,,"07/15/2025 11:30 : bhopb\rvoyer : Technician : Kaitlin any updates on this?
02/12/2025 13:56 : kaitlin.jones@banyancenters.com : Non-Technician : Hi we have 2FA's set up for multiple accounts
some include:
Facebook
Google
Constant Contact
and there is more and know we will run into more issues with Alyssa gone
and they are all living under different people information on the team we are just trying to set it to where it is one number
02/12/2025 13:54 : BHOPB\dmui : Technician : 2FA for ??
02/12/2025 10:39 : BHOPB\jean.pierre : Technician : The ticket has been assigned to technician: Don Mui
02/12/2025 10:33 : BHOPB\rmoll : Technician : @jean.pierre
, please assist
Regards,
Rick Moll
IT Department
(561) 465-1708
email - rmoll@banyancenters.com
02/12/2025 10:33 : BHOPB\rmoll : Technician : The ticket has been assigned to technician: jean.pierre
02/12/2025 10:30 : kaitlin.jones@banyancenters.com : Non-Technician : New ticket submitted via
Email"
122735,2025-01-24 10:26:26,cvespucci@banyancenters.com,BHOPB\dmui,Banyan Boca - iPad Issues/Requests,"Good Morning,
Banyan Boca is having issues with all of our iPads. Our iPads our kicking out our Tech constantly and this is obviously an issue when attempting to complete rounds, intakes, log personals, etc. It is not saving their work either. As you can imagine, it also
 makes them log back in each time, with can be annoying. I know that apple allows for them to save their information, but I have directed them not to do that as their peers will login and do work under each others names with is inappropriate.
I spoke with Don and he said he can come by on Wednesday the 29
th
and reset the iPads for us to hopefully help with this issue.
Also,
We need to clarify with iPads are Data and register the second line for Data here at Boca. I am aware the the iPad 01746 is Data and is active but you guys on your end have 01747 as Data. I cannot locate that iPad on property. We can benefit from another Data
 iPad here.
Please clarify when you can.
Thank you as always!
Christina Vespucci, B.A
Director of Operations
Phone:
(954) 533-7705 x511
Fax:
(561) 409-4920
cvespucci@banyancenters.com
www.banyantreatmentcenters.com
1000 NW 15th St
Boca Raton FL 33486
The information contained in this transmission may contain privileged and confidential information, including patient information protected by federal and state privacy laws. It is intended only for the use of the person(s) named above. If you are not the intended
 recipient, you are hereby notified that any review, dissemination, distribution, or duplication of this communication is strictly prohibited. If you are not the intended recipient, please contact the sender by reply email and destroy all copies of the original
 message.",In progress,Normal,2025-01-24 10:46:33,,"07/15/2025 11:28 : bhopb\rvoyer : Technician : Christina have you received an ipad yet?
05/15/2025 15:42 : cvespucci@banyancenters.com : Non-Technician : we did not get the iPad. When will it arrive?
Christina Vespucci
Director of Operations
Christina Vespucci, B.S
Director of Operations
Phone:
(954) 533-7705 x511
Fax:
(561) 409-4920
cvespucci@banyancenters.com
www.banyantreatmentcenters.com
1000 NW 15th St
Boca Raton FL 33486
The information contained in this transmission may contain privileged and confidential information, including patient information protected by federal and state privacy laws. It is intended only for the use of the person(s) named above. If you are not the intended
 recipient, you are hereby notified that any review, dissemination, distribution, or duplication of this communication is strictly prohibited. If you are not the intended recipient, please contact the sender by reply email and destroy all copies of the original
 message.
05/13/2025 15:34 : cvespucci@banyancenters.com : Non-Technician : The ticket has been re-opened
05/13/2025 15:34 : cvespucci@banyancenters.com : Non-Technician : Thank you! That will work for now and we can re-assess in the future if need be.
05/13/2025 15:03 : BHOPB\dmui : Technician : Closing old ticket. iPad was given back and I do have another open ticket regarding additional iPads that I will continue on.
01/29/2025 11:48 : BHOPB\dmui : Technician : Christina,
Pierre plans to make a trip to Boca today for another reason and I will be giving him an iPad to give back to you. It was a Trac 9 iPad I changed to Rounds.
That will give you 11 iPads that I know of that are active at Boca.
How many more iPads do you think you will need?
01/29/2025 11:46 : BHOPB\dmui : Technician : Personal notes so far...
19 iPads shown in MDM assigned to Boca
Breakdown as follows...
10 iPads showing currently at the Boca location (2 with active data accounts on those iPads)
iPad 9th Gen - Asset# 01761 - GDY3VNF39V - Last location
Boca - Active 1/29
iPad 9th Gen - Asset# 01762 - Q00P4QGPMY - Last location
Boca - Active 1/29
iPad 9th Gen - Asset# 01746 - H4JPDF7HJT - Last location
Boca - Active 1/29 -
Cellular - Active AT&T 359552547451697
954-415-0807
iPad 9th Gen - Asset# 01745 - HHF4TT9JGP - Last location
Boca - Active 1/29
iPad 9th Gen - Asset# 01747 - DCR9GG323F - Last location
Boca - Active 1/29 -
Cellular - Active AT&T 359552546093599 -
954-415-0967
iPad 9th Gen - Asset# 01764 - DJ6NJGVHVG - Last location
Boca - Active 1/29
iPad 9th Gen - Asset# 01763 - HT2N502N25 - Last location
Boca - Active 1/29
iPad 9th Gen - Asset# 01744 - HFCXHHY3KM - Last location
Boca - Active 1/29
iPad 9th Gen - Asset# 01743 - FGF403DH9D - Last location
Boca - Active 1/29
iPad 9th Gen - Asset# 01742 - C7GFNRJKRR - Last location
Boca - Active 1/29
3 Boca iPads showing in Pompano or Lake Worth
iPad 9th Gen - Asset# 02209 - M0Y3PK77P9 - Last location
Pompano - Active 1/29 -
Was a Trac9 iPad but changed to Rounds and Pierre will be delivering this back to Boca
today
iPad 6th Gen - Asset# 01271 - DMPZC6L1JF88 - Last location
Pompano - Active 1/29 - Cellular - Not active 354887095137693
I have
here
iPad Air 2 - Asset# 00328 - DMQRXCXCG5VJ- Last location Lake
Worth - Active 1/29
Cleon has it
6 iPads still researching where they are and if they are active or no longer in service
iPad 9th Gen - Asset# 02178 - RGFVQ944TL - Last location
Pompano - Active 1/28
iPad 5th Gen - Asset# 00897
iPad Air 2 - Asset# 00329
iPad 6th Gen - Asset# 01270
iPad 6th Gen - Asset# 01269
iPad 6th Gen - Asset# 01268
01/29/2025 11:36 : BHOPB\dmui : Technician : Cancelled plan to go to Boca today. Texting with Christina it sounds like it will be difficult to get iPads avail to look at because they are all being used all day. She asked about getting more iPads and told her we should be able to do that. But first I need to check our system to see how many iPads are already assigned to her location and told her I would work on it.
01/29/2025 08:21 : BHOPB\dmui : Technician : Have already had discussion with Christina regarding iPads and sent Teams message this morning. Plan to stop by Boca Detox to look at any iPads available at time. Probably around 1pm.
If you can please make sure iPads are charged before gathering them.
01/24/2025 10:46 : BHOPB\rmoll : Technician : @Don Mui
, please assist
Regards,
Rick Moll
IT Department
(561) 465-1708
email - rmoll@banyancenters.com
01/24/2025 10:46 : BHOPB\rmoll : Technician : The ticket has been assigned to technician: Don Mui
01/24/2025 10:26 : cvespucci@banyancenters.com : Non-Technician : New ticket submitted via
Email"
117772,2024-10-14 15:39:20,bhopb\cbowra,bhopb\cbowra,Speakers for CADS front lobby,"Allia is looking for speaker installation for light music to play in lobby.
Allia has spoken J. McNair in regards to approval.
They would like two speakers to play any way possible.
They currently use 1 speaker and a pandora account from Allia phone.",In progress,Normal,2024-10-14 15:39:22,2025-08-28 16:24:00,"08/10/2025 15:01 : bhopb\cbowra : Technician : Due date has been changed: 8/28/2025 4:24 PM
07/31/2025 17:38 : bhopb\cbowra : Technician : Due date has been changed: 8/7/2025 4:24 PM
07/16/2025 16:25 : bhopb\cbowra : Technician : Due date has been changed: 7/30/2025 4:24 PM
06/30/2025 16:42 : bhopb\cbowra : Technician : The ticket has been re-opened
06/30/2025 09:02 : BHOPB\rmoll : Technician : Closing this ticket. Please let us know if any additional assistance is needed.
Regards,
Rick Moll
IT Department
(561) 465-1708
email - rmoll@banyancenters.com
05/13/2025 16:23 : allia.fontenot@banyancenters.com : Non-Technician : Speaker has been purchased! I will let you guys know when it comes in.
05/07/2025 15:10 : allia.fontenot@banyancenters.com : Non-Technician : Absolutely! Jemone has a key to my office so you can access if you are there now!
05/07/2025 15:04 : bhopb\cbowra : Technician : Hey Allia,
I would like to run the cable concealer in your office if available.
We would like to use the a Bluetooth speaker for this process. Unfortunately we can only use a 1 speaker system for the Bluetooth function. I provided a recommended speaker but you are more than welcome to order the JBL as well. I found a different landing place for the speakers to keep it away from outside source. I will place it above the wood panel at the front desk and run cable behind and down to the front desk level. Please order when you can.
https://www.amazon.com/Anker-Soundcore-Bluetooth-Customizable-Waterproof/dp/B07P39MLKH/ref=pd_lutyp_rtpb_strm_cts_d_sccl_1_3/137-8966037-4180020?pd_rd_r=c2e71ef7-a972-44e7-adfb-fad0071e8e02&pd_rd_wg=91HA9&pd_rd_w=0Nm0j&pd_rd_i=B07P39MLKH&th=1
03/25/2025 14:24 : bhopb\rvoyer : Technician : Hi Allia,
Have speakers been installed in the front lobby at CADS?
12/24/2024 08:25 : BHOPB\jean.pierre : Technician : In a box near your desk
10/30/2024 15:57 : allia.fontenot@banyancenters.com : Non-Technician : No not yet!
10/30/2024 15:56 : bhopb\rvoyer : Technician : Hi Allia,
Have speakers been installed in the front lobby at CADS?
10/14/2024 15:39 : bhopb\cbowra : Technician : New ticket submitted via
Web app"
19128,2016-04-25 12:42:35,BHOPB\jscheringer,bhopb\dhruv.sharma,[Security] Check DC1 NETLOGON Logs for Access Attempts,C:\windows\debug\netlogon.log should be checked for IPs outside of our ranges. Eventviewer can also be checked for EventID 5807,In progress,Critical,2016-04-25 13:03:31,2025-08-03 03:39:00,"08/22/2025 15:17 : BHOPB\jhouchin : Technician : Dhruv follow up with Jared on what to do for this ticket so it gets done within an acceptable time each time it is opened.
08/01/2025 09:14 : bhopb\dhruv.sharma : Technician : Due date has been changed: 8/3/2025 3:39 AM
07/31/2025 12:04 : bhopb\dhruv.sharma : Technician : Due date has been changed: 8/1/2025 10:42 AM
07/30/2025 10:42 : bhopb\dhruv.sharma : Technician : Due date has been changed: 7/31/2025 10:42 AM
07/28/2025 11:13 : bhopb\dhruv.sharma : Technician : Hello
@Jared Scheringer
Please make me a part when you do this, so that can also aware how you do check and verify the unauthorized or suspicious access attempts to a DC.
Thank you,
Dhruv Sharma
07/28/2025 10:41 : BHOPB\jhouchin : Technician : Please assign to Dhruv in the future.  Dhruv, please review with Jared how he handles this ticket.
07/28/2025 10:40 : BHOPB\jhouchin : Technician : The ticket has been assigned to technician: Dhruv Sharma
05/25/2025 00:00 : BHOPB\jscheringer : Technician : The ticket has been re-opened
05/12/2025 15:08 : BHOPB\jscheringer : Technician : reviewed and within scope
02/25/2025 00:00 : BHOPB\jscheringer : Technician : The ticket has been re-opened
02/07/2025 11:26 : BHOPB\jscheringer : Technician : The ticket has been closed
02/07/2025 11:26 : BHOPB\jscheringer : Technician : reviewed and within scope
01/25/2025 00:00 : BHOPB\jscheringer : Technician : The ticket has been re-opened
01/20/2025 17:29 : BHOPB\jscheringer : Technician : The ticket has been closed
01/20/2025 17:29 : BHOPB\jscheringer : Technician : reviewed and within scope
09/25/2024 00:00 : BHOPB\jscheringer : Technician : The ticket has been re-opened
09/05/2024 14:41 : BHOPB\jscheringer : Technician : The ticket has been closed
09/05/2024 14:41 : BHOPB\jscheringer : Technician : reviewed and within scope. Added Castle Rock subnets to sites\services, so entries  in this file are expected to not generate past today's date 09/05. the file does not indicate year, but it does contain entries dating back to prior to 01/01/24 so be mindful in future about scrolling to the bottom and bypassing anything old\obsolete
08/27/2024 14:29 : bhopb\rvoyer : Technician : Hi Guys,  Following up on this ticket to see where we are at with this.
05/25/2024 00:00 : BHOPB\jscheringer : Technician : The ticket has been re-opened
05/13/2024 14:59 : BHOPB\jscheringer : Technician : The ticket has been closed
05/13/2024 14:59 : BHOPB\jscheringer : Technician : reviewed and within scope
03/25/2024 00:00 : BHOPB\jscheringer : Technician : The ticket has been re-opened
02/26/2024 16:19 : BHOPB\jscheringer : Technician : The ticket has been closed
02/26/2024 16:19 : BHOPB\jscheringer : Technician : problem with the file, not showing new entries
02/25/2024 00:00 : BHOPB\jscheringer : Technician : The ticket has been re-opened
02/12/2024 13:25 : BHOPB\jscheringer : Technician : The ticket has been closed
02/12/2024 13:25 : BHOPB\jscheringer : Technician : reviewed and within scope
01/25/2024 00:00 : BHOPB\jscheringer : Technician : The ticket has been re-opened
01/05/2024 17:16 : BHOPB\jscheringer : Technician : The ticket has been closed
01/05/2024 17:16 : BHOPB\jscheringer : Technician : reviewed and within scope
12/25/2023 00:00 : BHOPB\jscheringer : Technician : The ticket has been re-opened
11/28/2023 13:57 : BHOPB\jscheringer : Technician : The ticket has been closed
11/28/2023 13:57 : BHOPB\jscheringer : Technician : reviewed and within scope
11/25/2023 00:00 : BHOPB\jscheringer : Technician : The ticket has been re-opened
10/25/2023 14:24 : BHOPB\jscheringer : Technician : The ticket has been closed
10/25/2023 14:24 : BHOPB\jscheringer : Technician : reviewed and within scope
10/25/2023 00:00 : BHOPB\jscheringer : Technician : BHOPB\jscheringer: The ticket has been re-opened
09/28/2023 10:42 : BHOPB\jscheringer : Technician : The ticket has been closed
09/28/2023 10:42 : BHOPB\jscheringer : Technician : reviewed and within scope
09/25/2023 00:00 : BHOPB\jscheringer : Technician : BHOPB\jscheringer: The ticket has been re-opened
08/29/2023 15:33 : BHOPB\jscheringer : Technician : The ticket has been closed
08/29/2023 15:33 : BHOPB\jscheringer : Technician : reviewed and within scope
08/25/2023 00:00 : BHOPB\jscheringer : Technician : BHOPB\jscheringer: The ticket has been re-opened
07/28/2023 16:47 : BHOPB\jscheringer : Technician : The ticket has been closed
07/28/2023 16:47 : BHOPB\jscheringer : Technician : reviewed and within scope
06/25/2023 00:00 : BHOPB\jscheringer : Technician : BHOPB\jscheringer: The ticket has been re-opened
06/23/2023 17:18 : BHOPB\jscheringer : Technician : The ticket has been closed
06/23/2023 17:18 : BHOPB\jscheringer : Technician : reviewed and within scope
04/25/2023 00:00 : BHOPB\jscheringer : Technician : BHOPB\jscheringer: The ticket has been re-opened
03/28/2023 14:02 : BHOPB\jscheringer : Technician : The ticket has been closed
03/28/2023 14:02 : BHOPB\jscheringer : Technician : reviewed and within scope
03/25/2023 00:00 : BHOPB\jscheringer : Technician : BHOPB\jscheringer: The ticket has been re-opened
02/27/2023 13:44 : BHOPB\jscheringer : Technician : The ticket has been closed
02/27/2023 13:44 : BHOPB\jscheringer : Technician : reviewed and within scope
02/25/2023 00:00 : BHOPB\jscheringer : Technician : BHOPB\jscheringer: The ticket has been re-opened
02/02/2023 13:32 : BHOPB\jscheringer : Technician : The ticket has been closed
02/02/2023 13:32 : BHOPB\jscheringer : Technician : reviewed and within scope
01/25/2023 00:00 : BHOPB\jscheringer : Technician : BHOPB\jscheringer: The ticket has been re-opened
01/03/2023 17:22 : BHOPB\jscheringer : Technician : The ticket has been closed
01/03/2023 17:22 : BHOPB\jscheringer : Technician : reviewed and within scope
11/25/2022 00:00 : BHOPB\jscheringer : Technician : BHOPB\jscheringer: The ticket has been re-opened
10/25/2022 16:25 : BHOPB\jscheringer : Technician : The ticket has been closed
10/25/2022 16:25 : BHOPB\jscheringer : Technician : reviewed and within scope
10/25/2022 00:00 : BHOPB\jscheringer : Technician : BHOPB\jscheringer: The ticket has been re-opened
10/11/2022 15:32 : BHOPB\jscheringer : Technician : The ticket has been closed
10/11/2022 15:32 : BHOPB\jscheringer : Technician : reviewed and within scope
09/25/2022 00:00 : BHOPB\jscheringer : Technician : BHOPB\jscheringer: The ticket has been re-opened
08/26/2022 16:39 : BHOPB\jscheringer : Technician : The ticket has been closed
08/26/2022 16:39 : BHOPB\jscheringer : Technician : reviewed and within scope
08/25/2022 00:00 : BHOPB\jscheringer : Technician : BHOPB\jscheringer: The ticket has been re-opened
08/02/2022 17:39 : BHOPB\jscheringer : Technician : The ticket has been closed
08/02/2022 17:39 : BHOPB\jscheringer : Technician : reviewed and within scope
06/25/2022 00:00 : BHOPB\jscheringer : Technician : BHOPB\jscheringer: The ticket has been re-opened
06/25/2022 00:00 : BHOPB\jscheringer : Technician : BHOPB\jscheringer: The ticket has been re-opened
05/27/2022 15:46 : BHOPB\jscheringer : Technician : Custom fields - Edit SurveyBit - 1
05/27/2022 15:46 : BHOPB\jscheringer : Technician : The ticket has been closed
05/27/2022 15:46 : BHOPB\jscheringer : Technician : reviewed and within scope
05/25/2022 00:00 : BHOPB\jscheringer : Technician : BHOPB\jscheringer: The ticket has been re-opened
04/27/2022 17:42 : BHOPB\jscheringer : Technician : Custom fields - Edit SurveyBit - 1
04/27/2022 17:42 : BHOPB\jscheringer : Technician : The ticket has been closed
04/27/2022 17:42 : BHOPB\jscheringer : Technician : reviewed and within scope
04/25/2022 00:00 : BHOPB\jscheringer : Technician : BHOPB\jscheringer: The ticket has been re-opened
04/04/2022 15:39 : BHOPB\jscheringer : Technician : Custom fields - Edit SurveyBit - 1
04/04/2022 15:39 : BHOPB\jscheringer : Technician : The ticket has been closed
04/04/2022 15:39 : BHOPB\jscheringer : Technician : reviewed and within scope
03/25/2022 00:00 : BHOPB\jscheringer : Technician : BHOPB\jscheringer: The ticket has been re-opened
02/25/2022 14:49 : BHOPB\jscheringer : Technician : The ticket has been closed
02/25/2022 14:49 : BHOPB\jscheringer : Technician : reviewed and within scope
02/25/2022 00:00 : BHOPB\jscheringer : Technician : BHOPB\jscheringer: The ticket has been re-opened
02/01/2022 11:38 : BHOPB\jhouchin : Technician : The ticket has been closed
01/25/2022 00:00 : BHOPB\jscheringer : Technician : BHOPB\jscheringer: The ticket has been re-opened
01/05/2022 11:32 : BHOPB\jscheringer : Technician : The ticket has been closed
01/05/2022 11:32 : BHOPB\jscheringer : Technician : reviewed and within scope
12/25/2021 00:00 : BHOPB\jscheringer : Technician : BHOPB\jscheringer: The ticket has been re-opened
12/15/2021 14:22 : BHOPB\jscheringer : Technician : The ticket has been closed
12/15/2021 14:22 : BHOPB\jscheringer : Technician : reviewed and within scope
11/25/2021 00:00 : BHOPB\jscheringer : Technician : BHOPB\jscheringer: The ticket has been re-opened
11/25/2021 00:00 : BHOPB\jscheringer : Technician : BHOPB\jscheringer: The ticket has been re-opened
11/02/2021 16:10 : BHOPB\jscheringer : Technician : The ticket has been closed
11/02/2021 16:10 : BHOPB\jscheringer : Technician : reviewed and within scope
10/25/2021 00:00 : BHOPB\jscheringer : Technician : BHOPB\jscheringer: The ticket has been re-opened
09/27/2021 15:20 : BHOPB\jscheringer : Technician : The ticket has been closed
09/27/2021 15:20 : BHOPB\jscheringer : Technician : reviewed and within scope
09/25/2021 00:00 : BHOPB\jscheringer : Technician : BHOPB\jscheringer: The ticket has been re-opened
09/25/2021 00:00 : BHOPB\jscheringer : Technician : BHOPB\jscheringer: The ticket has been re-opened
08/26/2021 10:49 : BHOPB\jscheringer : Technician : The ticket has been closed
08/26/2021 10:49 : BHOPB\jscheringer : Technician : reviewed and within scope
08/25/2021 00:00 : BHOPB\jscheringer : Technician : BHOPB\jscheringer: The ticket has been re-opened
07/26/2021 11:57 : BHOPB\jscheringer : Technician : The ticket has been closed
07/26/2021 11:57 : BHOPB\jscheringer : Technician : reviewed and within scope
07/25/2021 00:00 : BHOPB\jscheringer : Technician : BHOPB\jscheringer: The ticket has been re-opened
06/30/2021 11:48 : BHOPB\jscheringer : Technician : The ticket has been closed
06/30/2021 11:48 : BHOPB\jscheringer : Technician : reviewed and within scope
06/25/2021 00:00 : BHOPB\jscheringer : Technician : BHOPB\jscheringer: The ticket has been re-opened
06/02/2021 12:41 : BHOPB\jscheringer : Technician : The ticket has been closed
06/02/2021 12:41 : BHOPB\jscheringer : Technician : reviewed and within scope
05/25/2021 00:00 : BHOPB\jscheringer : Technician : BHOPB\jscheringer: The ticket has been re-opened
04/28/2021 13:26 : BHOPB\jscheringer : Technician : The ticket has been closed
04/28/2021 13:26 : BHOPB\jscheringer : Technician : reviewed and within scope
04/25/2021 00:00 : BHOPB\jscheringer : Technician : BHOPB\jscheringer: The ticket has been re-opened
03/25/2021 15:16 : BHOPB\jscheringer : Technician : The ticket has been closed
03/25/2021 15:16 : BHOPB\jscheringer : Technician : reviewed and within scope
03/25/2021 00:00 : BHOPB\jscheringer : Technician : BHOPB\jscheringer: The ticket has been re-opened
02/25/2021 11:30 : BHOPB\jscheringer : Technician : The ticket has been closed
02/25/2021 11:30 : BHOPB\jscheringer : Technician : reviewed and within scope
02/25/2021 00:00 : BHOPB\jscheringer : Technician : BHOPB\jscheringer: The ticket has been re-opened
02/25/2021 00:00 : BHOPB\jscheringer : Technician : BHOPB\jscheringer: The ticket has been re-opened
01/29/2021 15:46 : BHOPB\jscheringer : Technician : The ticket has been closed
01/29/2021 15:46 : BHOPB\jscheringer : Technician : reviewed and within scope
01/25/2021 00:00 : BHOPB\jscheringer : Technician : BHOPB\jscheringer: The ticket has been re-opened
01/04/2021 14:27 : BHOPB\jscheringer : Technician : The ticket has been closed
01/04/2021 14:27 : BHOPB\jscheringer : Technician : reviewed and within scope
12/25/2020 00:00 : BHOPB\jscheringer : Technician : BHOPB\jscheringer: The ticket has been re-opened
11/30/2020 12:10 : BHOPB\jscheringer : Technician : The ticket has been closed
11/30/2020 12:10 : BHOPB\jscheringer : Technician : reviewed and within scope
11/25/2020 00:00 : BHOPB\jscheringer : Technician : BHOPB\jscheringer: The ticket has been re-opened
10/27/2020 14:11 : BHOPB\jscheringer : Technician : The ticket has been closed
10/27/2020 14:11 : BHOPB\jscheringer : Technician : reviewed and within scope
10/25/2020 00:00 : BHOPB\jscheringer : Technician : BHOPB\jscheringer: The ticket has been re-opened
10/25/2020 00:00 : BHOPB\jscheringer : Technician : BHOPB\jscheringer: The ticket has been re-opened
09/25/2020 13:51 : BHOPB\jscheringer : Technician : The ticket has been closed
09/25/2020 13:51 : BHOPB\jscheringer : Technician : reviewed and within scope
09/25/2020 00:00 : BHOPB\jscheringer : Technician : BHOPB\jscheringer: The ticket has been re-opened
08/28/2020 15:51 : BHOPB\jscheringer : Technician : The ticket has been closed
08/28/2020 15:51 : BHOPB\jscheringer : Technician : reviewed and within scope
08/25/2020 00:00 : BHOPB\jscheringer : Technician : BHOPB\jscheringer: The ticket has been re-opened
07/30/2020 13:53 : BHOPB\jscheringer : Technician : The ticket has been closed
07/30/2020 13:53 : BHOPB\jscheringer : Technician : reviewed and within scope
07/25/2020 00:00 : BHOPB\jscheringer : Technician : BHOPB\jscheringer: The ticket has been re-opened
06/25/2020 16:47 : BHOPB\jscheringer : Technician : The ticket has been closed
06/25/2020 16:47 : BHOPB\jscheringer : Technician : reviewed and within scope
06/25/2020 00:00 : BHOPB\jscheringer : Technician : BHOPB\jscheringer: The ticket has been re-opened
06/25/2020 00:00 : BHOPB\jscheringer : Technician : BHOPB\jscheringer: The ticket has been re-opened
05/29/2020 12:34 : BHOPB\jhouchin : Technician : The ticket has been closed
05/25/2020 00:00 : BHOPB\jscheringer : Technician : BHOPB\jscheringer: The ticket has been re-opened
04/30/2020 13:32 : BHOPB\jscheringer : Technician : The ticket has been closed
04/30/2020 13:32 : BHOPB\jscheringer : Technician : reviewed and within scope
04/25/2020 00:00 : BHOPB\jscheringer : Technician : BHOPB\jscheringer: The ticket has been re-opened
03/31/2020 12:55 : BHOPB\jscheringer : Technician : The ticket has been closed
03/31/2020 12:55 : BHOPB\jscheringer : Technician : reviewed and within scope
03/25/2020 00:00 : BHOPB\jscheringer : Technician : BHOPB\jscheringer: The ticket has been re-opened
03/25/2020 00:00 : BHOPB\jscheringer : Technician : BHOPB\jscheringer: The ticket has been re-opened
02/25/2020 17:28 : BHOPB\jscheringer : Technician : The ticket has been closed
02/25/2020 17:28 : BHOPB\jscheringer : Technician : reviewed and within scope
02/25/2020 00:00 : BHOPB\jscheringer : Technician : BHOPB\jscheringer: The ticket has been re-opened
01/27/2020 11:29 : BHOPB\jscheringer : Technician : The ticket has been closed
01/27/2020 11:29 : BHOPB\jscheringer : Technician : reviewed and within scope
01/25/2020 00:00 : BHOPB\jscheringer : Technician : BHOPB\jscheringer: The ticket has been re-opened
01/06/2020 12:29 : BHOPB\jscheringer : Technician : The ticket has been closed
01/06/2020 12:29 : BHOPB\jscheringer : Technician : reviewed and within scope
12/25/2019 00:00 : BHOPB\jscheringer : Technician : BHOPB\jscheringer: The ticket has been re-opened
11/25/2019 13:33 : BHOPB\jscheringer : Technician : The ticket has been closed
11/25/2019 13:33 : BHOPB\jscheringer : Technician : reviewed and within scope
11/25/2019 00:00 : BHOPB\jscheringer : Technician : BHOPB\jscheringer: The ticket has been re-opened
11/01/2019 15:04 : BHOPB\jscheringer : Technician : The ticket has been closed
11/01/2019 15:04 : BHOPB\jscheringer : Technician : checked and within scope
10/25/2019 00:00 : BHOPB\jscheringer : Technician : BHOPB\jscheringer: The ticket has been re-opened
09/25/2019 16:54 : BHOPB\jscheringer : Technician : The ticket has been closed
09/25/2019 16:54 : BHOPB\jscheringer : Technician : reviewed and within scope
09/25/2019 00:00 : BHOPB\jscheringer : Technician : BHOPB\jscheringer: The ticket has been re-opened
08/26/2019 15:58 : BHOPB\jscheringer : Technician : The ticket has been closed
08/26/2019 15:58 : BHOPB\jscheringer : Technician : reviewed and within scope
08/25/2019 00:00 : BHOPB\jscheringer : Technician : BHOPB\jscheringer: The ticket has been re-opened
07/25/2019 16:10 : BHOPB\jscheringer : Technician : The ticket has been closed
07/25/2019 16:10 : BHOPB\jscheringer : Technician : reviewed and within scope
07/25/2019 00:07 : BHOPB\jscheringer : Technician : BHOPB\jscheringer: The ticket has been re-opened
06/25/2019 16:30 : BHOPB\jscheringer : Technician : The ticket has been closed
06/25/2019 16:30 : BHOPB\jscheringer : Technician : Edited the ticket
06/25/2019 16:30 : BHOPB\jscheringer : Technician : reviewed and within scope. changed bhdc to dc1 going forward
06/25/2019 00:24 : BHOPB\jscheringer : Technician : BHOPB\jscheringer: The ticket has been re-opened
05/29/2019 14:52 : BHOPB\jscheringer : Technician : The ticket has been closed
05/29/2019 14:51 : BHOPB\jscheringer : Technician : reviewed and within scope
05/25/2019 00:25 : BHOPB\jscheringer : Technician : BHOPB\jscheringer: The ticket has been re-opened
04/25/2019 13:04 : BHOPB\jscheringer : Technician : The ticket has been closed
04/25/2019 13:04 : BHOPB\jscheringer : Technician : reviewed and within scope
04/25/2019 00:00 : BHOPB\jscheringer : Technician : BHOPB\jscheringer: The ticket has been re-opened
03/27/2019 11:11 : BHOPB\jscheringer : Technician : The ticket has been closed
03/27/2019 11:11 : BHOPB\jscheringer : Technician : reviewed and within scope
03/25/2019 00:12 : BHOPB\jscheringer : Technician : BHOPB\jscheringer: The ticket has been re-opened
02/25/2019 12:07 : BHOPB\jscheringer : Technician : The ticket has been closed
02/25/2019 12:07 : BHOPB\jscheringer : Technician : reviewed and within scope
02/25/2019 00:24 : BHOPB\jscheringer : Technician : BHOPB\jscheringer: The ticket has been re-opened
01/28/2019 12:58 : BHOPB\jscheringer : Technician : The ticket has been closed
01/28/2019 12:58 : BHOPB\jscheringer : Technician : reviewed and within scope
01/25/2019 00:24 : BHOPB\jscheringer : Technician : BHOPB\jscheringer: The ticket has been re-opened
01/07/2019 11:17 : BHOPB\jscheringer : Technician : The ticket has been closed
01/07/2019 11:17 : BHOPB\jscheringer : Technician : reviewed and within scope
12/25/2018 00:23 : BHOPB\jscheringer : Technician : BHOPB\jscheringer: The ticket has been re-opened
11/26/2018 15:17 : BHOPB\jscheringer : Technician : The ticket has been closed
11/26/2018 15:17 : BHOPB\jscheringer : Technician : reviewed and within scope
11/25/2018 00:21 : BHOPB\jscheringer : Technician : BHOPB\jscheringer: The ticket has been re-opened
10/26/2018 16:06 : BHOPB\jscheringer : Technician : The ticket has been closed
10/26/2018 16:06 : BHOPB\jscheringer : Technician : reviewed and within scope
10/25/2018 00:23 : BHOPB\jscheringer : Technician : BHOPB\jscheringer: The ticket has been re-opened
09/26/2018 12:22 : BHOPB\jscheringer : Technician : The ticket has been closed
09/26/2018 12:22 : BHOPB\jscheringer : Technician : reviewed and within scope
09/25/2018 00:23 : BHOPB\jscheringer : Technician : BHOPB\jscheringer: The ticket has been re-opened
08/27/2018 10:43 : BHOPB\jscheringer : Technician : The ticket has been closed
08/27/2018 10:43 : BHOPB\jscheringer : Technician : reviewed and within scope
08/25/2018 00:05 : BHOPB\jscheringer : Technician : BHOPB\jscheringer: The ticket has been re-opened
07/25/2018 15:06 : BHOPB\jscheringer : Technician : The ticket has been closed
07/25/2018 15:06 : BHOPB\jscheringer : Technician : reviewed and within scope
07/25/2018 00:01 : BHOPB\jscheringer : Technician : BHOPB\jscheringer: The ticket has been re-opened
06/25/2018 12:03 : BHOPB\jscheringer : Technician : The ticket has been closed
06/25/2018 12:03 : BHOPB\jscheringer : Technician : reviewed and within scope
06/25/2018 00:03 : BHOPB\jscheringer : Technician : BHOPB\jscheringer: The ticket has been re-opened
06/01/2018 16:22 : BHOPB\jscheringer : Technician : The ticket has been closed
06/01/2018 16:22 : BHOPB\jscheringer : Technician : reviewed and within scope
05/25/2018 00:11 : BHOPB\jscheringer : Technician : BHOPB\jscheringer: The ticket has been re-opened
05/03/2018 10:20 : BHOPB\jscheringer : Technician : The ticket has been closed
05/03/2018 10:20 : BHOPB\jscheringer : Technician : reviewed and within scope
04/25/2018 00:09 : BHOPB\jscheringer : Technician : BHOPB\jscheringer: The ticket has been re-opened
03/26/2018 10:47 : BHOPB\jscheringer : Technician : The ticket has been closed
03/26/2018 10:47 : BHOPB\jscheringer : Technician : reviewed and within scope
03/25/2018 00:18 : BHOPB\jscheringer : Technician : BHOPB\jscheringer: The ticket has been re-opened
02/26/2018 09:50 : BHOPB\jscheringer : Technician : The ticket has been closed
02/26/2018 09:50 : BHOPB\jscheringer : Technician : reviewed and within scope
02/25/2018 00:16 : BHOPB\jscheringer : Technician : BHOPB\jscheringer: The ticket has been re-opened
01/25/2018 10:18 : BHOPB\jscheringer : Technician : The ticket has been closed
01/25/2018 10:18 : BHOPB\jscheringer : Technician : reviewed and within scope
01/25/2018 00:10 : BHOPB\jscheringer : Technician : BHOPB\jscheringer: The ticket has been re-opened
01/04/2018 15:11 : BHOPB\jscheringer : Technician : The ticket has been closed
01/04/2018 15:11 : BHOPB\jscheringer : Technician : reviewed and within scope
12/25/2017 00:40 : BHOPB\jscheringer : Technician : BHOPB\jscheringer: The ticket has been re-opened
11/27/2017 15:11 : BHOPB\jscheringer : Technician : The ticket has been closed
11/27/2017 15:11 : BHOPB\jscheringer : Technician : [color=rgb(34, 34, 34)][font=sans-serif]reviewed and within scope[/font][/color]
11/25/2017 00:08 : BHOPB\jscheringer : Technician : BHOPB\jscheringer: The ticket has been re-opened
10/25/2017 11:02 : BHOPB\jscheringer : Technician : The ticket has been closed
10/25/2017 11:02 : BHOPB\jscheringer : Technician : reviewed and within scope
10/25/2017 00:46 : BHOPB\jscheringer : Technician : BHOPB\jscheringer: The ticket has been re-opened
09/25/2017 14:50 : BHOPB\jscheringer : Technician : The ticket has been closed
09/25/2017 14:50 : BHOPB\jscheringer : Technician : reviewed and within scope
09/25/2017 00:12 : BHOPB\jscheringer : Technician : BHOPB\jscheringer: The ticket has been re-opened
08/30/2017 12:32 : BHOPB\jscheringer : Technician : The ticket has been closed
08/30/2017 12:32 : BHOPB\jscheringer : Technician : reviewed and within scope
08/25/2017 00:45 : BHOPB\jscheringer : Technician : BHOPB\jscheringer: The ticket has been re-opened
08/01/2017 15:19 : BHOPB\jscheringer : Technician : The ticket has been closed
08/01/2017 15:19 : BHOPB\jscheringer : Technician : reviewed and within scope
07/25/2017 00:33 : BHOPB\jscheringer : Technician : BHOPB\jscheringer: The ticket has been re-opened
07/03/2017 14:27 : BHOPB\jscheringer : Technician : The ticket has been closed
07/03/2017 14:27 : BHOPB\jscheringer : Technician : reviewed and within scope
06/25/2017 07:50 : BHOPB\jscheringer : Technician : BHOPB\jscheringer: The ticket has been re-opened
05/25/2017 16:11 : BHOPB\jscheringer : Technician : The ticket has been closed
05/25/2017 16:11 : BHOPB\jscheringer : Technician : reviewed and within scope
05/25/2017 07:43 : BHOPB\jscheringer : Technician : BHOPB\jscheringer: The ticket has been re-opened
04/25/2017 11:47 : BHOPB\jscheringer : Technician : The ticket has been closed
04/25/2017 11:47 : BHOPB\jscheringer : Technician : reviewed and within scope
04/25/2017 00:51 : BHOPB\jscheringer : Technician : BHOPB\jscheringer: The ticket has been re-opened
03/27/2017 16:43 : BHOPB\jscheringer : Technician : The ticket has been closed
03/27/2017 16:43 : BHOPB\jscheringer : Technician : reviewed and within scope
03/25/2017 00:33 : BHOPB\jscheringer : Technician : BHOPB\jscheringer: The ticket has been re-opened
02/27/2017 16:02 : BHOPB\jscheringer : Technician : The ticket has been closed
02/27/2017 16:02 : BHOPB\jscheringer : Technician : reviewed and within scope
02/25/2017 00:33 : BHOPB\jscheringer : Technician : BHOPB\jscheringer: The ticket has been re-opened
01/25/2017 11:49 : BHOPB\jscheringer : Technician : The ticket has been closed
01/25/2017 11:49 : BHOPB\jscheringer : Technician : [color=rgb(34, 34, 34)][font=sans-serif]reviewed and within scope[/font][/color]
01/25/2017 00:54 : BHOPB\jscheringer : Technician : BHOPB\jscheringer: The ticket has been re-opened
01/05/2017 10:57 : BHOPB\jscheringer : Technician : The ticket has been closed
01/05/2017 10:57 : BHOPB\jscheringer : Technician : reviewed and within scope
12/25/2016 00:19 : BHOPB\jscheringer : Technician : BHOPB\jscheringer: The ticket has been re-opened
11/28/2016 17:16 : BHOPB\jscheringer : Technician : The ticket has been closed
11/28/2016 17:16 : BHOPB\jscheringer : Technician : reviewed and within scope
11/25/2016 08:00 : BHOPB\jscheringer : Technician : BHOPB\jscheringer: The ticket has been re-opened
10/26/2016 15:41 : BHOPB\jscheringer : Technician : The ticket has been closed
10/26/2016 15:41 : BHOPB\jscheringer : Technician : reviewed and within scope
10/25/2016 00:30 : BHOPB\jscheringer : Technician : BHOPB\jscheringer: The ticket has been re-opened
04/25/2016 13:03 : BHOPB\jscheringer : Technician : The ticket has been closed
04/25/2016 13:03 : BHOPB\jscheringer : Technician : The ticket has been taken
04/25/2016 13:03 : BHOPB\jscheringer : Technician : Reviewed and within scope
04/25/2016 12:42 : BHOPB\jscheringer : Technician : The ticket has been assigned to technician: Jared Scheringer
04/25/2016 12:42 : BHOPB\jscheringer : Technician : New ticket submitted"
"
📊 Total Tickets Parsed: 178
📊 Processing 178 open tickets, 0 closed yesterday
🔍 DEBUG: Starting analysis methods...
🔍 DEBUG: Running generateDailyOverview...
🔍 DEBUG: generateDailyOverview completed
🔍 DEBUG: Running identify72HourNoResponse...
🔍 DEBUG: Checking 178 open tickets for no-response alerts
🔍 DEBUG Ticket #135036: 2 days old, Tech Response: YES
🔍 DEBUG Ticket #135036 comments: 08/25/2025 07:15 : SQLalerts@banyancenters.com : Non-Technician : New ticket submitted via
Email...
🔍 DEBUG Ticket #135034: 2 days old, Tech Response: YES
🔍 DEBUG Ticket #135034 comments: 08/25/2025 05:59 : BHOPB\rmoll : Technician : The ticket has been assigned to technician: Adnan Tamboli
08/25/2025 05:05 : SQLalerts@banyancenters.com : Non-Technician : New ticket submitted via
Email...
🔍 DEBUG Ticket #135032: 2 days old, Tech Response: YES
🔍 DEBUG Ticket #135032 comments: 08/25/2025 00:00 : BHOPB\jscheringer : Technician : New ticket submitted via
Scheduler
The ticket has been assigned to technician: bhopb\dhruv.sharma...
🔍 DEBUG Ticket #135030: 2 days old, Tech Response: YES
🔍 DEBUG Ticket #135030 comments: 08/25/2025 04:12 : BHOPB\rmoll : Technician : The ticket has been assigned to technician: Love Shah
08/24/2025 21:34 : cheryl.pfeffer@banyancenters.com : Non-Technician : New ticket submitted via
Emai...
🔍 DEBUG Ticket #135028: 2 days old, Tech Response: YES
🔍 DEBUG Ticket #135028 comments: 08/25/2025 04:12 : BHOPB\rmoll : Technician : The ticket has been assigned to technician: Adnan Tamboli
08/24/2025 16:45 : ebony.white@banyancenters.com : Non-Technician : New ticket submitted via
Ema...
🚨 ALERT: Ticket #134990 has no tech response for 3 days
🚨 ALERT: Ticket #134988 has no tech response for 3 days
🚨 ALERT: Ticket #134983 has no tech response for 3 days
🚨 ALERT: Ticket #134967 has no tech response for 3 days
🚨 ALERT: Ticket #134960 has no tech response for 3 days
🚨 ALERT: Ticket #134947 has no tech response for 3 days
🚨 ALERT: Ticket #134929 has no tech response for 4 days
🚨 ALERT: Ticket #134916 has no tech response for 4 days
🚨 ALERT: Ticket #134912 has no tech response for 4 days
🚨 ALERT: Ticket #134910 has no tech response for 4 days
🚨 ALERT: Ticket #134903 has no tech response for 4 days
🚨 ALERT: Ticket #134902 has no tech response for 4 days
🚨 ALERT: Ticket #134901 has no tech response for 4 days
🚨 ALERT: Ticket #134893 has no tech response for 4 days
🚨 ALERT: Ticket #134891 has no tech response for 4 days
🚨 ALERT: Ticket #134886 has no tech response for 4 days
🚨 ALERT: Ticket #134884 has no tech response for 4 days
🚨 ALERT: Ticket #134874 has no tech response for 5 days
🚨 ALERT: Ticket #134867 has no tech response for 5 days
🚨 ALERT: Ticket #134866 has no tech response for 5 days
🚨 ALERT: Ticket #134862 has no tech response for 5 days
🚨 ALERT: Ticket #134856 has no tech response for 5 days
🚨 ALERT: Ticket #134842 has no tech response for 5 days
🚨 ALERT: Ticket #134841 has no tech response for 5 days
🚨 ALERT: Ticket #134832 has no tech response for 5 days
🚨 ALERT: Ticket #134819 has no tech response for 5 days
🚨 ALERT: Ticket #134818 has no tech response for 5 days
🚨 ALERT: Ticket #134816 has no tech response for 5 days
🚨 ALERT: Ticket #134811 has no tech response for 5 days
🚨 ALERT: Ticket #134786 has no tech response for 6 days
🚨 ALERT: Ticket #134782 has no tech response for 6 days
🚨 ALERT: Ticket #134773 has no tech response for 6 days
🚨 ALERT: Ticket #134771 has no tech response for 6 days
🚨 ALERT: Ticket #134770 has no tech response for 6 days
🚨 ALERT: Ticket #134769 has no tech response for 6 days
🚨 ALERT: Ticket #134762 has no tech response for 6 days
🚨 ALERT: Ticket #134749 has no tech response for 6 days
🚨 ALERT: Ticket #134739 has no tech response for 6 days
🚨 ALERT: Ticket #134734 has no tech response for 6 days
🚨 ALERT: Ticket #134733 has no tech response for 6 days
🚨 ALERT: Ticket #134721 has no tech response for 7 days
🚨 ALERT: Ticket #134715 has no tech response for 7 days
🚨 ALERT: Ticket #134689 has no tech response for 7 days
🚨 ALERT: Ticket #134686 has no tech response for 7 days
🚨 ALERT: Ticket #134673 has no tech response for 7 days
🚨 ALERT: Ticket #134669 has no tech response for 7 days
🚨 ALERT: Ticket #134659 has no tech response for 7 days
🚨 ALERT: Ticket #134657 has no tech response for 7 days
🚨 ALERT: Ticket #134656 has no tech response for 7 days
🚨 ALERT: Ticket #134644 has no tech response for 7 days
🚨 ALERT: Ticket #134643 has no tech response for 7 days
🚨 ALERT: Ticket #134621 has no tech response for 8 days
🚨 ALERT: Ticket #134617 has no tech response for 8 days
🚨 ALERT: Ticket #134604 has no tech response for 8 days
🚨 ALERT: Ticket #134601 has no tech response for 8 days
🚨 ALERT: Ticket #134593 has no tech response for 8 days
🚨 ALERT: Ticket #134590 has no tech response for 8 days
🚨 ALERT: Ticket #134588 has no tech response for 8 days
🚨 ALERT: Ticket #134582 has no tech response for 8 days
🚨 ALERT: Ticket #134575 has no tech response for 8 days
🚨 ALERT: Ticket #134571 has no tech response for 9 days
🚨 ALERT: Ticket #134567 has no tech response for 9 days
🚨 ALERT: Ticket #134562 has no tech response for 9 days
🚨 ALERT: Ticket #134558 has no tech response for 9 days
🚨 ALERT: Ticket #134553 has no tech response for 9 days
🚨 ALERT: Ticket #134538 has no tech response for 9 days
🚨 ALERT: Ticket #134533 has no tech response for 9 days
🚨 ALERT: Ticket #134510 has no tech response for 9 days
🚨 ALERT: Ticket #134473 has no tech response for 10 days
🚨 ALERT: Ticket #134469 has no tech response for 10 days
🚨 ALERT: Ticket #134458 has no tech response for 10 days
🚨 ALERT: Ticket #134452 has no tech response for 10 days
🚨 ALERT: Ticket #134440 has no tech response for 10 days
🚨 ALERT: Ticket #134434 has no tech response for 10 days
🚨 ALERT: Ticket #134429 has no tech response for 10 days
🚨 ALERT: Ticket #134386 has no tech response for 11 days
🚨 ALERT: Ticket #134381 has no tech response for 11 days
🚨 ALERT: Ticket #134336 has no tech response for 11 days
🚨 ALERT: Ticket #134322 has no tech response for 11 days
🚨 ALERT: Ticket #134281 has no tech response for 12 days
🚨 ALERT: Ticket #134280 has no tech response for 12 days
🚨 ALERT: Ticket #134254 has no tech response for 12 days
🚨 ALERT: Ticket #134243 has no tech response for 12 days
🚨 ALERT: Ticket #134238 has no tech response for 12 days
🚨 ALERT: Ticket #134195 has no tech response for 13 days
🚨 ALERT: Ticket #134189 has no tech response for 13 days
🚨 ALERT: Ticket #134135 has no tech response for 14 days
🚨 ALERT: Ticket #134129 has no tech response for 14 days
🚨 ALERT: Ticket #134126 has no tech response for 14 days
🚨 ALERT: Ticket #134124 has no tech response for 14 days
🚨 ALERT: Ticket #134120 has no tech response for 14 days
🚨 ALERT: Ticket #134105 has no tech response for 14 days
🚨 ALERT: Ticket #134075 has no tech response for 14 days
🚨 ALERT: Ticket #133997 has no tech response for 15 days
🚨 ALERT: Ticket #133993 has no tech response for 15 days
🚨 ALERT: Ticket #133992 has no tech response for 15 days
🚨 ALERT: Ticket #133924 has no tech response for 16 days
🚨 ALERT: Ticket #133921 has no tech response for 16 days
🚨 ALERT: Ticket #133911 has no tech response for 17 days
🚨 ALERT: Ticket #133839 has no tech response for 17 days
🚨 ALERT: Ticket #133743 has no tech response for 18 days
🚨 ALERT: Ticket #133686 has no tech response for 19 days
🚨 ALERT: Ticket #133622 has no tech response for 20 days
🚨 ALERT: Ticket #133586 has no tech response for 20 days
🚨 ALERT: Ticket #133423 has no tech response for 22 days
🚨 ALERT: Ticket #133371 has no tech response for 23 days
🚨 ALERT: Ticket #133367 has no tech response for 23 days
🚨 ALERT: Ticket #133332 has no tech response for 24 days
🚨 ALERT: Ticket #133330 has no tech response for 24 days
🚨 ALERT: Ticket #133319 has no tech response for 24 days
🚨 ALERT: Ticket #133242 has no tech response for 25 days
🚨 ALERT: Ticket #133171 has no tech response for 26 days
🚨 ALERT: Ticket #133089 has no tech response for 27 days
🚨 ALERT: Ticket #133084 has no tech response for 27 days
🚨 ALERT: Ticket #133080 has no tech response for 27 days
🚨 ALERT: Ticket #133029 has no tech response for 27 days
🚨 ALERT: Ticket #133026 has no tech response for 27 days
🚨 ALERT: Ticket #132993 has no tech response for 28 days
🚨 ALERT: Ticket #132987 has no tech response for 28 days
🚨 ALERT: Ticket #132930 has no tech response for 29 days
🚨 ALERT: Ticket #132685 has no tech response for 32 days
🚨 ALERT: Ticket #132611 has no tech response for 32 days
🚨 ALERT: Ticket #132499 has no tech response for 34 days
🚨 ALERT: Ticket #132487 has no tech response for 34 days
🚨 ALERT: Ticket #132404 has no tech response for 35 days
🚨 ALERT: Ticket #132159 has no tech response for 37 days
🚨 ALERT: Ticket #131943 has no tech response for 40 days
🚨 ALERT: Ticket #131940 has no tech response for 40 days
🚨 ALERT: Ticket #131601 has no tech response for 43 days
🚨 ALERT: Ticket #131533 has no tech response for 44 days
🚨 ALERT: Ticket #131465 has no tech response for 45 days
🚨 ALERT: Ticket #131386 has no tech response for 46 days
🚨 ALERT: Ticket #131192 has no tech response for 48 days
🚨 ALERT: Ticket #130970 has no tech response for 51 days
🚨 ALERT: Ticket #130951 has no tech response for 51 days
🚨 ALERT: Ticket #130511 has no tech response for 55 days
🚨 ALERT: Ticket #130118 has no tech response for 59 days
🚨 ALERT: Ticket #129971 has no tech response for 61 days
🚨 ALERT: Ticket #129823 has no tech response for 62 days
🚨 ALERT: Ticket #129624 has no tech response for 65 days
🚨 ALERT: Ticket #129546 has no tech response for 66 days
🚨 ALERT: Ticket #129409 has no tech response for 68 days
🚨 ALERT: Ticket #128498 has no tech response for 77 days
🚨 ALERT: Ticket #127958 has no tech response for 84 days
🚨 ALERT: Ticket #127907 has no tech response for 85 days
🚨 ALERT: Ticket #127687 has no tech response for 88 days
🚨 ALERT: Ticket #127136 has no tech response for 95 days
🚨 ALERT: Ticket #126897 has no tech response for 98 days
🚨 ALERT: Ticket #125895 has no tech response for 111 days
🚨 ALERT: Ticket #125035 has no tech response for 124 days
🚨 ALERT: Ticket #124134 has no tech response for 134 days
🚨 ALERT: Ticket #123693 has no tech response for 139 days
🚨 ALERT: Ticket #122735 has no tech response for 152 days
🚨 ALERT: Ticket #117772 has no tech response for 225 days
🚨 ALERT: Ticket #19128 has no tech response for 2435 days
🔍 DEBUG: Found 155 no-response alerts
🔍 DEBUG: identify72HourNoResponse completed
🔍 DEBUG: Running evaluateStuckTickets...
🔍 DEBUG: evaluateStuckTickets completed
🔍 DEBUG: Running analyzeClosedTickets...
🔍 DEBUG: analyzeClosedTickets completed
✅ Daily Intelligence Engine completed successfully

📊 EXECUTIVE SUMMARY:
========================
📁 File: Ticket_Data_2025-08-22.csv
📏 CSV Size: 515573 characters
🎫 Total Tickets Parsed: 178
🟢 Open Tickets Found: 178
🔴 Closed Yesterday: 0

📈 DAILY OVERVIEW:
   Total Open: 178
   Unassigned: 1
   New Today: 0
   High Priority: 11

📋 STATUS BREAKDOWN:
   New: 44
   In progress: 109
   Awaiting Customer Response: 11
   Shipped-Pending Delivery: 7
   Scheduled: 5
   Approved by Leadership: 2

👥 TECHNICIAN WORKLOAD:
   bhopb\adnan.tamboli: 8
   bhopb\dhruv.sharma: 5
   bhopb\love.shah: 4
   BHOPB\carlos.rios: 11
   BHOPB\rmoll: 14
   bhopb\rvoyer: 4
   bhopb\kpunch: 17
   BHOPB\jean.pierre: 10
   BHOPB\dmui: 32
   BHOPB\cgillett: 10
   BHOPB\jscheringer: 21
   bhopb\brittany.obrien: 18
   bhopb\cbowra: 16
   BHOPB\ishwar.gujjarwar: 2
   bhopb\cweyer: 3
   BHOPB\jhouchin: 2

🚨 ALERTS:
   No Response (72+ hrs): 155
   Stuck Tickets (14+ days): 70

💾 Full results saved to: C:\Users\jeffh\helpdesk-ticketing-report\test-results.json
